04-23 13:24:25.857 14644 27292 I NetworkScheduler.Stats: (REDACTED) Task %s/%s finished executing. cause:%s result: %s elapsed_millis: %s uptime_millis: %s exec_start_elapsed_seconds: %s
04-23 13:24:25.858 15111 15111 D BoundBrokerSvc: onUnbind: Intent { act=com.google.android.gms.notifications.registration.service.NotificationsRegistrationTaskBoundService.ACTION_TASK_READY dat=chimera-action:/... cmp=com.google.android.gms/.chimera.GmsInternalBoundBrokerService }
04-23 13:24:25.865 13942 13957 D AlarmManagerService: set alarm to kernel: 96392.796000000, type=2 
04-23 13:24:25.866 13942 13957 D AlarmManagerService: set alarm to kernel: 96052.464000000, type=3 
04-23 13:24:25.868 13942 13957 V AlarmManager: set(PendingIntent{a409ac4: PendingIntentRecord{19d91ce com.google.android.gms/com.google.android.gms.scheduler broadcastIntent}}) : type=3 listener=null listenerTag=null workSource=WorkSource{10113 com.google.android.gms} callingPackage=com.google.android.gms callingUid=10113 triggerAtTime=96989094 win=720083 tElapsed=96989094 maxElapsed=97709177 interval=0 flags=0x0
04-23 13:24:25.868 13942 13957 D AlarmManagerService: set alarm to kernel: 96392.796000000, type=2 
04-23 13:24:25.868 13942 13957 D AlarmManagerService: set alarm to kernel: 96052.464000000, type=3 
04-23 13:24:25.922   904  1281 D SensorHub: SPRD[726]processTypeEvent::DBG_VERBOSE[Accelerometer Sensor] bias_x=[0.966617] bias_y=[1.757067] bias_z=[9.520491]
04-23 13:24:26.040 13942 13942 D ApplicationPackageManager: hasSystemFeature:name=android.software.telecom version=0 getOpPackageName=android hasSystemFeature=true
04-23 13:24:26.079 15111 27279 D TrafficStats: tagSocket(100) with statsTag=0x34004100, statsUid=10113
04-23 13:24:26.105   904  1281 D SensorHub: SPRD[734]processTypeEvent::DBG_VERBOSE[Light Sensor] lux = [1094.634888]
04-23 13:24:26.125 15111 27279 W Conscrypt: Could not set socket write timeout: java.net.SocketException: Socket closed
04-23 13:24:26.126 15111 27279 W Conscrypt: 	at com.google.android.gms.org.conscrypt.Platform.setSocketWriteTimeout(:com.google.android.gms@251434062@25.14.34 (200400-748828228):204)
04-23 13:24:26.126 15111 27279 W Conscrypt: 	at com.google.android.gms.org.conscrypt.ConscryptFileDescriptorSocket.setSoWriteTimeout(:com.google.android.gms@251434062@25.14.34 (200400-748828228):4)
04-23 13:24:26.163   904  1281 D SensorHub: SPRD[726]processTypeEvent::DBG_VERBOSE[Accelerometer Sensor] bias_x=[0.966617] bias_y=[1.737926] bias_z=[9.501349]
04-23 13:24:26.210   897   897 I DPUModule: DpuR5P0::checkLayerFormat <142>: checkLayerFormat: Format(1)
04-23 13:24:26.210   897   897 I DPUModule: DpuR5P0::checkTransform <35>: checkTransform: Transform(0), SRCRect(0,0)
04-23 13:24:26.210   897   897 I DPUModule: DpuR5P0::checkAFBCBlockSize <97>: checkAFBCBlockSize: compressed(1),format(1), pitch(720), vstride(1600)
04-23 13:24:26.210   897   897 I DPUModule: DpuR5P0::checkLayerFormat <142>: checkLayerFormat: Format(1)
04-23 13:24:26.210   897   897 I DPUModule: DpuR5P0::checkTransform <35>: checkTransform: Transform(0), SRCRect(0,0)
04-23 13:24:26.210   897   897 I DPUModule: DpuR5P0::checkAFBCBlockSize <97>: checkAFBCBlockSize: compressed(1),format(1), pitch(720), vstride(48)
04-23 13:24:26.210   897   897 I DPUModule: DpuR5P0::checkLayerFormat <142>: checkLayerFormat: Format(1)
04-23 13:24:26.210   897   897 I DPUModule: DpuR5P0::checkTransform <35>: checkTransform: Transform(0), SRCRect(0,0)
04-23 13:24:26.210   897   897 I DPUModule: DpuR5P0::checkAFBCBlockSize <97>: checkAFBCBlockSize: compressed(1),format(1), pitch(720), vstride(96)
04-23 13:24:26.210   897   897 I DPUModule: DpuR5P0::checkLayerFormat <142>: checkLayerFormat: Format(1)
04-23 13:24:26.210   897   897 I DPUModule: DpuR5P0::checkTransform <35>: checkTransform: Transform(0), SRCRect(0,0)
04-23 13:24:26.210   897   897 I DPUModule: DpuR5P0::checkAFBCBlockSize <97>: checkAFBCBlockSize: compressed(1),format(1), pitch(720), vstride(48)
04-23 13:24:26.210   897   897 I DPUModule: DpuR5P0::checkLayerFormat <142>: checkLayerFormat: Format(1)
04-23 13:24:26.210   897   897 I DPUModule: DpuR5P0::checkTransform <35>: checkTransform: Transform(0), SRCRect(0,0)
04-23 13:24:26.210   897   897 I DPUModule: DpuR5P0::checkAFBCBlockSize <97>: checkAFBCBlockSize: compressed(1),format(1), pitch(720), vstride(48)
04-23 13:24:26.210   897   897 D DPUModule: [] support: 0
04-23 13:24:26.237 15111 27279 W Conscrypt: Could not set socket write timeout: java.net.SocketException: Socket closed
04-23 13:24:26.237 15111 27279 W Conscrypt: 	at com.google.android.gms.org.conscrypt.Platform.setSocketWriteTimeout(:com.google.android.gms@251434062@25.14.34 (200400-748828228):204)
04-23 13:24:26.237 15111 27279 W Conscrypt: 	at com.google.android.gms.org.conscrypt.ConscryptFileDescriptorSocket.setSoWriteTimeout(:com.google.android.gms@251434062@25.14.34 (200400-748828228):4)
04-23 13:24:26.253 13942 13942 W binder:13942_F: type=1400 audit(0.0:27416): avc: denied { getopt } for scontext=u:r:system_server:s0 tcontext=u:r:shell:s0 tclass=unix_stream_socket permissive=0
04-23 13:24:26.275   895   924 I mali_gralloc: allocate: id=37f000020a8, hal_format=RGBA8888, mali_format=RGBA8888, afbc=false, usage=GPU_R, size=42x42(8064), stride=48, name=AHardwareBuffer pid [14211]
04-23 13:24:26.281 14211 14445 I mali_gralloc: register: id=0x37f000020a8, importpid=-1
04-23 13:24:26.289 13942 14027 D PackageInstallerSession: Boost from sessionCommit!
04-23 13:24:26.303   911   911 D PowerHAL: ###Enter interaction_launch scene bgn###
04-23 13:24:26.303   911   911 D PowerHAL: Enter common_set: enable:1, duration: 0, /sys/devices/system/cpu/cpufreq/policy0/scaling_min_freq: 1820000
04-23 13:24:26.304   911   911 D PowerHAL: Enter common_set: enable:1, duration: 0, /sys/devices/system/cpu/cpufreq/policy0/scaling_max_freq: 1820000
04-23 13:24:26.304   911   911 D PowerHAL: Enter common_set: enable:1, duration: 0, /sys/devices/system/cpu/cpufreq/policy6/scaling_min_freq: 2028000
04-23 13:24:26.304   911   911 D PowerHAL: Enter common_set: enable:1, duration: 0, /sys/devices/system/cpu/cpufreq/policy6/scaling_max_freq: 2028000
04-23 13:24:26.304   911   911 D PowerHAL: Enter devfreq_ddr_set: enable:1, duration: 0, /sys/class/devfreq/scene-frequency/sprd-governor/scene_boost_dfs: max
04-23 13:24:26.304   911   911 D PowerHAL: ###Enter interaction_launch scene end###
04-23 13:24:26.326   895   924 I mali_gralloc: allocate: id=37f000020a9, hal_format=RGBA8888, mali_format=RGBA8888, afbc=false, usage=GPU_R, size=42x42(8064), stride=48, name=AHardwareBuffer pid [14211]
04-23 13:24:26.326 14211 14445 I mali_gralloc: register: id=0x37f000020a9, importpid=-1
04-23 13:24:26.405   904  1281 D SensorHub: SPRD[726]processTypeEvent::DBG_VERBOSE[Accelerometer Sensor] bias_x=[0.985758] bias_y=[1.737926] bias_z=[9.539631]
04-23 13:24:26.416 13942 13975 E UnisocWatchdog: WDT_Monitor: writeWDTMonitor duration=50,shutdowning=false
04-23 13:24:26.417 13942 13975 E UnisocWatchdog: UnisocWatchdogImpl sendMessage:0
04-23 13:24:26.417 13942 14028 E UnisocWatchdog: UNISOCWATCHDOG_MESSAGE_TIMER30 trigger
04-23 13:24:26.426   904  1281 D SensorHub: SPRD[734]processTypeEvent::DBG_VERBOSE[Light Sensor] lux = [1091.721680]
04-23 13:24:26.445   895   924 I mali_gralloc: allocate: id=37f000020aa, hal_format=RGBA8888, mali_format=RGBA8888, afbc=false, usage=GPU_R, size=42x42(8064), stride=48, name=AHardwareBuffer pid [14211]
04-23 13:24:26.445 14211 14445 I mali_gralloc: register: id=0x37f000020aa, importpid=-1
04-23 13:24:26.447   895   924 I mali_gralloc: allocate: id=37f000020ab, hal_format=RGBA8888, mali_format=RGBA8888, afbc=false, usage=GPU_R, size=42x42(8064), stride=48, name=AHardwareBuffer pid [14211]
04-23 13:24:26.448 14211 14445 I mali_gralloc: register: id=0x37f000020ab, importpid=-1
04-23 13:24:26.606   904  1281 D SensorHub: SPRD[726]processTypeEvent::DBG_VERBOSE[Accelerometer Sensor] bias_x=[0.928335] bias_y=[1.795349] bias_z=[9.539631]
04-23 13:24:26.652 14211 14211 D WifiSignalController: connected : true, level : 4, isDefault : true, inetCondition : 1, statusLabel : null
04-23 13:24:26.676   897   897 I DPUModule: DpuR5P0::checkLayerFormat <142>: checkLayerFormat: Format(1)
04-23 13:24:26.676   897   897 I DPUModule: DpuR5P0::checkTransform <35>: checkTransform: Transform(0), SRCRect(0,0)
04-23 13:24:26.676   897   897 I DPUModule: DpuR5P0::checkAFBCBlockSize <97>: checkAFBCBlockSize: compressed(1),format(1), pitch(720), vstride(1600)
04-23 13:24:26.676   897   897 I DPUModule: DpuR5P0::checkLayerFormat <142>: checkLayerFormat: Format(1)
04-23 13:24:26.676   897   897 I DPUModule: DpuR5P0::checkTransform <35>: checkTransform: Transform(0), SRCRect(0,0)
04-23 13:24:26.676   897   897 I DPUModule: DpuR5P0::checkAFBCBlockSize <97>: checkAFBCBlockSize: compressed(1),format(1), pitch(720), vstride(48)
04-23 13:24:26.676   897   897 I DPUModule: DpuR5P0::checkLayerFormat <142>: checkLayerFormat: Format(1)
04-23 13:24:26.676   897   897 I DPUModule: DpuR5P0::checkTransform <35>: checkTransform: Transform(0), SRCRect(0,0)
04-23 13:24:26.676   897   897 I DPUModule: DpuR5P0::checkAFBCBlockSize <97>: checkAFBCBlockSize: compressed(1),format(1), pitch(720), vstride(96)
04-23 13:24:26.676   897   897 I DPUModule: DpuR5P0::checkLayerFormat <142>: checkLayerFormat: Format(1)
04-23 13:24:26.676   897   897 I DPUModule: DpuR5P0::checkTransform <35>: checkTransform: Transform(0), SRCRect(0,0)
04-23 13:24:26.676   897   897 I DPUModule: DpuR5P0::checkAFBCBlockSize <97>: checkAFBCBlockSize: compressed(1),format(1), pitch(720), vstride(48)
04-23 13:24:26.676   897   897 I DPUModule: DpuR5P0::checkLayerFormat <142>: checkLayerFormat: Format(1)
04-23 13:24:26.676   897   897 I DPUModule: DpuR5P0::checkTransform <35>: checkTransform: Transform(0), SRCRect(0,0)
04-23 13:24:26.676   897   897 I DPUModule: DpuR5P0::checkAFBCBlockSize <97>: checkAFBCBlockSize: compressed(1),format(1), pitch(720), vstride(48)
04-23 13:24:26.676   897   897 D DPUModule: [] support: 0
04-23 13:24:26.749   904  1281 D SensorHub: SPRD[734]processTypeEvent::DBG_VERBOSE[Light Sensor] lux = [1094.634888]
04-23 13:24:26.848   904  1281 D SensorHub: SPRD[726]processTypeEvent::DBG_VERBOSE[Accelerometer Sensor] bias_x=[0.909194] bias_y=[1.699644] bias_z=[9.501349]
04-23 13:24:26.910   907   907 D enhanceHAL: sunlightRead: current ambient = 1081
04-23 13:24:26.917 13942 14016 I PackageManager: startCopy UserHandle{-1}: InstallParams{21b2448 file=/data/app/vmdl1012979218.tmp}
04-23 13:24:26.927 13942 14016 D BroadcastQueue: Add broadcast <BroadcastRecord{24c92e1 u0 android.intent.action.PACKAGE_NEEDS_INTEGRITY_VERIFICATION}> into [ordered | foreground], pending size 0
04-23 13:24:26.927 13942 14016 D BroadcastQueue: Header is BroadcastRecord{24c92e1 u0 android.intent.action.PACKAGE_NEEDS_INTEGRITY_VERIFICATION} now
04-23 13:24:26.931 13942 14068 D BroadcastQueue: Finished with ordered broadcast BroadcastRecord{24c92e1 u0 android.intent.action.PACKAGE_NEEDS_INTEGRITY_VERIFICATION} receivers:([BroadcastFilter{716903 1000/u0 ReceiverList{1c6d5b2 13942 system/1000/u0 local:fb65bbd}}]) take 3ms in [foreground], remains -1
04-23 13:24:26.938 13942 14016 D PackageManager: Found 1 verifiers for intent Intent { act=android.intent.action.PACKAGE_NEEDS_VERIFICATION dat=file:///... typ=application/vnd.android.package-archive flg=0x10000001 } with 0 optional verifiers
04-23 13:24:26.939 13942 14016 E PackageManager: ERROR: could not load root hash from incremental install
04-23 13:24:26.942 13942 14016 D BroadcastQueue: Add broadcast <BroadcastRecord{a614806 u0 android.os.action.POWER_SAVE_TEMP_WHITELIST_CHANGED}> into [parallel | background], pending size 0
04-23 13:24:26.942 13942 13989 D BroadcastQueue: Done with parallel broadcast [background] [BroadcastRecord{a614806 u0 android.os.action.POWER_SAVE_TEMP_WHITELIST_CHANGED}]
04-23 13:24:26.942 13942 14016 D BroadcastQueue: Add broadcast <BroadcastRecord{a01aec7 u0 android.intent.action.PACKAGE_NEEDS_VERIFICATION}> into [ordered | foreground], pending size 0
04-23 13:24:26.942 13942 14016 D BroadcastQueue: Header is BroadcastRecord{a01aec7 u0 android.intent.action.PACKAGE_NEEDS_VERIFICATION} now
04-23 13:24:26.943 13942 14016 D PackageManager: Integrity verification : verificationId = 3
04-23 13:24:26.958 15544 15544 D ApplicationPackageManager: hasSystemFeature:name=android.hardware.type.watch version=0 getOpPackageName=com.android.vending hasSystemFeature=false
04-23 13:24:26.989 15544 15544 I Finsky  : [2] arbd.b(85): VerifyApps: Install-time verification requested for package com.deggen.wallet, PackageManager id = 4, Verifier id = dedd13b8-a12c-421c-bbc5-ccf6202b506c
04-23 13:24:27.003 13942 15426 D BroadcastQueue: Finished with ordered broadcast BroadcastRecord{a01aec7 u0 android.intent.action.PACKAGE_NEEDS_VERIFICATION} receivers:([ResolveInfo{204368c com.android.vending/com.google.android.finsky.verifier.impl.PackageVerificationReceiver m=0x0}]) take 60ms in [foreground], remains -1
04-23 13:24:27.004 15544 15721 I Finsky  : [34] mjh.g(167): RECEIVER_PACKAGE_VERIFICATION#logWorkEndAndFinishGoAsync: SUCCESS
04-23 13:24:27.014 13942 14016 I PackageManager: Integrity check passed for file:///data/app/vmdl1012979218.tmp
04-23 13:24:27.038 15544 27264 W PackageParser: Unknown element under <manifest>: queries at /data/app/vmdl1012979218.tmp/base.apk Binary XML file line #21
04-23 13:24:27.050   904  1281 D SensorHub: SPRD[726]processTypeEvent::DBG_VERBOSE[Accelerometer Sensor (WAKE_UP)] bias_x=[0.985758] bias_y=[1.757067] bias_z=[9.558772]
04-23 13:24:27.071   904  1281 D SensorHub: SPRD[734]processTypeEvent::DBG_VERBOSE[Light Sensor] lux = [1090.265015]
04-23 13:24:27.291   904  1281 D SensorHub: SPRD[726]processTypeEvent::DBG_VERBOSE[Accelerometer Sensor] bias_x=[1.004899] bias_y=[1.795349] bias_z=[9.539631]
04-23 13:24:27.366 13942 13957 D CompatibilityChangeReporter: Compat change id reported: 135634846; UID 10050; state: DISABLED
04-23 13:24:27.366 13942 13957 D CompatibilityChangeReporter: Compat change id reported: 177438394; UID 10050; state: DISABLED
04-23 13:24:27.366 13942 13957 D CompatibilityChangeReporter: Compat change id reported: 135772972; UID 10050; state: DISABLED
04-23 13:24:27.366 13942 13957 D CompatibilityChangeReporter: Compat change id reported: 135754954; UID 10050; state: ENABLED
04-23 13:24:27.374 13942 13990 D ActivityManager: asking zygote to start proc:ProcessRecord{fe3853 0:android.process.acore/u0a50}
04-23 13:24:27.374 13942 13990 D CompatibilityChangeReporter: Compat change id reported: 143937733; UID 10050; state: ENABLED
04-23 13:24:27.375 13942 13990 D PreforkProcessScene: execution function name:handlePreforkStartProcess
04-23 13:24:27.376 13942 13990 D PreforkProcessScene: handlePreforkStartProcess,args:PreforkArgs entryPoint= android.app.ActivityThread ,niceName = android.process.acore ,uid = 10050 ,gid = 10050 ,gids = [I@4997590 ,runtimeFlags = 19466240 ,mountExternal = 1 ,targetSdkVersion = 33 ,seInfo = default:privapp:targetSdkVersion=33:complete ,abi = arm64-v8a ,instructionSet = null ,appDataDir = /data/user/0/com.android.providers.contacts ,invokeWith = null ,pkgName = com.android.providers.contacts, zygotePolicyFlags = 0, isTopApp = false, mDisabledCompatChanges = 132649864135634846135772972143231523143539591161145287162547999166236554168419799169897160170233598174042936174042980174043039174227820174228127176926741176926753176926771176926829177438394178038272180326787180326845181136395182811243184838306185004937189229956189969734189969744189969749189969779189969782189970036189970038189970040191513214196254758202956589210856463218865702226439802247079863263076149266524688270306772270674727288845345289878283291868760303742236308103782312399441, pkgDataInfoMap = {com.android.calllogbackup=Pair{null 3202}, com.android.providers.blockednumber=Pair{null 3399}, com.android.providers.userdictionary=Pair{null 3405}, com.android.providers.contacts=Pair{null 3468}}, whitelistedAppDataInfoMap = {com.google.android.gms=Pair{null 3187}}, bindMountAppStorageDirs = false, bindMountAppsData = true ,zygoteArgs = seq=239
04-23 13:24:27.376 13942 13990 D PreforkProcessScene: isPackageSupportPreFork, procName:android.process.acore,isSupport:false
04-23 13:24:27.376 13942 13990 D Prefork : startResult is empty and running normal execution.
04-23 13:24:27.388 13773 13773 D Zygote  : Forked child process 27333
04-23 13:24:27.390 13942 13990 I ActivityManager: Start proc 27333:android.process.acore/u0a50 for content provider {com.android.providers.contacts/com.android.providers.contacts.CallLogProvider}
04-23 13:24:27.392 13942 13990 D PreforkProcessScene: execution function name:preforkStart
04-23 13:24:27.393   904  1281 D SensorHub: SPRD[734]processTypeEvent::DBG_VERBOSE[Light Sensor] lux = [1085.166992]
04-23 13:24:27.430 15544 27264 I Finsky  : [212] VerifyAppsInstallTask.mg(52): VerifyApps: Anti-malware verification task started for package=com.deggen.wallet
04-23 13:24:27.430 27333 27333 I d.process.acore: Using CollectorTypeCMC GC.
04-23 13:24:27.434 15544 27264 I Finsky  : [212] arkn.a(67): Single user settings service is not running, bind it now
04-23 13:24:27.448 15544 15544 I Finsky  : [2] qbo.onServiceConnected(73): Single user settings service is connected
04-23 13:24:27.467 15544 27264 W Settings: Setting install_non_market_apps has moved from android.provider.Settings.Global to android.provider.Settings.Secure, returning read-only value.
04-23 13:24:27.476 27333 27333 E d.process.acore: Not starting debugger since process cannot load the jdwp agent.
04-23 13:24:27.499 27333 27333 D nativeloader: Load libframework-connectivity-tiramisu-jni.so using APEX ns com_android_tethering for caller /apex/com.android.tethering/javalib/framework-connectivity-t.jar: ok
04-23 13:24:27.533   904  1281 D SensorHub: SPRD[726]processTypeEvent::DBG_VERBOSE[Accelerometer Sensor] bias_x=[0.966617] bias_y=[1.776208] bias_z=[9.520491]
04-23 13:24:27.539 27333 27333 W ziparchive: Unable to open '/system_ext/framework/unisoc-framework.dm': No such file or directory
04-23 13:24:27.539 27333 27333 W ziparchive: Unable to open '/system_ext/framework/unisoc-framework.dm': No such file or directory
04-23 13:24:27.567 13942 13957 D ActivityManager: send provider timeout msg, app: ProcessRecord{fe3853 27333:android.process.acore/u0a50}
04-23 13:24:27.568 13942 13957 D CompatibilityChangeReporter: Compat change id reported: 168419799; UID 10050; state: DISABLED
04-23 13:24:27.600 27333 27333 D nativeloader: Load libstats_jni.so using APEX ns com_android_os_statsd for caller /apex/com.android.os.statsd/javalib/framework-statsd.jar: ok
04-23 13:24:27.606 27333 27343 E d.process.acore: Could not write anonymous vdex /system_ext/framework/oat/arm64/unisoc-framework.vdex: Could not open /system_ext/framework/oat/arm64/unisoc-framework.vdex for writing
04-23 13:24:27.612 27333 27333 D CompatibilityChangeReporter: Compat change id reported: 171979766; UID 10050; state: ENABLED
04-23 13:24:27.658 27333 27333 D nativeloader: Configuring clns-shared-4 for other apk /system_ext/framework/com.unisoc.sdk.common.jar. target_sdk_version=33, uses_libraries=ALL, library_path=/system_ext/priv-app/SprdContactsProvider/lib/arm64:/system/lib64:/system_ext/lib64, permitted_path=/data:/mnt/expand:/data/user/0/com.android.providers.contacts:/system_ext/priv-app/SprdContactsProvider:/system/lib64:/system_ext/lib64
04-23 13:24:27.669 27333 27333 I d.process.acore: Could not load runtime generated app image: Invalid image header in '/data/user/0/com.android.providers.contacts/cache/oat_primary/arm64/SprdContactsProvider.art'
04-23 13:24:27.670 27333 27333 D nativeloader: Configuring clns-shared-5 for other apk /system_ext/priv-app/SprdContactsProvider/SprdContactsProvider.apk. target_sdk_version=33, uses_libraries=, library_path=/system_ext/priv-app/SprdContactsProvider/lib/arm64:/system/lib64:/system_ext/lib64, permitted_path=/data:/mnt/expand:/data/user/0/com.android.providers.contacts:/system_ext/priv-app/SprdContactsProvider:/system/lib64:/system_ext/lib64
04-23 13:24:27.705 15544 27264 I Finsky  : [212] VerifyAppsInstallTask.ak(267): VerifyApps: Installer app: com.android.shell
04-23 13:24:27.712 27333 27333 D nativeloader: Load libframework-connectivity-jni.so using APEX ns com_android_tethering for caller /apex/com.android.tethering/javalib/framework-connectivity.jar: ok
04-23 13:24:27.715   904  1281 D SensorHub: SPRD[734]processTypeEvent::DBG_VERBOSE[Light Sensor] lux = [1088.080200]
04-23 13:24:27.734   904  1281 D SensorHub: SPRD[726]processTypeEvent::DBG_VERBOSE[Accelerometer Sensor] bias_x=[0.947476] bias_y=[1.737926] bias_z=[9.558772]
04-23 13:24:27.738 27333 27333 V GraphicsEnvironment: ANGLE Developer option for 'com.android.providers.contacts' set to: 'default'
04-23 13:24:27.740 27333 27333 V GraphicsEnvironment: ANGLE GameManagerService for com.android.providers.contacts: false
04-23 13:24:27.740 27333 27333 V GraphicsEnvironment: Neither updatable production driver nor prerelease driver is supported.
04-23 13:24:27.741 27333 27333 D ApplicationPackageManager: hasSystemFeature:name=android.hardware.vulkan.version version=4206592 getOpPackageName=com.android.providers.contacts hasSystemFeature=true
04-23 13:24:27.764 27333 27333 D NetworkSecurityConfig: No Network Security Config specified, using platform default
04-23 13:24:27.764 27333 27333 D NetworkSecurityConfig: No Network Security Config specified, using platform default
04-23 13:24:27.780 27333 27333 I d.process.acore: Could not load runtime generated app image: Invalid image header in '/data/user/0/com.android.providers.contacts/cache/oat_primary/arm64/UserDictionaryProvider.art'
04-23 13:24:27.782 27333 27333 D nativeloader: Configuring clns-shared-6 for other apk /system/priv-app/UserDictionaryProvider/UserDictionaryProvider.apk. target_sdk_version=33, uses_libraries=, library_path=/system/priv-app/UserDictionaryProvider/lib/arm64:/system/lib64:/system_ext/lib64, permitted_path=/data:/mnt/expand:/data/user/0/com.android.providers.userdictionary:/system/priv-app/UserDictionaryProvider:/system/lib64:/system_ext/lib64
04-23 13:24:27.820 27333 27333 D nativeloader: Configuring clns-shared-7 for other apk /system/priv-app/BlockedNumberProvider/BlockedNumberProvider.apk. target_sdk_version=33, uses_libraries=, library_path=/system/priv-app/BlockedNumberProvider/lib/arm64:/system/lib64:/system_ext/lib64, permitted_path=/data:/mnt/expand:/data/user_de/0/com.android.providers.blockednumber:/system/priv-app/BlockedNumberProvider:/system/lib64:/system_ext/lib64
04-23 13:24:27.837 27333 27333 I ContactsPerf: VoicemailContentProvider.onCreate start
04-23 13:24:27.861 13942 15426 D CompatibilityChangeReporter: Compat change id reported: 161145287; UID 10050; state: DISABLED
04-23 13:24:27.861 27333 27333 I ContactsPerf: VoicemailContentProvider.onCreate finish
04-23 13:24:27.899 13942 15426 D CountryDetector: The first listener is added
04-23 13:24:27.934 27333 27333 D ContactsProvider: initialize
04-23 13:24:27.947 27333 27333 E ContactsProvider: Default account is empty, we should add the phone account
04-23 13:24:27.959 27333 27333 E ContactsProvider: Cannot determine the default account for contacts compatibility
04-23 13:24:27.959 27333 27333 E ContactsProvider: java.lang.SecurityException: uid 10050 cannot explicitly add accounts of type: sprd.com.android.account.phone
04-23 13:24:27.959 27333 27333 E ContactsProvider: 	at android.os.Parcel.createExceptionOrNull(Parcel.java:3033)
04-23 13:24:27.959 27333 27333 E ContactsProvider: 	at android.os.Parcel.createException(Parcel.java:3017)
04-23 13:24:27.959 27333 27333 E ContactsProvider: 	at android.os.Parcel.readException(Parcel.java:3000)
04-23 13:24:27.959 27333 27333 E ContactsProvider: 	at android.os.Parcel.readException(Parcel.java:2942)
04-23 13:24:27.959 27333 27333 E ContactsProvider: 	at android.accounts.IAccountManager$Stub$Proxy.addAccountExplicitly(IAccountManager.java:1262)
04-23 13:24:27.959 27333 27333 E ContactsProvider: 	at android.accounts.AccountManager.addAccountExplicitly(AccountManager.java:1037)
04-23 13:24:27.959 27333 27333 E ContactsProvider: 	at com.android.providers.contacts.ContactsProvider2.getDefaultAccount(ContactsProvider2.java:10547)
04-23 13:24:27.959 27333 27333 E ContactsProvider: 	at com.android.providers.contacts.ContactsProvider2.initialize(ContactsProvider2.java:1785)
04-23 13:24:27.959 27333 27333 E ContactsProvider: 	at com.android.providers.contacts.ContactsProvider2.onCreate(ContactsProvider2.java:1683)
04-23 13:24:27.959 27333 27333 E ContactsProvider: 	at android.content.ContentProvider.attachInfo(ContentProvider.java:2453)
04-23 13:24:27.959 27333 27333 E ContactsProvider: 	at android.content.ContentProvider.attachInfo(ContentProvider.java:2422)
04-23 13:24:27.959 27333 27333 E ContactsProvider: 	at android.app.ActivityThread.installProvider(ActivityThread.java:7601)
04-23 13:24:27.959 27333 27333 E ContactsProvider: 	at android.app.ActivityThread.installContentProviders(ActivityThread.java:7108)
04-23 13:24:27.959 27333 27333 E ContactsProvider: 	at android.app.ActivityThread.handleBindApplication(ActivityThread.java:6872)
04-23 13:24:27.959 27333 27333 E ContactsProvider: 	at android.app.ActivityThread.-$$Nest$mhandleBindApplication(Unknown Source:0)
04-23 13:24:27.959 27333 27333 E ContactsProvider: 	at android.app.ActivityThread$H.handleMessage(ActivityThread.java:2200)
04-23 13:24:27.959 27333 27333 E ContactsProvider: 	at android.os.Handler.dispatchMessage(Handler.java:106)
04-23 13:24:27.959 27333 27333 E ContactsProvider: 	at android.os.Looper.loopOnce(Looper.java:201)
04-23 13:24:27.959 27333 27333 E ContactsProvider: 	at android.os.Looper.loop(Looper.java:288)
04-23 13:24:27.959 27333 27333 E ContactsProvider: 	at android.app.ActivityThread.main(ActivityThread.java:8046)
04-23 13:24:27.959 27333 27333 E ContactsProvider: 	at java.lang.reflect.Method.invoke(Native Method)
04-23 13:24:27.959 27333 27333 E ContactsProvider: 	at com.android.internal.os.RuntimeInit$MethodAndArgsCaller.run(RuntimeInit.java:703)
04-23 13:24:27.959 27333 27333 E ContactsProvider: 	at com.android.internal.os.ZygoteInit.main(ZygoteInit.java:911)
04-23 13:24:27.959 27333 27333 E ContactsProvider: Caused by: android.os.RemoteException: Remote stack trace:
04-23 13:24:27.959 27333 27333 E ContactsProvider: 	at com.android.server.accounts.AccountManagerService.addAccountExplicitlyWithVisibility(AccountManagerService.java:480)
04-23 13:24:27.959 27333 27333 E ContactsProvider: 	at com.android.server.accounts.AccountManagerService.addAccountExplicitly(AccountManagerService.java:1668)
04-23 13:24:27.959 27333 27333 E ContactsProvider: 	at android.accounts.IAccountManager$Stub.onTransact(IAccountManager.java:563)
04-23 13:24:27.959 27333 27333 E ContactsProvider: 	at com.android.server.accounts.AccountManagerService.onTransact(AccountManagerService.java:1084)
04-23 13:24:27.959 27333 27333 E ContactsProvider: 	at android.os.Binder.execTransactInternal(Binder.java:1281)
04-23 13:24:27.959 27333 27333 E ContactsProvider: 
04-23 13:24:27.963 13942 15426 D ContentProviderHelper: publishContentProviders, remove provider timeout msg, app: ProcessRecord{fe3853 27333:android.process.acore/u0a50}
04-23 13:24:27.965 27333 27333 D StrictMode: StrictMode policy violation; ~duration=26 ms: android.os.strictmode.DiskReadViolation
04-23 13:24:27.965 27333 27333 D StrictMode: 	at android.os.StrictMode$AndroidBlockGuardPolicy.onReadFromDisk(StrictMode.java:1658)
04-23 13:24:27.965 27333 27333 D StrictMode: 	at android.app.SharedPreferencesImpl.awaitLoadedLocked(SharedPreferencesImpl.java:275)
04-23 13:24:27.965 27333 27333 D StrictMode: 	at android.app.SharedPreferencesImpl.getBoolean(SharedPreferencesImpl.java:344)
04-23 13:24:27.965 27333 27333 D StrictMode: 	at com.android.providers.contacts.util.PhoneAccountHandleMigrationUtils.isPhoneAccountMigrationPending(PhoneAccountHandleMigrationUtils.java:122)
04-23 13:24:27.965 27333 27333 D StrictMode: 	at com.android.providers.contacts.ContactsProvider2.initialize(ContactsProvider2.java:1722)
04-23 13:24:27.965 27333 27333 D StrictMode: 	at com.android.providers.contacts.ContactsProvider2.onCreate(ContactsProvider2.java:1683)
04-23 13:24:27.965 27333 27333 D StrictMode: 	at android.content.ContentProvider.attachInfo(ContentProvider.java:2453)
04-23 13:24:27.965 27333 27333 D StrictMode: 	at android.content.ContentProvider.attachInfo(ContentProvider.java:2422)
04-23 13:24:27.965 27333 27333 D StrictMode: 	at android.app.ActivityThread.installProvider(ActivityThread.java:7601)
04-23 13:24:27.965 27333 27333 D StrictMode: 	at android.app.ActivityThread.installContentProviders(ActivityThread.java:7108)
04-23 13:24:27.965 27333 27333 D StrictMode: 	at android.app.ActivityThread.handleBindApplication(ActivityThread.java:6872)
04-23 13:24:27.965 27333 27333 D StrictMode: 	at android.app.ActivityThread.-$$Nest$mhandleBindApplication(Unknown Source:0)
04-23 13:24:27.965 27333 27333 D StrictMode: 	at android.app.ActivityThread$H.handleMessage(ActivityThread.java:2200)
04-23 13:24:27.965 27333 27333 D StrictMode: 	at android.os.Handler.dispatchMessage(Handler.java:106)
04-23 13:24:27.965 27333 27333 D StrictMode: 	at android.os.Looper.loopOnce(Looper.java:201)
04-23 13:24:27.965 27333 27333 D StrictMode: 	at android.os.Looper.loop(Looper.java:288)
04-23 13:24:27.965 27333 27333 D StrictMode: 	at android.app.ActivityThread.main(ActivityThread.java:8046)
04-23 13:24:27.965 27333 27333 D StrictMode: 	at java.lang.reflect.Method.invoke(Native Method)
04-23 13:24:27.965 27333 27333 D StrictMode: 	at com.android.internal.os.RuntimeInit$MethodAndArgsCaller.run(RuntimeInit.java:703)
04-23 13:24:27.965 27333 27333 D StrictMode: 	at com.android.internal.os.ZygoteInit.main(ZygoteInit.java:911)
04-23 13:24:27.976   904  1281 D SensorHub: SPRD[726]processTypeEvent::DBG_VERBOSE[Accelerometer Sensor] bias_x=[0.985758] bias_y=[1.718785] bias_z=[9.501349]
04-23 13:24:27.979 27333 27347 I PhoneAccountHandleMigrationUtils_CallLogDatabaseHelper: updatePhoneAccountHandleMigrationPendingStatus false
04-23 13:24:27.994 27333 27346 I PhoneAccountHandleMigrationUtils_CallLogDatabaseHelper: updatePhoneAccountHandleMigrationPendingStatus false
04-23 13:24:27.999 27333 27346 D CompatibilityChangeReporter: Compat change id reported: 183155436; UID 10050; state: ENABLED
04-23 13:24:28.038   904  1281 D SensorHub: SPRD[734]processTypeEvent::DBG_VERBOSE[Light Sensor] lux = [1087.351807]
04-23 13:24:28.042 27333 27349 D ContactsDatabaseHelper: WAL enabled for contacts2.db: true
04-23 13:24:28.050 27333 27346 I CallLogProvider: Syncing call composer pics -- source user=0, isShadow=true, forAllUser=false
04-23 13:24:28.051 27333 27346 I CallLogProvider: Fetching list of Uris to sync
04-23 13:24:28.059 27333 27346 I CallLogProvider: Will sync following Uris:[]
04-23 13:24:28.059 27333 27346 I CallLogProvider: Syncing call composer pics -- got []
04-23 13:24:28.082 27333 27349 I PhoneAccountHandleMigrationUtils_ContactsDatabaseHelper: updatePhoneAccountHandleMigrationPendingStatus false
04-23 13:24:28.096 15544 15879 E AbstractLogEventBuilder: The provided ProductIdOrigin 3 is not one of the process-level expected values: 1 or 2
04-23 13:24:28.120 15544 27264 I Finsky  : [212] twu.e(27): Task 7 requested foreground
04-23 13:24:28.127 15544 27264 I Finsky  : [212] twu.e(88): Not entering foreground
04-23 13:24:28.136 15544 15879 I Finsky  : [56] arsu.a(65): VerifyApps: Starting APK Analysis scan for com.deggen.wallet.
04-23 13:24:28.141 15544 15879 I Finsky  : [56] arak.b(183): Scanning package com.deggen.wallet contents with client side protections. File: [qlXVpk22gLtZR6yyCnGrUj61i5pxubSUzBYhteX3mVc]
04-23 13:24:28.142 15544 15879 I Finsky  : [56] arsu.a(222): VerifyApps: APK Analysis scan finished for com.deggen.wallet. Verdict: SAFE
04-23 13:24:28.144 15544 27267 I Finsky  : [215] arii.c(23): Apk Analysis scan verification duration=PT0.011S 
04-23 13:24:28.165 15111 27277 I Blockstore: (REDACTED) [BlockstoreImpl] Skip trying to update access for exempt package %s
04-23 13:24:28.177   904  1281 D SensorHub: SPRD[726]processTypeEvent::DBG_VERBOSE[Accelerometer Sensor (WAKE_UP)] bias_x=[0.947476] bias_y=[1.757067] bias_z=[9.520491]
04-23 13:24:28.217 15544 27267 I Finsky  : [215] arik.g(51): VerifyApps: Verification package=com.deggen.wallet, id=4, response=0, upload_requested=false
04-23 13:24:28.220 15544 27267 I Finsky  : [215] aric.c(284): VerifyApps: PAM result saving to datastore delayed for package: com.deggen.wallet
04-23 13:24:28.222 15544 27264 E AbstractLogEventBuilder: The provided ProductIdOrigin 3 is not one of the process-level expected values: 1 or 2
04-23 13:24:28.228 15111 15115 W gle.android.gms: Missing inline cache for void anud.<init>(anua)
04-23 13:24:28.228 15111 15115 W gle.android.gms: Missing inline cache for void anud.<init>(anua)
04-23 13:24:28.228 15111 15115 W gle.android.gms: Missing inline cache for void anud.<init>(anua)
04-23 13:24:28.228 15544 27264 I Finsky  : [212] VerifyAdvancedProtectionInstallTask.mg(9): VerifyApps AdvancedProtection: Verify AP install started
04-23 13:24:28.228 15111 15115 W gle.android.gms: Missing inline cache for void anud.<init>(anua)
04-23 13:24:28.228 15111 15115 W gle.android.gms: Missing inline cache for void anud.<init>(anua)
04-23 13:24:28.229 15544 27264 I Finsky  : [212] VerifyAdvancedProtectionInstallTask.mg(43): VerifyApps AdvancedProtection: Allowing install because there are no Advanced Protection users
04-23 13:24:28.240 15544 15544 I Finsky  : [2] VerifyAdvancedProtectionInstallTask.mf(29): VerifyApps AdvancedProtection: Reported Advanced Protection verification result: ALLOW
04-23 13:24:28.242 15544 27264 E Finsky  : [212] VerifyPerSourceInstallationConsentInstallTask.f(19): Package name null is not an installed package
04-23 13:24:28.243 15544 27264 I Finsky  : [212] VerifyPerSourceInstallationConsentInstallTask.mg(318): Skipping logging for attempted installation. The source is a system package.
04-23 13:24:28.244 15544 27264 I Finsky  : [212] VerifyInstallTask.j(17): VerifyApps: Returning package verification result id=4, result=ALLOW
04-23 13:24:28.245 13942 14016 D PackageManager: Package verified : verificationId = 4
04-23 13:24:28.246 15544 15544 I Finsky  : [2] VerifyInstallTask.mf(75): VerifyApps: Install-time verification complete: id=4, package_name=com.deggen.wallet
04-23 13:24:28.251 13942 14016 D PackageManager: Package verified end
04-23 13:24:28.252 13942 14016 I PackageManager: init_copy: InstallParams{d994f4c file=/data/app/vmdl1012979218.tmp}
04-23 13:24:28.252 13942 14016 I PackageManager: startCopy UserHandle{-1}: InstallParams{d994f4c file=/data/app/vmdl1012979218.tmp}
04-23 13:24:28.263 13942 14016 D PackageManager: overrideInstallLocation: com.deggen.wallet recommendedInstallLocation = 1 installLocation = -1
04-23 13:24:28.263 13942 14016 D PackageManager: overrideInstallLocation: onInt = true mInstallFlags = 5242994
04-23 13:24:28.263 13942 14016 D PackageManager: /data/app/vmdl1012979218.tmp already staged; skipping copy
04-23 13:24:28.263 13942 14016 D PackageManager: installPackageLI: path=/data/app/vmdl1012979218.tmp args.mVolumeUuid = null
04-23 13:24:28.263 13942 14016 D PackageManager: parsePackage /data/app/vmdl1012979218.tmp start with parseFlags = -2147483584
04-23 13:24:28.279 13942 14016 D PackageManager: parsePackage /data/app/vmdl1012979218.tmp end
04-23 13:24:28.279 13942 14016 D PackageManager: collectCertificates start: has been given
04-23 13:24:28.279 13942 14016 D PackageManager: collectCertificates end
04-23 13:24:28.279 13942 14016 D PackageManager: Replace existing package: com.deggen.wallet
04-23 13:24:28.279 13942 14016 D PackageManager: Existing package for signature checking: PackageSetting{fb91ee4 com.deggen.wallet/10211}
04-23 13:24:28.279 13942 14016 D PackageManager: Existing package: PackageSetting{fb91ee4 com.deggen.wallet/10211}
04-23 13:24:28.285 13942 14016 D PackageManager: Renaming /data/app/vmdl1012979218.tmp to /data/app/~~nnVEWh-I0FU0_5VQVexIiQ==/com.deggen.wallet-4frpswP5fDkRcJ2rX1HkPQ==
04-23 13:24:28.288 13942 14016 D PackageManager: replacePackageLI: new=Package{82af07d com.deggen.wallet}, old=Package{eaacfde com.deggen.wallet}
04-23 13:24:28.288 13942 13989 I ActivityManager: Force stopping com.deggen.wallet appid=10211 user=-1: installPackageLI
04-23 13:24:28.288 13942 14016 D PackageManager: replaceNonSystemPackageLI: new=Package{82af07d com.deggen.wallet}, old=Package{eaacfde com.deggen.wallet}
04-23 13:24:28.292 13942 14016 I PackageManager: Update package com.deggen.wallet code path from /data/app/~~nlM2oaYun3_KR2sGkUMPrw==/com.deggen.wallet-rHk7cTtPEgBh5uERwBprAQ== to /data/app/~~nnVEWh-I0FU0_5VQVexIiQ==/com.deggen.wallet-4frpswP5fDkRcJ2rX1HkPQ==; Retain data and using new
04-23 13:24:28.293 13942 14016 I AppsFilter: interaction: PackageSetting{95b4550 com.reacttesthadesmessagehandler/10188} -> PackageSetting{d3cab72 com.deggen.wallet/10211} BLOCKED
04-23 13:24:28.293 13942 14016 I AppsFilter: interaction: PackageSetting{e9da44e com.projectbabbage.crypton.test/10216} -> PackageSetting{d3cab72 com.deggen.wallet/10211} BLOCKED
04-23 13:24:28.293 13942 14016 I AppsFilter: interaction: PackageSetting{382e96f com.example.myapplication/10191} -> PackageSetting{d3cab72 com.deggen.wallet/10211} BLOCKED
04-23 13:24:28.293 13942 14016 I AppsFilter: interaction: PackageSetting{cb7667c com.mobile/10195} -> PackageSetting{d3cab72 com.deggen.wallet/10211} BLOCKED
04-23 13:24:28.293 13942 14016 I AppsFilter: interaction: PackageSetting{b389b05 com.projectbabbage.crypton/10202} -> PackageSetting{d3cab72 com.deggen.wallet/10211} BLOCKED
04-23 13:24:28.293 13942 14016 I AppsFilter: interaction: PackageSetting{133b75a com.example.testhadesmessagehandler/10209} -> PackageSetting{d3cab72 com.deggen.wallet/10211} BLOCKED
04-23 13:24:28.293 13942 14016 D PackageManager: Removing non-system package: com.deggen.wallet
04-23 13:24:28.293 13942 14016 I AppsFilter: interaction: PackageSetting{95b4550 com.reacttesthadesmessagehandler/10188} -> PackageSetting{fb91ee4 com.deggen.wallet/10211} BLOCKED
04-23 13:24:28.293 13942 14016 I AppsFilter: interaction: PackageSetting{e9da44e com.projectbabbage.crypton.test/10216} -> PackageSetting{fb91ee4 com.deggen.wallet/10211} BLOCKED
04-23 13:24:28.293 13942 14016 I AppsFilter: interaction: PackageSetting{382e96f com.example.myapplication/10191} -> PackageSetting{fb91ee4 com.deggen.wallet/10211} BLOCKED
04-23 13:24:28.293 13942 14016 I AppsFilter: interaction: PackageSetting{cb7667c com.mobile/10195} -> PackageSetting{fb91ee4 com.deggen.wallet/10211} BLOCKED
04-23 13:24:28.293 13942 14016 I AppsFilter: interaction: PackageSetting{b389b05 com.projectbabbage.crypton/10202} -> PackageSetting{fb91ee4 com.deggen.wallet/10211} BLOCKED
04-23 13:24:28.293 13942 14016 I AppsFilter: interaction: PackageSetting{133b75a com.example.testhadesmessagehandler/10209} -> PackageSetting{fb91ee4 com.deggen.wallet/10211} BLOCKED
04-23 13:24:28.293 13942 14016 D PackageManager: removePackageDataLI: PackageSetting{fb91ee4 com.deggen.wallet/10211}
04-23 13:24:28.294 13942 14016 D PackageManager:   Permissions: com.deggen.wallet.DYNAMIC_RECEIVER_NOT_EXPORTED_PERMISSION
04-23 13:24:28.295 13942 14016 D PackageManager: Propagating install state across downgrade
04-23 13:24:28.295 13942 14016 D PackageManager:     user 0 => true
04-23 13:24:28.313 27333 27349 I ContactLocale: AddressBook Labels [[en_GB]]: [, A, B, C, D, E, F, G, H, I, J, K, L, M, N, O, P, Q, R, S, T, U, V, W, X, Y, Z, , , , , , , , , , , , , , , , , , , , , , , , , , , , , , , , , , , , , , , , , , , , , , , , , , , , , , , , , , , , , , , , , , , , , , , , , , , , , , , , , , , , , , , , , , , , , , , , , , , , , , , , , , , , , , , , , , , , , , , , , , , , , , , , , , , , , , , , , , , , , , , , , , , , , , , , , , , , , , , , , , , , , , , , , , , , , , , , , , , , , , , , , , , #, ]
04-23 13:24:28.330 13942 14016 D PackageManager: New package installed in /data/app/~~nnVEWh-I0FU0_5VQVexIiQ==/com.deggen.wallet-4frpswP5fDkRcJ2rX1HkPQ==
04-23 13:24:28.331 13942 14016 I PackageManager: Permission ownership changed. Updating all permissions.
04-23 13:24:28.360   904  1281 D SensorHub: SPRD[734]processTypeEvent::DBG_VERBOSE[Light Sensor] lux = [1085.166992]
04-23 13:24:28.419   904  1281 D SensorHub: SPRD[726]processTypeEvent::DBG_VERBOSE[Accelerometer Sensor] bias_x=[0.985758] bias_y=[1.757067] bias_z=[9.482208]
04-23 13:24:28.421 13942 14038 D BroadcastQueue: Add broadcast <BroadcastRecord{a24f596 u0 android.os.action.POWER_SAVE_TEMP_WHITELIST_CHANGED}> into [parallel | background], pending size 0
04-23 13:24:28.422 13942 13989 D BroadcastQueue: Done with parallel broadcast [background] [BroadcastRecord{a24f596 u0 android.os.action.POWER_SAVE_TEMP_WHITELIST_CHANGED}]
04-23 13:24:28.449 13942 14016 V PackageManager: restoreAndPostInstall userId=-1 package=Package{82af07d com.deggen.wallet}
04-23 13:24:28.450 13942 14016 V PackageManager: + starting restore round-trip 5
04-23 13:24:28.450 13942 14016 V PackageManager: No restore - queue post-install for 5
04-23 13:24:28.450 13942 14016 V PackageManager: Handling post-install for 5
04-23 13:24:28.451 13942 14016 I AppsFilter: interaction: PackageSetting{95b4550 com.reacttesthadesmessagehandler/10188} -> PackageSetting{fb91ee4 com.deggen.wallet/10211} BLOCKED
04-23 13:24:28.451 13942 14016 I AppsFilter: interaction: PackageSetting{e9da44e com.projectbabbage.crypton.test/10216} -> PackageSetting{fb91ee4 com.deggen.wallet/10211} BLOCKED
04-23 13:24:28.451 13942 14016 I AppsFilter: interaction: PackageSetting{382e96f com.example.myapplication/10191} -> PackageSetting{fb91ee4 com.deggen.wallet/10211} BLOCKED
04-23 13:24:28.452 13942 14016 I AppsFilter: interaction: PackageSetting{cb7667c com.mobile/10195} -> PackageSetting{fb91ee4 com.deggen.wallet/10211} BLOCKED
04-23 13:24:28.452 13942 14016 I AppsFilter: interaction: PackageSetting{b389b05 com.projectbabbage.crypton/10202} -> PackageSetting{fb91ee4 com.deggen.wallet/10211} BLOCKED
04-23 13:24:28.452 13942 14016 I AppsFilter: interaction: PackageSetting{133b75a com.example.testhadesmessagehandler/10209} -> PackageSetting{fb91ee4 com.deggen.wallet/10211} BLOCKED
04-23 13:24:28.464 15544 15544 W Finsky  : [2] ajjp.b(131): STU: Failed to get storage stats for package 'com.google.android.go.appsearch' (1601: Error getting stats: android.content.pm.PackageManager.NameNotFoundException)
04-23 13:24:28.467 13942 14016 D PackageManager: PowerHint release!
04-23 13:24:28.467 13942 14016 D PackageManager: Install end
04-23 13:24:28.467   911   911 D PowerHAL: ###Exit interaction_launch scene bgn###
04-23 13:24:28.467 13942 14016 I ActivityManager: Force stopping com.deggen.wallet appid=10211 user=0: pkg removed
04-23 13:24:28.467   911   911 D PowerHAL: Enter common_set: enable:0, duration: 0, /sys/devices/system/cpu/cpufreq/policy0/scaling_min_freq: 1820000
04-23 13:24:28.467   911   911 D PowerHAL: Enter common_clear: 
04-23 13:24:28.468   911   911 D PowerHAL: Enter common_set: enable:0, duration: 0, /sys/devices/system/cpu/cpufreq/policy0/scaling_max_freq: 1820000
04-23 13:24:28.468   911   911 D PowerHAL: Enter common_clear: 
04-23 13:24:28.468   911   911 D PowerHAL: Enter common_set: enable:0, duration: 0, /sys/devices/system/cpu/cpufreq/policy6/scaling_min_freq: 2028000
04-23 13:24:28.468   911   911 D PowerHAL: Enter common_clear: 
04-23 13:24:28.468   911   911 D PowerHAL: Enter common_set: enable:0, duration: 0, /sys/devices/system/cpu/cpufreq/policy6/scaling_max_freq: 2028000
04-23 13:24:28.468   911   911 D PowerHAL: Enter common_clear: 
04-23 13:24:28.468   911   911 D PowerHAL: Enter devfreq_ddr_set: enable:0, duration: 0, /sys/class/devfreq/scene-frequency/sprd-governor/scene_boost_dfs: max
04-23 13:24:28.471   911   911 D PowerHAL: ###Exit interaction_launch scene end###
04-23 13:24:28.472 13942 14016 D BroadcastQueue: Add broadcast <BroadcastRecord{c947517 u0 android.intent.action.PACKAGE_REMOVED}> into [parallel | background], pending size 0
04-23 13:24:28.472 13942 14016 D BroadcastQueue: Add broadcast <BroadcastRecord{dad0d04 u0 android.intent.action.PACKAGE_REMOVED}> into [ordered | background], pending size 0
04-23 13:24:28.472 13942 14016 D BroadcastQueue: Header is BroadcastRecord{dad0d04 u0 android.intent.action.PACKAGE_REMOVED} now
04-23 13:24:28.478 27333 27349 D ContactsDatabaseHelper: WAL enabled for profile.db: true
04-23 13:24:28.483 13942 13989 D BroadcastQueue: Done with parallel broadcast [background] [BroadcastRecord{c947517 u0 android.intent.action.PACKAGE_REMOVED}]
04-23 13:24:28.484 13942 13989 W BroadcastQueue: Background execution not allowed: receiving Intent { act=android.intent.action.PACKAGE_REMOVED dat=package: flg=0x4000010 (has extras) } to com.android.vending/com.google.android.finsky.packagemonitor.impl.PackageMonitorReceiverImpl$RegisteredReceiver
04-23 13:24:28.485 13942 14016 D BroadcastQueue: Add broadcast <BroadcastRecord{1bdf2ed u0 android.intent.action.PACKAGE_REMOVED_INTERNAL}> into [parallel | background], pending size 0
04-23 13:24:28.486 15544 15544 I Finsky  : [2] ackw.g(1): ackw - Received: android.intent.action.PACKAGE_REMOVED, [HbyHCQnCxwtveUTIAxdA7XRy1t6larhyU7Cp3MB-Tn0]
04-23 13:24:28.487 25053 25053 I Finsky:background: [2] ackm.g(6): ackm - Received: android.intent.action.PACKAGE_REMOVED, [HbyHCQnCxwtveUTIAxdA7XRy1t6larhyU7Cp3MB-Tn0]
04-23 13:24:28.488 13942 13989 D BroadcastQueue: Done with parallel broadcast [background] [BroadcastRecord{1bdf2ed u0 android.intent.action.PACKAGE_REMOVED_INTERNAL}]
04-23 13:24:28.488 13942 13989 W BroadcastQueue: Background execution not allowed: receiving Intent { act=android.intent.action.PACKAGE_REMOVED dat=package: flg=0x4000010 (has extras) } to com.android.vending/com.google.android.finsky.packagemonitor.backgroundimpl.BackgroundPackageMonitorReceiverImpl$RegisteredReceiver
04-23 13:24:28.488 13942 13989 W BroadcastQueue: Background execution not allowed: receiving Intent { act=android.intent.action.PACKAGE_REMOVED dat=package: flg=0x4000010 (has extras) } to com.android.vending/com.google.android.finsky.instantapps.appmanagement.InstantAppRemoveMonitor
04-23 13:24:28.488 13942 13989 W BroadcastQueue: Background execution not allowed: receiving Intent { act=android.intent.action.PACKAGE_REMOVED dat=package: flg=0x4000010 (has extras) } to com.google.android.gms/.chimera.GmsIntentOperationService$PersistentTrustedReceiver
04-23 13:24:28.488 13942 13989 W BroadcastQueue: Background execution not allowed: receiving Intent { act=android.intent.action.PACKAGE_REMOVED dat=package: flg=0x4000010 (has extras) } to com.google.android.gms/.games.chimera.GamesSystemBroadcastReceiverProxy
04-23 13:24:28.488 13942 13989 W BroadcastQueue: Background execution not allowed: receiving Intent { act=android.intent.action.PACKAGE_REMOVED dat=package: flg=0x4000010 (has extras) } to com.google.android.videos/com.google.android.libraries.social.peoplekit.thirdparty.viewcontrollers.ThirdPartyReceiver
04-23 13:24:28.489 13942 13989 D BroadcastQueue: Finished with ordered broadcast BroadcastRecord{dad0d04 u0 android.intent.action.PACKAGE_REMOVED} receivers:([ResolveInfo{2e14bb3 com.android.vending/com.google.android.finsky.packagemonitor.impl.PackageMonitorReceiverImpl$RegisteredReceiver m=0x208000}, ResolveInfo{e6ff570 com.android.vending/com.google.android.finsky.packagemonitor.backgroundimpl.BackgroundPackageMonitorReceiverImpl$RegisteredReceiver m=0x208000}, ResolveInfo{713d0e9 com.android.vending/com.google.android.finsky.instantapps.appmanagement.InstantAppRemoveMonitor m=0x208000}, ResolveInfo{a4d216e com.google.android.gms/.chimera.GmsIntentOperationService$PersistentTrustedReceiver m=0x208000}, ResolveInfo{c1af00f com.google.android.gms/.games.chimera.GamesSystemBroadcastReceiverProxy m=0x208000}, ResolveInfo{736f89c com.google.android.videos/com.google.android.libraries.social.peoplekit.thirdparty.viewcontrollers.ThirdPartyReceiver m=0x208000}]) take 5ms in [background], remains -1
04-23 13:24:28.501 13942 14016 D BroadcastQueue: Add broadcast <BroadcastRecord{1a6d207 u0 android.intent.action.PACKAGE_ADDED}> into [parallel | background], pending size 0
04-23 13:24:28.501 13942 14016 D BroadcastQueue: Add broadcast <BroadcastRecord{6fbf34 u0 android.intent.action.PACKAGE_ADDED}> into [ordered | background], pending size 0
04-23 13:24:28.501 13942 14016 D BroadcastQueue: Header is BroadcastRecord{6fbf34 u0 android.intent.action.PACKAGE_ADDED} now
04-23 13:24:28.506 13942 13942 D BroadcastQueue: Add broadcast <BroadcastRecord{e39aa0 u0 android.os.action.POWER_SAVE_TEMP_WHITELIST_CHANGED}> into [parallel | background], pending size 1
04-23 13:24:28.520 14340 14340 V MediaPlayerList: mPackageChangedBroadcastReceiver: action: android.intent.action.PACKAGE_REMOVED
04-23 13:24:28.525 13942 14016 D BroadcastQueue: Add broadcast <BroadcastRecord{6036f15 u0 android.intent.action.PACKAGE_ADDED}> into [parallel | background], pending size 2
04-23 13:24:28.525 13942 14016 D BroadcastQueue: Add broadcast <BroadcastRecord{a8ce22a u0 android.intent.action.PACKAGE_ADDED}> into [ordered | background], pending size 1
04-23 13:24:28.525 13942 14016 D BroadcastQueue: Header is BroadcastRecord{6fbf34 u0 android.intent.action.PACKAGE_ADDED} now
04-23 13:24:28.528 25053 27273 I Finsky:background: [107] rph.accept(118): Wrote row to frosting DB: 11202
04-23 13:24:28.538 13942 14124 I SdkSandboxManager: No SDKs used. Skipping SDK data reconcilation for CallingInfo{mUid=10211, mPackageName='com.deggen.wallet, mAppProcessToken='null'}
04-23 13:24:28.545 14340 14340 V MediaPlayerList: mPackageChangedBroadcastReceiver: action: android.intent.action.PACKAGE_ADDED
04-23 13:24:28.545 14340 14340 D MediaPlayerList: Name of package changed: com.deggen.wallet
