04-23 13:21:54.607 13942 13989 D BroadcastQueue: Finished with ordered broadcast BroadcastRecord{6e92a20 u0 android.intent.action.PACKAGE_REPLACED} receivers:([ResolveInfo{4543ab6 com.google.android.apps.nbu.files/.documentbrowser.browselanding.rootcontainerlist.receiver.PackageChangeReceiver_Receiver m=0x208000}, ResolveInfo{84a3b7 com.google.android.gms/.chimera.GmsIntentOperationService$PersistentTrustedReceiver m=0x208000}, ResolveInfo{8e5a724 com.google.android.gms/.gass.chimera.PackageChangeBroadcastReceiver m=0x208000}, ResolveInfo{c8d528d com.motorola.ccc.notification/.gcm.GCMAdminReceiver m=0x208000}]) take 12ms in [background], remains -1
04-23 13:21:54.609 13942 15227 W PackageManager: Cannot suspend package "com.android.vending": required for package verification
04-23 13:21:54.609 13942 15227 W PackageManager: Cannot suspend the platform package: android
04-23 13:21:54.610 13942 15227 W PackageManager: Cannot suspend package "com.google.android.permissioncontroller": required for permissions management
04-23 13:21:54.613 13942 15227 W PackageManager: Cannot suspend package "com.google.android.dialer": is the default dialer
04-23 13:21:54.614 13942 15227 W PackageManager: Cannot suspend package "com.google.android.packageinstaller": required for package installation
04-23 13:21:54.616 13942 15227 W PackageManager: Cannot suspend package "com.motorola.paks": protected package
04-23 13:21:54.616 13942 15227 W PackageManager: Cannot suspend package "com.motorola.launcher3": contains the active launcher
04-23 13:21:54.723 13942 14374 V AlarmManager: set(null) : type=3 listener=android.app.AlarmManager$ListenerWrapper@6c50569 listenerTag=*job.delay* workSource=WorkSource{10114 com.android.vending} callingPackage=android callingUid=1000 triggerAtTime=95892314 win=10856 tElapsed=95892314 maxElapsed=95903170 interval=0 flags=0x0
04-23 13:21:54.797 13942 14013 E VerityUtils: Failed to measure fs-verity, errno 1: /data/app/~~gItO9fqRJxBo2wZwog7tbg==/com.deggen.wallet-R3klhRYo22O0aR9X-BRqyw==/base.apk
04-23 13:21:54.817 13942 20432 D IntervalStats: Unable to parse usage stats packages: [324, 325]
04-23 13:21:55.097 13942 13988 W WindowMagnificationMgr: requestConnection duplicated request: connect=false, mConnectionState=DISCONNECTED
04-23 13:21:55.105 13942 14312 D SSense  : onFpsChanged: fps:2.3333333
04-23 13:21:55.126 13942 13988 W WindowMagnificationMgr: requestConnection duplicated request: connect=false, mConnectionState=DISCONNECTED
04-23 13:21:55.128 13942 13972 D SSense  : windowsChanged
04-23 13:21:55.337 13942 14013 E VerityUtils: Failed to measure fs-verity, errno 1: /data/app/~~gItO9fqRJxBo2wZwog7tbg==/com.deggen.wallet-R3klhRYo22O0aR9X-BRqyw==/base.apk
04-23 13:21:55.425 13942 14376 D CompatibilityChangeReporter: Compat change id reported: 161145287; UID 10135; state: DISABLED
04-23 13:21:55.628 13942 15426 D CompatibilityChangeReporter: Compat change id reported: 194532703; UID 10135; state: ENABLED
04-23 13:21:55.640 13942 14376 W JobScheduler: Job didn't exist in JobStore: b7e435a #u0a135/3391 com.google.android.apps.maps/androidx.work.impl.background.systemjob.SystemJobService
04-23 13:21:55.646 13942 15413 W ActivityManager: Unable to start service Intent { act=com.google.android.gms.presencemanager.service.START pkg=com.google.android.gms } U=0: not found
04-23 13:21:55.647 13942 15413 W ActivityManager: Unbind failed: could not find connection for android.os.BinderProxy@2734dd9
04-23 13:21:55.651 13942 14376 W ActivityManager: Unable to start service Intent { act=com.google.android.gms.presencemanager.service.INTERNAL_IDENTITY pkg=com.google.android.gms } U=0: not found
04-23 13:21:55.652 13942 14376 W ActivityManager: Unbind failed: could not find connection for android.os.BinderProxy@ba6739e
04-23 13:21:55.685 13942 13969 W Looper  : Drained
04-23 13:21:55.704 13942 14376 W ActivityManager: Unable to start service Intent { cmp=com.google.android.projection.gearhead/com.google.android.apps.auto.carservice.service.impl.GearheadCarStartupService } U=0: not found
04-23 13:21:55.704 13942 14376 W ActivityManager: Unbind failed: could not find connection for android.os.BinderProxy@536939b
04-23 13:21:55.773 13942 14376 D CompatibilityChangeReporter: Compat change id reported: 161252188; UID 10113; state: ENABLED
04-23 13:21:56.007 13942 15413 D BroadcastQueue: Add broadcast <BroadcastRecord{b9a52d3 u-1 android.net.conn.CONNECTIVITY_CHANGE}> into [parallel | background], pending size 0
04-23 13:21:56.007 13942 13989 D BroadcastQueue: Done with parallel broadcast [background] [BroadcastRecord{b9a52d3 u-1 android.net.conn.CONNECTIVITY_CHANGE}]
04-23 13:21:56.027 13942 14376 D PackageManager: Considering set com.google.android.apps.maps/com.google.android.apps.gmm.widget.SearchWidgetProvider's state as 2 with userId = 0, callingPackage = null
04-23 13:21:56.029 13942 14376 D PackageManager: Considering set com.google.android.apps.maps/com.google.android.apps.gmm.widget.traffic.TrafficWidgetProvider's state as 2 with userId = 0, callingPackage = null
04-23 13:21:56.120 13942 14376 W ActivityManager: Unable to start service Intent { act=com.google.android.gms.wearable.BIND pkg=com.google.android.gms } U=0: not found
04-23 13:21:56.121 13942 14376 W ActivityManager: Unbind failed: could not find connection for android.os.BinderProxy@be73cef
04-23 13:21:56.164 13942 15413 W ActivityManager: Unable to start service Intent { act=com.google.android.gms.wearable.BIND pkg=com.google.android.gms } U=0: not found
04-23 13:21:56.166 13942 15413 W ActivityManager: Unbind failed: could not find connection for android.os.BinderProxy@a9a8718
04-23 13:21:56.254 13942 14309 D PowerController.RecogA: packageName:com.google.android.gms mFgEvent:APP_COMPONENT_USED mLastTimeFgEventChanged:95879369 mLastLaunchTime:0 mProcState:PROCESS_STATE_CACHED_EMPTY mLastTimeProcStateChanged:0 mNotificationState:0 mLastTimeNotificationStateChanged:0 mAudioState:0 mLastTimeAudioStateChanged:0 mRequestGps:true mAvoidConstraintGps:false mBehaviorType:0 mScreenOn:true mLastTimeScreenStateChanged:0 mLastBgTime:0 mFgDuration:0 mAudioDuration:0 mBgAudioDuration:0 mHasNoClearNotificationWhenNavi:false
04-23 13:21:56.285 13942 13969 D BroadcastQueue: Add broadcast <BroadcastRecord{d08d8c7 u-1 android.intent.action.DROPBOX_ENTRY_ADDED}> into [parallel | background], pending size 0
04-23 13:21:56.285 13942 13969 D BroadcastQueue: Add broadcast <BroadcastRecord{fbb1ef4 u-1 android.intent.action.DROPBOX_ENTRY_ADDED}> into [ordered | background], pending size 0
04-23 13:21:56.285 13942 13969 D BroadcastQueue: Header is BroadcastRecord{fbb1ef4 u-1 android.intent.action.DROPBOX_ENTRY_ADDED} now
04-23 13:21:56.286 13942 13989 D BroadcastQueue: Done with parallel broadcast [background] [BroadcastRecord{d08d8c7 u-1 android.intent.action.DROPBOX_ENTRY_ADDED}]
04-23 13:21:56.286 13942 13989 W BroadcastQueue: Background execution not allowed: receiving Intent { act=android.intent.action.DROPBOX_ENTRY_ADDED flg=0x10 (has extras) } to com.google.android.gms/.stats.service.DropBoxEntryAddedReceiver
04-23 13:21:56.286 13942 13989 D BroadcastQueue: Finished with ordered broadcast BroadcastRecord{fbb1ef4 u-1 android.intent.action.DROPBOX_ENTRY_ADDED} receivers:([ResolveInfo{ad2b61d com.google.android.gms/.stats.service.DropBoxEntryAddedReceiver m=0x108000}]) take 1ms in [background], remains -1
04-23 13:21:56.291 13942 14307 D PowerController.BgClean: new APK:com.deggen.wallet is installed! for userId:0
04-23 13:21:56.403 13942 14307 D PowerController.BgClean: new APK:com.deggen.wallet is installed! for userId:0
04-23 13:21:56.412 13942 13975 E UnisocWatchdog: WDT_Monitor: writeWDTMonitor duration=50,shutdowning=false
04-23 13:21:56.515 13942 14376 W ActivityManager: Unable to start service Intent { act=com.google.android.gms.wearable.BIND pkg=com.google.android.gms } U=0: not found
04-23 13:21:56.516 13942 14376 W ActivityManager: Unbind failed: could not find connection for android.os.BinderProxy@580408e
04-23 13:22:00.000 13942 14055 D AlarmManager: waitForAlarm result:8currentTime=1745410920000, elapsedRealtime=95883116
04-23 13:22:00.001 13942 14055 V AlarmManager: Received TIME_TICK alarm; rescheduling
04-23 13:22:00.001 13942 14055 V AlarmManager: set(null) : type=3 listener=com.android.server.alarm.AlarmManagerService$3@718f046 listenerTag=TIME_TICK workSource=null callingPackage=android callingUid=1000 triggerAtTime=95943115 win=0 tElapsed=95943115 maxElapsed=95943115 interval=0 flags=0x9
04-23 13:22:00.013 13942 14055 D AlarmManager: sending alarm.type = 3, action = null, alarm = Alarm{7d8891c type 3 origWhen 95883116 whenElapsed 95883116 android}, cn = null, operation = null, listener=com.android.server.alarm.AlarmManagerService$3@718f046, listenerTag=TIME_TICK, workSource=null
04-23 13:22:00.018 13942 13942 D BroadcastQueue: Add broadcast <BroadcastRecord{8a11925 u-1 android.intent.action.TIME_TICK}> into [parallel | foreground], pending size 0
04-23 13:22:00.019 13942 13989 D BroadcastQueue: Done with parallel broadcast [foreground] [BroadcastRecord{8a11925 u-1 android.intent.action.TIME_TICK}]
04-23 13:22:05.132 13942 14312 D SSense  : onTouchRateChanged: rate:0.0
04-23 13:22:09.472 13942 14038 D BroadcastQueue: Add broadcast <BroadcastRecord{eba47dd u0 android.os.action.POWER_SAVE_TEMP_WHITELIST_CHANGED}> into [parallel | background], pending size 0
04-23 13:22:09.473 13942 13989 D BroadcastQueue: Done with parallel broadcast [background] [BroadcastRecord{eba47dd u0 android.os.action.POWER_SAVE_TEMP_WHITELIST_CHANGED}]
04-23 13:22:09.496 13942 14016 D PackageManager: Package verification : verificationId = 2, streaming is false
04-23 13:22:09.979 13942 13942 D BroadcastQueue: Add broadcast <BroadcastRecord{9241f52 u-1 android.intent.action.BATTERY_CHANGED}> into [parallel | background], pending size 0
04-23 13:22:09.984 13942 13989 D BroadcastQueue: Done with parallel broadcast [background] [BroadcastRecord{9241f52 u-1 android.intent.action.BATTERY_CHANGED}]
04-23 13:22:09.997 14211 22016 D PowerUI : can't show warning due to - plugged: true status unknown: false
04-23 13:22:15.134 13942 14312 D SSense  : onTouchRateChanged: rate:0.0
04-23 13:22:20.054 13942 14055 D AlarmManager: waitForAlarm result:8currentTime=1745410940054, elapsedRealtime=95903170
04-23 13:22:20.055 13942 14055 D AlarmManager: sending alarm.type = 3, action = null, alarm = Alarm{ca71d7f type 3 origWhen 95892314 whenElapsed 95892314 android}, cn = null, operation = null, listener=android.app.AlarmManager$ListenerWrapper@6c50569, listenerTag=*job.delay*, workSource=WorkSource{10114 com.android.vending}
04-23 13:22:20.055 13942 14055 D AlarmManager: sending alarm.type = 3, action = null, alarm = Alarm{d5e714c type 3 origWhen 95900206 whenElapsed 95900206 android}, cn = null, operation = null, listener=android.app.AlarmManager$ListenerWrapper@e883c14, listenerTag=*CountQuotaTracker.cleanup*, workSource=null
04-23 13:22:20.071 13942 13942 V AlarmManager: set(null) : type=3 listener=android.app.AlarmManager$ListenerWrapper@6c50569 listenerTag=*job.delay* workSource=WorkSource{10189 com.appmind.radios.gb} callingPackage=android callingUid=1000 triggerAtTime=96146991 win=182853 tElapsed=96146991 maxElapsed=96329844 interval=0 flags=0x0
04-23 13:22:20.083 13942 13969 V AlarmManager: set(null) : type=3 listener=android.app.AlarmManager$ListenerWrapper@e883c14 listenerTag=*CountQuotaTracker.cleanup* workSource=null callingPackage=android callingUid=1000 triggerAtTime=96539156 win=476967 tElapsed=96539156 maxElapsed=97016123 interval=0 flags=0x8
04-23 13:22:22.428 13942 14016 D PackageManager: Integrity verification : verificationId = 2
04-23 13:22:24.196 13942 14038 D BroadcastQueue: Add broadcast <BroadcastRecord{498faa2 u0 android.os.action.POWER_SAVE_TEMP_WHITELIST_CHANGED}> into [parallel | background], pending size 0
04-23 13:22:24.196 13942 13989 D BroadcastQueue: Done with parallel broadcast [background] [BroadcastRecord{498faa2 u0 android.os.action.POWER_SAVE_TEMP_WHITELIST_CHANGED}]
04-23 13:22:25.136 13942 14312 D SSense  : onTouchRateChanged: rate:0.0
04-23 13:22:26.413 13942 13975 E UnisocWatchdog: WDT_Monitor: writeWDTMonitor duration=50,shutdowning=false
04-23 13:22:29.428 13942 15413 I ActivityManager: Killing 26340:android.process.acore/u0a50 (adj 965): empty #9
04-23 13:22:29.429 13942 13997 D AppOps  : RECORD_AUDIO-evalMode-op:27 ,mode: 4 ,capability: 8
04-23 13:22:29.446 13942 13997 D AppOps  : RECORD_AUDIO-evalMode-op:27 ,mode: 4 ,capability: 8
04-23 13:22:29.446 13942 13997 D AppOps  : RECORD_AUDIO-evalMode-op:27 ,mode: 4 ,capability: 8
04-23 13:22:29.446 13942 13997 D AppOps  : RECORD_AUDIO-evalMode-op:27 ,mode: 4 ,capability: 8
04-23 13:22:29.446 13942 13997 D AppOps  : CAMERAR-evalMode-op:26 ,mode: 4 ,capability: 8
04-23 13:22:29.446 13942 13997 D AppOps  : CAMERAR-evalMode-op:26 ,mode: 4 ,capability: 8
04-23 13:22:29.446 13942 13997 D AppOps  : CAMERAR-evalMode-op:26 ,mode: 4 ,capability: 8
04-23 13:22:29.446 13942 13997 D AppOps  : CAMERAR-evalMode-op:26 ,mode: 4 ,capability: 8
04-23 13:22:29.491 13942 15227 D CountryDetector: No listener is left
04-23 13:22:35.139 13942 14312 D SSense  : onTouchRateChanged: rate:0.0
04-23 13:22:45.141 13942 14312 D SSense  : onTouchRateChanged: rate:0.0
04-23 13:22:45.841 13942 14038 D BroadcastQueue: Add broadcast <BroadcastRecord{e683f5a u0 android.os.action.POWER_SAVE_TEMP_WHITELIST_CHANGED}> into [parallel | background], pending size 0
04-23 13:22:45.842 13942 13989 D BroadcastQueue: Done with parallel broadcast [background] [BroadcastRecord{e683f5a u0 android.os.action.POWER_SAVE_TEMP_WHITELIST_CHANGED}]
04-23 13:22:55.143 13942 14312 D SSense  : onTouchRateChanged: rate:0.0
04-23 13:22:56.414 13942 13975 E UnisocWatchdog: WDT_Monitor: writeWDTMonitor duration=50,shutdowning=false
04-23 13:22:59.999 13942 14055 D AlarmManager: waitForAlarm result:8currentTime=1745410979999, elapsedRealtime=95943115
04-23 13:22:59.999 13942 14055 V AlarmManager: Received TIME_TICK alarm; rescheduling
04-23 13:22:59.999 13942 14055 V AlarmManager: set(null) : type=3 listener=com.android.server.alarm.AlarmManagerService$3@718f046 listenerTag=TIME_TICK workSource=null callingPackage=android callingUid=1000 triggerAtTime=95943116 win=0 tElapsed=95943116 maxElapsed=95943116 interval=0 flags=0x9
04-23 13:23:00.000 13942 13942 D BroadcastQueue: Add broadcast <BroadcastRecord{e6f5fb2 u-1 android.intent.action.TIME_TICK}> into [parallel | foreground], pending size 0
04-23 13:23:00.000 13942 14055 D AlarmManager: sending alarm.type = 3, action = null, alarm = Alarm{a402b03 type 3 origWhen 95943115 whenElapsed 95943115 android}, cn = null, operation = null, listener=com.android.server.alarm.AlarmManagerService$3@718f046, listenerTag=TIME_TICK, workSource=null
04-23 13:23:00.000 13942 13989 D BroadcastQueue: Done with parallel broadcast [foreground] [BroadcastRecord{e6f5fb2 u-1 android.intent.action.TIME_TICK}]
04-23 13:23:00.001 13942 14055 D AlarmManager: waitForAlarm result:8currentTime=1745410980001, elapsedRealtime=95943116
04-23 13:23:00.001 13942 14055 V AlarmManager: Received TIME_TICK alarm; rescheduling
04-23 13:23:00.001 13942 14055 V AlarmManager: set(null) : type=3 listener=com.android.server.alarm.AlarmManagerService$3@718f046 listenerTag=TIME_TICK workSource=null callingPackage=android callingUid=1000 triggerAtTime=96003116 win=0 tElapsed=96003116 maxElapsed=96003116 interval=0 flags=0x9
04-23 13:23:00.001 13942 13942 D BroadcastQueue: Add broadcast <BroadcastRecord{1bf6a80 u-1 android.intent.action.TIME_TICK}> into [parallel | foreground], pending size 0
04-23 13:23:00.002 13942 14055 D AlarmManager: sending alarm.type = 3, action = null, alarm = Alarm{ff388b9 type 3 origWhen 95943116 whenElapsed 95943116 android}, cn = null, operation = null, listener=com.android.server.alarm.AlarmManagerService$3@718f046, listenerTag=TIME_TICK, workSource=null
04-23 13:23:00.003 13942 13989 D BroadcastQueue: Done with parallel broadcast [foreground] [BroadcastRecord{1bf6a80 u-1 android.intent.action.TIME_TICK}]
04-23 13:23:02.137 13942 14309 D PowerController.RecogA: packageName:com.google.android.gms mFgEvent:SYSTEM_INTERACTION mLastTimeFgEventChanged:95945252 mLastLaunchTime:0 mProcState:PROCESS_STATE_CACHED_EMPTY mLastTimeProcStateChanged:0 mNotificationState:0 mLastTimeNotificationStateChanged:0 mAudioState:0 mLastTimeAudioStateChanged:0 mRequestGps:true mAvoidConstraintGps:false mBehaviorType:0 mScreenOn:true mLastTimeScreenStateChanged:0 mLastBgTime:0 mFgDuration:0 mAudioDuration:0 mBgAudioDuration:0 mHasNoClearNotificationWhenNavi:false
04-23 13:23:05.143 13942 14312 D SSense  : onTouchRateChanged: rate:0.0
04-23 13:23:09.955 13942 13942 D BroadcastQueue: Add broadcast <BroadcastRecord{5100998 u-1 android.intent.action.BATTERY_CHANGED}> into [parallel | background], pending size 0
04-23 13:23:09.957 13942 13989 D BroadcastQueue: Done with parallel broadcast [background] [BroadcastRecord{5100998 u-1 android.intent.action.BATTERY_CHANGED}]
04-23 13:23:09.959 14211 23151 D PowerUI : can't show warning due to - plugged: true status unknown: false
04-23 13:23:15.145 13942 14312 D SSense  : onTouchRateChanged: rate:0.0
04-23 13:23:25.146 13942 14312 D SSense  : onTouchRateChanged: rate:0.0
04-23 13:23:26.415 13942 13975 E UnisocWatchdog: WDT_Monitor: writeWDTMonitor duration=50,shutdowning=false
04-23 13:23:35.150 13942 14312 D SSense  : onTouchRateChanged: rate:0.0
04-23 13:23:45.155 13942 14312 D SSense  : onTouchRateChanged: rate:0.0
04-23 13:23:56.416 13942 13975 E UnisocWatchdog: WDT_Monitor: writeWDTMonitor duration=50,shutdowning=false
04-23 13:23:56.601 13942 14027 D PackageInstallerSession: Boost from sessionCommit!
04-23 13:23:56.904 13942 14016 I PackageManager: startCopy UserHandle{-1}: InstallParams{deaf0c2 file=/data/app/vmdl513336255.tmp}
04-23 13:23:56.916 13942 14016 D BroadcastQueue: Add broadcast <BroadcastRecord{a6fced3 u0 android.intent.action.PACKAGE_NEEDS_INTEGRITY_VERIFICATION}> into [ordered | foreground], pending size 0
04-23 13:23:56.916 13942 14016 D BroadcastQueue: Header is BroadcastRecord{a6fced3 u0 android.intent.action.PACKAGE_NEEDS_INTEGRITY_VERIFICATION} now
04-23 13:23:56.917 13942 14016 D PackageManager: Found 1 verifiers for intent Intent { act=android.intent.action.PACKAGE_NEEDS_VERIFICATION dat=file:///... typ=application/vnd.android.package-archive flg=0x10000001 } with 0 optional verifiers
04-23 13:23:56.918 13942 14016 E PackageManager: ERROR: could not load root hash from incremental install
04-23 13:23:56.919 13942 14016 D BroadcastQueue: Add broadcast <BroadcastRecord{cd18a10 u0 android.os.action.POWER_SAVE_TEMP_WHITELIST_CHANGED}> into [parallel | background], pending size 0
04-23 13:23:56.919 13942 13989 D BroadcastQueue: Done with parallel broadcast [background] [BroadcastRecord{cd18a10 u0 android.os.action.POWER_SAVE_TEMP_WHITELIST_CHANGED}]
04-23 13:23:56.920 13942 14016 D BroadcastQueue: Add broadcast <BroadcastRecord{5a8d909 u0 android.intent.action.PACKAGE_NEEDS_VERIFICATION}> into [ordered | foreground], pending size 0
04-23 13:23:56.920 13942 14016 D BroadcastQueue: Header is BroadcastRecord{5a8d909 u0 android.intent.action.PACKAGE_NEEDS_VERIFICATION} now
04-23 13:23:56.921 13942 14068 D BroadcastQueue: Finished with ordered broadcast BroadcastRecord{a6fced3 u0 android.intent.action.PACKAGE_NEEDS_INTEGRITY_VERIFICATION} receivers:([BroadcastFilter{716903 1000/u0 ReceiverList{1c6d5b2 13942 system/1000/u0 local:fb65bbd}}]) take 5ms in [foreground], remains 0
04-23 13:23:56.956 13942 14016 I PackageManager: Integrity check passed for file:///data/app/vmdl513336255.tmp
04-23 13:23:56.973 13942 15426 D BroadcastQueue: Finished with ordered broadcast BroadcastRecord{5a8d909 u0 android.intent.action.PACKAGE_NEEDS_VERIFICATION} receivers:([ResolveInfo{be3eb27 com.android.vending/com.google.android.finsky.verifier.impl.PackageVerificationReceiver m=0x0}]) take 52ms in [foreground], remains -1
04-23 13:23:57.010 15544 27264 W PackageParser: Unknown element under <manifest>: queries at /data/app/vmdl513336255.tmp/base.apk Binary XML file line #21
04-23 13:23:58.198 13942 14016 D PackageManager: Package verified : verificationId = 3
04-23 13:23:58.198 13942 14016 D BroadcastQueue: Add broadcast <BroadcastRecord{74c41a5 u-1 android.intent.action.PACKAGE_VERIFIED}> into [parallel | background], pending size 0
04-23 13:23:58.199 13942 13989 D BroadcastQueue: Done with parallel broadcast [background] [BroadcastRecord{74c41a5 u-1 android.intent.action.PACKAGE_VERIFIED}]
04-23 13:23:58.200 13942 14016 D PackageManager: Package verified end
04-23 13:23:58.202 13942 14016 I PackageManager: init_copy: InstallParams{60a452b file=/data/app/vmdl513336255.tmp}
04-23 13:23:58.202 13942 14016 I PackageManager: startCopy UserHandle{-1}: InstallParams{60a452b file=/data/app/vmdl513336255.tmp}
04-23 13:23:58.205 13942 14016 D PackageManager: overrideInstallLocation: com.deggen.wallet recommendedInstallLocation = 1 installLocation = -1
04-23 13:23:58.205 13942 14016 D PackageManager: overrideInstallLocation: onInt = true mInstallFlags = 5242994
04-23 13:23:58.205 13942 14016 D PackageManager: /data/app/vmdl513336255.tmp already staged; skipping copy
04-23 13:23:58.205 13942 14016 D PackageManager: installPackageLI: path=/data/app/vmdl513336255.tmp args.mVolumeUuid = null
04-23 13:23:58.205 13942 14016 D PackageManager: parsePackage /data/app/vmdl513336255.tmp start with parseFlags = -2147483584
04-23 13:23:58.217 13942 14016 D PackageManager: parsePackage /data/app/vmdl513336255.tmp end
04-23 13:23:58.217 13942 14016 D PackageManager: collectCertificates start: has been given
04-23 13:23:58.217 13942 14016 D PackageManager: collectCertificates end
04-23 13:23:58.217 13942 14016 D PackageManager: Replace existing package: com.deggen.wallet
04-23 13:23:58.217 13942 14016 D PackageManager: Existing package for signature checking: PackageSetting{fb91ee4 com.deggen.wallet/10211}
04-23 13:23:58.217 13942 14016 D PackageManager: Existing package: PackageSetting{fb91ee4 com.deggen.wallet/10211}
04-23 13:23:58.222 13942 14016 D PackageManager: Renaming /data/app/vmdl513336255.tmp to /data/app/~~nlM2oaYun3_KR2sGkUMPrw==/com.deggen.wallet-rHk7cTtPEgBh5uERwBprAQ==
04-23 13:23:58.225 13942 14016 D PackageManager: replacePackageLI: new=Package{eaacfde com.deggen.wallet}, old=Package{67e27e1 com.deggen.wallet}
04-23 13:23:58.225 13942 13989 I ActivityManager: Force stopping com.deggen.wallet appid=10211 user=-1: installPackageLI
04-23 13:23:58.225 13942 14016 D PackageManager: replaceNonSystemPackageLI: new=Package{eaacfde com.deggen.wallet}, old=Package{67e27e1 com.deggen.wallet}
04-23 13:23:58.228 13942 14016 I PackageManager: Update package com.deggen.wallet code path from /data/app/~~gItO9fqRJxBo2wZwog7tbg==/com.deggen.wallet-R3klhRYo22O0aR9X-BRqyw== to /data/app/~~nlM2oaYun3_KR2sGkUMPrw==/com.deggen.wallet-rHk7cTtPEgBh5uERwBprAQ==; Retain data and using new
04-23 13:23:58.233 13942 14016 I AppsFilter: interaction: PackageSetting{95b4550 com.reacttesthadesmessagehandler/10188} -> PackageSetting{8922e42 com.deggen.wallet/10211} BLOCKED
04-23 13:23:58.233 13942 14016 I AppsFilter: interaction: PackageSetting{e9da44e com.projectbabbage.crypton.test/10216} -> PackageSetting{8922e42 com.deggen.wallet/10211} BLOCKED
04-23 13:23:58.233 13942 14016 I AppsFilter: interaction: PackageSetting{382e96f com.example.myapplication/10191} -> PackageSetting{8922e42 com.deggen.wallet/10211} BLOCKED
04-23 13:23:58.233 13942 14016 I AppsFilter: interaction: PackageSetting{cb7667c com.mobile/10195} -> PackageSetting{8922e42 com.deggen.wallet/10211} BLOCKED
04-23 13:23:58.233 13942 14016 I AppsFilter: interaction: PackageSetting{b389b05 com.projectbabbage.crypton/10202} -> PackageSetting{8922e42 com.deggen.wallet/10211} BLOCKED
04-23 13:23:58.233 13942 14016 I AppsFilter: interaction: PackageSetting{133b75a com.example.testhadesmessagehandler/10209} -> PackageSetting{8922e42 com.deggen.wallet/10211} BLOCKED
04-23 13:23:58.233 13942 14016 D PackageManager: Removing non-system package: com.deggen.wallet
04-23 13:23:58.233 13942 14016 I AppsFilter: interaction: PackageSetting{95b4550 com.reacttesthadesmessagehandler/10188} -> PackageSetting{fb91ee4 com.deggen.wallet/10211} BLOCKED
04-23 13:23:58.233 13942 14016 I AppsFilter: interaction: PackageSetting{e9da44e com.projectbabbage.crypton.test/10216} -> PackageSetting{fb91ee4 com.deggen.wallet/10211} BLOCKED
04-23 13:23:58.233 13942 14016 I AppsFilter: interaction: PackageSetting{382e96f com.example.myapplication/10191} -> PackageSetting{fb91ee4 com.deggen.wallet/10211} BLOCKED
04-23 13:23:58.233 13942 14016 I AppsFilter: interaction: PackageSetting{cb7667c com.mobile/10195} -> PackageSetting{fb91ee4 com.deggen.wallet/10211} BLOCKED
04-23 13:23:58.233 13942 14016 I AppsFilter: interaction: PackageSetting{b389b05 com.projectbabbage.crypton/10202} -> PackageSetting{fb91ee4 com.deggen.wallet/10211} BLOCKED
04-23 13:23:58.233 13942 14016 I AppsFilter: interaction: PackageSetting{133b75a com.example.testhadesmessagehandler/10209} -> PackageSetting{fb91ee4 com.deggen.wallet/10211} BLOCKED
04-23 13:23:58.233 13942 14016 D PackageManager: removePackageDataLI: PackageSetting{fb91ee4 com.deggen.wallet/10211}
04-23 13:23:58.234 13942 14016 D PackageManager: Propagating install state across downgrade
04-23 13:23:58.234 13942 14016 D PackageManager:     user 0 => true
04-23 13:23:58.265 13942 14016 D PackageManager: New package installed in /data/app/~~nlM2oaYun3_KR2sGkUMPrw==/com.deggen.wallet-rHk7cTtPEgBh5uERwBprAQ==
04-23 13:23:58.265 13942 14016 I PackageManager: Permission ownership changed. Updating all permissions.
04-23 13:23:58.363 13942 14016 I AppsFilter: interaction: PackageSetting{95b4550 com.reacttesthadesmessagehandler/10188} -> PackageSetting{fb91ee4 com.deggen.wallet/10211} BLOCKED
04-23 13:23:58.363 13942 14016 I AppsFilter: interaction: PackageSetting{e9da44e com.projectbabbage.crypton.test/10216} -> PackageSetting{fb91ee4 com.deggen.wallet/10211} BLOCKED
04-23 13:23:58.363 13942 14016 I AppsFilter: interaction: PackageSetting{382e96f com.example.myapplication/10191} -> PackageSetting{fb91ee4 com.deggen.wallet/10211} BLOCKED
04-23 13:23:58.363 13942 14016 I AppsFilter: interaction: PackageSetting{cb7667c com.mobile/10195} -> PackageSetting{fb91ee4 com.deggen.wallet/10211} BLOCKED
04-23 13:23:58.363 13942 14016 I AppsFilter: interaction: PackageSetting{b389b05 com.projectbabbage.crypton/10202} -> PackageSetting{fb91ee4 com.deggen.wallet/10211} BLOCKED
04-23 13:23:58.363 13942 14016 I AppsFilter: interaction: PackageSetting{133b75a com.example.testhadesmessagehandler/10209} -> PackageSetting{fb91ee4 com.deggen.wallet/10211} BLOCKED
04-23 13:23:58.377 13942 14016 D PackageManager: PowerHint release!
04-23 13:23:58.378 13942 14016 D PackageManager: Install end
04-23 13:23:58.378 13942 14016 I ActivityManager: Force stopping com.deggen.wallet appid=10211 user=0: pkg removed
04-23 13:23:58.384 13942 14016 D BroadcastQueue: Add broadcast <BroadcastRecord{d79ff66 u0 android.intent.action.PACKAGE_REMOVED}> into [parallel | background], pending size 0
04-23 13:23:58.384 13942 14016 D BroadcastQueue: Add broadcast <BroadcastRecord{7a702a7 u0 android.intent.action.PACKAGE_REMOVED}> into [ordered | background], pending size 0
04-23 13:23:58.384 13942 14016 D BroadcastQueue: Header is BroadcastRecord{7a702a7 u0 android.intent.action.PACKAGE_REMOVED} now
04-23 13:23:58.392 13942 13989 D BroadcastQueue: Done with parallel broadcast [background] [BroadcastRecord{d79ff66 u0 android.intent.action.PACKAGE_REMOVED}]
04-23 13:23:58.392 13942 13989 W BroadcastQueue: Background execution not allowed: receiving Intent { act=android.intent.action.PACKAGE_REMOVED dat=package: flg=0x4000010 (has extras) } to com.android.vending/com.google.android.finsky.packagemonitor.impl.PackageMonitorReceiverImpl$RegisteredReceiver
04-23 13:23:58.392 13942 13989 W BroadcastQueue: Background execution not allowed: receiving Intent { act=android.intent.action.PACKAGE_REMOVED dat=package: flg=0x4000010 (has extras) } to com.android.vending/com.google.android.finsky.packagemonitor.backgroundimpl.BackgroundPackageMonitorReceiverImpl$RegisteredReceiver
04-23 13:23:58.392 13942 13989 W BroadcastQueue: Background execution not allowed: receiving Intent { act=android.intent.action.PACKAGE_REMOVED dat=package: flg=0x4000010 (has extras) } to com.android.vending/com.google.android.finsky.instantapps.appmanagement.InstantAppRemoveMonitor
04-23 13:23:58.392 13942 13989 W BroadcastQueue: Background execution not allowed: receiving Intent { act=android.intent.action.PACKAGE_REMOVED dat=package: flg=0x4000010 (has extras) } to com.google.android.gms/.chimera.GmsIntentOperationService$PersistentTrustedReceiver
04-23 13:23:58.392 13942 13989 W BroadcastQueue: Background execution not allowed: receiving Intent { act=android.intent.action.PACKAGE_REMOVED dat=package: flg=0x4000010 (has extras) } to com.google.android.gms/.games.chimera.GamesSystemBroadcastReceiverProxy
04-23 13:23:58.392 13942 13989 W BroadcastQueue: Background execution not allowed: receiving Intent { act=android.intent.action.PACKAGE_REMOVED dat=package: flg=0x4000010 (has extras) } to com.google.android.videos/com.google.android.libraries.social.peoplekit.thirdparty.viewcontrollers.ThirdPartyReceiver
04-23 13:23:58.392 13942 13989 D BroadcastQueue: Finished with ordered broadcast BroadcastRecord{7a702a7 u0 android.intent.action.PACKAGE_REMOVED} receivers:([ResolveInfo{9153354 com.android.vending/com.google.android.finsky.packagemonitor.impl.PackageMonitorReceiverImpl$RegisteredReceiver m=0x208000}, ResolveInfo{aa2a2fd com.android.vending/com.google.android.finsky.packagemonitor.backgroundimpl.BackgroundPackageMonitorReceiverImpl$RegisteredReceiver m=0x208000}, ResolveInfo{196abf2 com.android.vending/com.google.android.finsky.instantapps.appmanagement.InstantAppRemoveMonitor m=0x208000}, ResolveInfo{4b72243 com.google.android.gms/.chimera.GmsIntentOperationService$PersistentTrustedReceiver m=0x208000}, ResolveInfo{13c30c0 com.google.android.gms/.games.chimera.GamesSystemBroadcastReceiverProxy m=0x208000}, ResolveInfo{1fb71f9 com.google.android.videos/com.google.android.libraries.social.peoplekit.thirdparty.viewcontrollers.ThirdPartyReceiver m=0x208000}]) take 1ms in [background], remains -1
04-23 13:23:58.393 13942 14016 D BroadcastQueue: Add broadcast <BroadcastRecord{45f953e u0 android.intent.action.PACKAGE_REMOVED_INTERNAL}> into [parallel | background], pending size 0
04-23 13:23:58.393 13942 13989 D BroadcastQueue: Done with parallel broadcast [background] [BroadcastRecord{45f953e u0 android.intent.action.PACKAGE_REMOVED_INTERNAL}]
04-23 13:23:58.399 13942 14016 D BroadcastQueue: Add broadcast <BroadcastRecord{81f9f9f u0 android.intent.action.PACKAGE_ADDED}> into [parallel | background], pending size 0
04-23 13:23:58.400 13942 14016 D BroadcastQueue: Add broadcast <BroadcastRecord{c1398ec u0 android.intent.action.PACKAGE_ADDED}> into [ordered | background], pending size 0
04-23 13:23:58.400 13942 14016 D BroadcastQueue: Header is BroadcastRecord{c1398ec u0 android.intent.action.PACKAGE_ADDED} now
04-23 13:23:58.414 13942 13989 D BroadcastQueue: Done with parallel broadcast [background] [BroadcastRecord{81f9f9f u0 android.intent.action.PACKAGE_ADDED}]
04-23 13:23:58.415 13942 13989 W BroadcastQueue: Background execution not allowed: receiving Intent { act=android.intent.action.PACKAGE_ADDED dat=package: flg=0x4000010 (has extras) } to com.google.android.packageinstaller/com.android.packageinstaller.PackageInstalledReceiver
04-23 13:23:58.416 13942 14016 D BroadcastQueue: Add broadcast <BroadcastRecord{19fcb69 u0 android.intent.action.PACKAGE_ADDED}> into [parallel | background], pending size 0
04-23 13:23:58.416 13942 14016 D BroadcastQueue: Add broadcast <BroadcastRecord{d39c9ee u0 android.intent.action.PACKAGE_ADDED}> into [ordered | background], pending size 0
04-23 13:23:58.416 13942 14016 D BroadcastQueue: Header is BroadcastRecord{d39c9ee u0 android.intent.action.PACKAGE_ADDED} now
04-23 13:23:58.441 13942 14016 D BroadcastQueue: Add broadcast <BroadcastRecord{58c7ea1 u0 android.intent.action.PACKAGE_REPLACED}> into [parallel | background], pending size 1
04-23 13:23:58.441 13942 14016 D BroadcastQueue: Add broadcast <BroadcastRecord{ced28c6 u0 android.intent.action.PACKAGE_REPLACED}> into [ordered | background], pending size 1
04-23 13:23:58.441 13942 14016 D BroadcastQueue: Header is BroadcastRecord{d39c9ee u0 android.intent.action.PACKAGE_ADDED} now
04-23 13:23:58.447 13942 13989 D BroadcastQueue: Done with parallel broadcast [background] [BroadcastRecord{19fcb69 u0 android.intent.action.PACKAGE_ADDED}, BroadcastRecord{58c7ea1 u0 android.intent.action.PACKAGE_REPLACED}]
04-23 13:23:58.447 13942 13989 W BroadcastQueue: Background execution not allowed: receiving Intent { act=android.intent.action.PACKAGE_ADDED dat=package: flg=0x4000010 (has extras) } to com.android.vending/com.google.android.finsky.packagemonitor.impl.PackageMonitorReceiverImpl$RegisteredReceiver
04-23 13:23:58.447 13942 13989 W BroadcastQueue: Background execution not allowed: receiving Intent { act=android.intent.action.PACKAGE_ADDED dat=package: flg=0x4000010 (has extras) } to com.android.vending/com.google.android.finsky.packagemonitor.backgroundimpl.BackgroundPackageMonitorReceiverImpl$RegisteredReceiver
04-23 13:23:58.447 13942 13989 W BroadcastQueue: Background execution not allowed: receiving Intent { act=android.intent.action.PACKAGE_ADDED dat=package: flg=0x4000010 (has extras) } to com.google.android.apps.nbu.files/.documentbrowser.browselanding.rootcontainerlist.receiver.PackageChangeReceiver_Receiver
04-23 13:23:58.447 13942 13989 W BroadcastQueue: Background execution not allowed: receiving Intent { act=android.intent.action.PACKAGE_ADDED dat=package: flg=0x4000010 (has extras) } to com.google.android.gms/.chimera.GmsIntentOperationService$PersistentTrustedReceiver
04-23 13:23:58.447 13942 13989 W BroadcastQueue: Background execution not allowed: receiving Intent { act=android.intent.action.PACKAGE_ADDED dat=package: flg=0x4000010 (has extras) } to com.google.android.gms/.games.chimera.GamesSystemBroadcastReceiverProxy
04-23 13:23:58.447 13942 13989 W BroadcastQueue: Background execution not allowed: receiving Intent { act=android.intent.action.PACKAGE_ADDED dat=package: flg=0x4000010 (has extras) } to com.google.android.gms/.gass.chimera.PackageChangeBroadcastReceiver
04-23 13:23:58.447 13942 13989 D BroadcastQueue: Finished with ordered broadcast BroadcastRecord{c1398ec u0 android.intent.action.PACKAGE_ADDED} receivers:([ResolveInfo{4f4ebb4 com.google.android.packageinstaller/com.android.packageinstaller.PackageInstalledReceiver p=1 m=0x208000}, ResolveInfo{d5163dd com.android.vending/com.google.android.finsky.packagemonitor.impl.PackageMonitorReceiverImpl$RegisteredReceiver m=0x208000}, ResolveInfo{2030b52 com.android.vending/com.google.android.finsky.packagemonitor.backgroundimpl.BackgroundPackageMonitorReceiverImpl$RegisteredReceiver m=0x208000}, ResolveInfo{c2afe23 com.google.android.apps.nbu.files/.documentbrowser.browselanding.rootcontainerlist.receiver.PackageChangeReceiver_Receiver m=0x208000}, ResolveInfo{9cf0f20 com.google.android.gms/.chimera.GmsIntentOperationService$PersistentTrustedReceiver m=0x208000}, ResolveInfo{68560d9 com.google.android.gms/.games.chimera.GamesSystemBroadcastReceiverProxy m=0x208000}, ResolveInfo{b228a9e com.google.android.gms/.gass.chimera.PackageChangeBroadcastReceiver m=0x208000}]) take 33ms in [background], remains 1
04-23 13:23:58.456 13942 14016 D PackageInstallerSession: Marking session 513336255 as applied
04-23 13:23:58.457 13942 13942 D BroadcastQueue: Add broadcast <BroadcastRecord{fb74f76 u0 android.os.action.POWER_SAVE_TEMP_WHITELIST_CHANGED}> into [parallel | background], pending size 0
04-23 13:23:58.457 13942 13989 D BroadcastQueue: Done with parallel broadcast [background] [BroadcastRecord{fb74f76 u0 android.os.action.POWER_SAVE_TEMP_WHITELIST_CHANGED}]
04-23 13:23:58.480 13942 15419 D BroadcastQueue: Add broadcast <BroadcastRecord{af32e67 u0 com.motorola.motocare.INTENT_TRIGGER}> into [parallel | background], pending size 0
04-23 13:23:58.481 13942 13989 D BroadcastQueue: Done with parallel broadcast [background] [BroadcastRecord{af32e67 u0 com.motorola.motocare.INTENT_TRIGGER}]
04-23 13:23:58.533 13942 13942 I Telecom : CarModeTracker: Package com.deggen.wallet is not tracked.: SSH.oR@Afc
04-23 13:23:58.536 13942 13942 I Telecom : InCallController: updateCarModeForConnections: car mode apps: : SSH.oR@Afc
04-23 13:23:58.549 13942 14129 D SSense.AppInfoUtil: new APK:com.deggen.wallet is installed! for userId:0
04-23 13:23:58.552 13942 13942 I Telecom : DefaultDialerCache: Refreshing default dialer for user 0: now com.google.android.dialer: DDC.oR@Afg
04-23 13:23:58.556 13942 13942 V BackupManagerConstants: getFullBackupIntervalMilliseconds(...) returns 86400000
04-23 13:23:58.556 13942 13942 V BackupManagerConstants: getFullBackupRequiredNetworkType(...) returns 2
04-23 13:23:58.556 13942 13942 V BackupManagerConstants: getFullBackupRequireCharging(...) returns true
04-23 13:23:58.576 13942 15225 V AlarmManager: set(PendingIntent{d1b400d: PendingIntentRecord{92c6bc2 com.google.android.gms/com.google.android.gms.container startService}}) : type=3 listener=null listenerTag=null workSource=null callingPackage=com.google.android.gms callingUid=10113 triggerAtTime=315456001684 win=3600000 tElapsed=315456001684 maxElapsed=315459601684 interval=0 flags=0x0
04-23 13:23:58.591 13942 13988 W WindowMagnificationMgr: requestConnection duplicated request: connect=false, mConnectionState=DISCONNECTED
04-23 13:23:58.593 13942 13942 W AlarmManager: Package com.deggen.wallet, uid 10211 lost permission to set exact alarms!
04-23 13:23:58.648 13942 14129 D SSense.AppInfoUtil: new APK:com.deggen.wallet is installed! for userId:0
04-23 13:23:58.657 13942 15227 V AlarmManager: set(PendingIntent{1e5271f: PendingIntentRecord{1774a6c com.google.android.gms/com.google.android.gms.container startService}}) : type=3 listener=null listenerTag=null workSource=null callingPackage=com.google.android.gms callingUid=10113 triggerAtTime=315456001772 win=3600000 tElapsed=315456001772 maxElapsed=315459601772 interval=0 flags=0x0
04-23 13:23:58.661 13942 13988 W WindowMagnificationMgr: requestConnection duplicated request: connect=false, mConnectionState=DISCONNECTED
04-23 13:23:58.756 13942 20432 D IntervalStats: Unable to parse usage stats packages: [324, 325]
04-23 13:23:58.848 13942 15225 D BroadcastQueue: Finished with ordered broadcast BroadcastRecord{d39c9ee u0 android.intent.action.PACKAGE_ADDED} receivers:([ResolveInfo{451ae9f com.android.vending/com.google.android.finsky.packagemonitor.impl.PackageMonitorReceiverImpl$RegisteredReceiver m=0x208000}, ResolveInfo{7f5fbec com.android.vending/com.google.android.finsky.packagemonitor.backgroundimpl.BackgroundPackageMonitorReceiverImpl$RegisteredReceiver m=0x208000}]) take 401ms in [background], remains 0
04-23 13:23:58.848 13942 15225 W BroadcastQueue: Background execution not allowed: receiving Intent { act=android.intent.action.PACKAGE_REPLACED dat=package: flg=0x4000010 (has extras) } to com.google.android.apps.nbu.files/.documentbrowser.browselanding.rootcontainerlist.receiver.PackageChangeReceiver_Receiver
04-23 13:23:58.850 13942 13989 W BroadcastQueue: Background execution not allowed: receiving Intent { act=android.intent.action.PACKAGE_REPLACED dat=package: flg=0x4000010 (has extras) } to com.google.android.gms/.chimera.GmsIntentOperationService$PersistentTrustedReceiver
04-23 13:23:58.851 13942 13989 W BroadcastQueue: Background execution not allowed: receiving Intent { act=android.intent.action.PACKAGE_REPLACED dat=package: flg=0x4000010 (has extras) } to com.google.android.gms/.gass.chimera.PackageChangeBroadcastReceiver
04-23 13:23:58.851 13942 13989 W BroadcastQueue: Background execution not allowed: receiving Intent { act=android.intent.action.PACKAGE_REPLACED dat=package: flg=0x4000010 (has extras) } to com.motorola.ccc.notification/.gcm.GCMAdminReceiver
04-23 13:23:58.851 13942 13989 D BroadcastQueue: Finished with ordered broadcast BroadcastRecord{ced28c6 u0 android.intent.action.PACKAGE_REPLACED} receivers:([ResolveInfo{53cead8 com.google.android.apps.nbu.files/.documentbrowser.browselanding.rootcontainerlist.receiver.PackageChangeReceiver_Receiver m=0x208000}, ResolveInfo{58dfe31 com.google.android.gms/.chimera.GmsIntentOperationService$PersistentTrustedReceiver m=0x208000}, ResolveInfo{bce5916 com.google.android.gms/.gass.chimera.PackageChangeBroadcastReceiver m=0x208000}, ResolveInfo{304d297 com.motorola.ccc.notification/.gcm.GCMAdminReceiver m=0x208000}]) take 2ms in [background], remains -1
04-23 13:23:58.930 13942 15225 V AlarmManager: set(null) : type=3 listener=android.app.AlarmManager$ListenerWrapper@6c50569 listenerTag=*job.delay* workSource=WorkSource{10114 com.android.vending} callingPackage=android callingUid=1000 triggerAtTime=96016868 win=11117 tElapsed=96016868 maxElapsed=96027985 interval=0 flags=0x0
04-23 13:23:58.948 13942 15426 V AlarmManager: set(null) : type=3 listener=android.app.AlarmManager$ListenerWrapper@6c50569 listenerTag=*job.delay* workSource=WorkSource{10189 com.appmind.radios.gb} callingPackage=android callingUid=1000 triggerAtTime=96146991 win=108695 tElapsed=96146991 maxElapsed=96255686 interval=0 flags=0x0
04-23 13:23:58.949 13942 15426 V AlarmManager: set(null) : type=3 listener=android.app.AlarmManager$ListenerWrapper@6c50569 listenerTag=*job.delay* workSource=WorkSource{10114 com.android.vending} callingPackage=android callingUid=1000 triggerAtTime=96016734 win=11001 tElapsed=96016734 maxElapsed=96027735 interval=0 flags=0x0
04-23 13:23:59.114 13942 14013 E VerityUtils: Failed to measure fs-verity, errno 1: /data/app/~~nlM2oaYun3_KR2sGkUMPrw==/com.deggen.wallet-rHk7cTtPEgBh5uERwBprAQ==/base.apk
04-23 13:23:59.497 13942 14013 E VerityUtils: Failed to measure fs-verity, errno 1: /data/app/~~nlM2oaYun3_KR2sGkUMPrw==/com.deggen.wallet-rHk7cTtPEgBh5uERwBprAQ==/base.apk
04-23 13:24:00.000 13942 14055 D AlarmManager: waitForAlarm result:8currentTime=1745411040000, elapsedRealtime=96003116
04-23 13:24:00.000 13942 14055 V AlarmManager: Received TIME_TICK alarm; rescheduling
04-23 13:24:00.000 13942 14055 V AlarmManager: set(null) : type=3 listener=com.android.server.alarm.AlarmManagerService$3@718f046 listenerTag=TIME_TICK workSource=null callingPackage=android callingUid=1000 triggerAtTime=96063116 win=0 tElapsed=96063116 maxElapsed=96063116 interval=0 flags=0x9
04-23 13:24:00.001 13942 13942 D BroadcastQueue: Add broadcast <BroadcastRecord{2a11f7a u-1 android.intent.action.TIME_TICK}> into [parallel | foreground], pending size 0
04-23 13:24:00.002 13942 13989 D BroadcastQueue: Done with parallel broadcast [foreground] [BroadcastRecord{2a11f7a u-1 android.intent.action.TIME_TICK}]
04-23 13:24:00.007 13942 14055 D AlarmManager: sending alarm.type = 3, action = null, alarm = Alarm{88dc32b type 3 origWhen 96003116 whenElapsed 96003116 android}, cn = null, operation = null, listener=com.android.server.alarm.AlarmManagerService$3@718f046, listenerTag=TIME_TICK, workSource=null
04-23 13:24:00.552 13942 14307 D PowerController.BgClean: new APK:com.deggen.wallet is installed! for userId:0
04-23 13:24:00.592 13942 14307 D PowerController.BgClean: new APK:com.deggen.wallet is installed! for userId:0
04-23 13:24:06.837 13942 15225 W ActivityManager: stopServiceToken startId 10 is last, but have 1 remaining args
04-23 13:24:13.988 13942 14016 D PackageManager: Package verification : verificationId = 3, streaming is false
04-23 13:24:13.997 13942 14038 D BroadcastQueue: Add broadcast <BroadcastRecord{4156388 u0 android.os.action.POWER_SAVE_TEMP_WHITELIST_CHANGED}> into [parallel | background], pending size 0
04-23 13:24:13.998 13942 13989 D BroadcastQueue: Done with parallel broadcast [background] [BroadcastRecord{4156388 u0 android.os.action.POWER_SAVE_TEMP_WHITELIST_CHANGED}]
04-23 13:24:24.619 13942 14055 D AlarmManager: waitForAlarm result:8currentTime=1745411064619, elapsedRealtime=96027735
04-23 13:24:24.636 13942 14055 D BroadcastQueue: Add broadcast <BroadcastRecord{de52c15 u0 com.google.android.gms.gcm.ACTION_CHECK_QUEUE}> into [ordered | background], pending size 0
04-23 13:24:24.636 13942 14055 D BroadcastQueue: Header is BroadcastRecord{de52c15 u0 com.google.android.gms.gcm.ACTION_CHECK_QUEUE} now
04-23 13:24:24.649 13942 14374 D BroadcastQueue: Finished with ordered broadcast BroadcastRecord{de52c15 u0 com.google.android.gms.gcm.ACTION_CHECK_QUEUE} receivers:([ResolveInfo{b405b2a com.google.android.gms/.gcm.nts.SchedulerInternalReceiver m=0x0}]) take 12ms in [background], remains -1
04-23 13:24:24.649 13942 14055 D AlarmManager: sending alarm.type = 3, action = com.google.android.gms.gcm.ACTION_CHECK_QUEUE, alarm = Alarm{2a9cd1b type 3 origWhen 95977644 whenElapsed 95977644 com.google.android.gms}, cn = ComponentInfo{com.google.android.gms/com.google.android.gms.gcm.nts.SchedulerInternalReceiver}, operation = PendingIntent{c02867a: PendingIntentRecord{19d91ce com.google.android.gms/com.google.android.gms.scheduler broadcastIntent}}, listener=null, listenerTag=null, workSource=WorkSource{10113 com.google.android.gms}
04-23 13:24:24.649 13942 14055 D AlarmManager: sending alarm.type = 3, action = null, alarm = Alarm{cacbeb8 type 3 origWhen 96016734 whenElapsed 96016734 android}, cn = null, operation = null, listener=android.app.AlarmManager$ListenerWrapper@6c50569, listenerTag=*job.delay*, workSource=WorkSource{10114 com.android.vending}
04-23 13:24:24.651 13942 13942 V AlarmManager: set(null) : type=3 listener=android.app.AlarmManager$ListenerWrapper@6c50569 listenerTag=*job.delay* workSource=WorkSource{10189 com.appmind.radios.gb} callingPackage=android callingUid=1000 triggerAtTime=96146991 win=89418 tElapsed=96146991 maxElapsed=96236409 interval=0 flags=0x0
04-23 13:24:24.680 13942 14374 D CompatibilityChangeReporter: Compat change id reported: 161145287; UID 10113; state: DISABLED
04-23 13:24:24.785 13942 13942 W Looper  : Slow dispatch took 134ms main h=com.android.server.job.JobSchedulerService$JobHandler c=null m=8
04-23 13:24:24.906 13942 14251 V AlarmManager: set(PendingIntent{b7417ce: PendingIntentRecord{19d91ce com.google.android.gms/com.google.android.gms.scheduler broadcastIntent}}) : type=3 listener=null listenerTag=null workSource=WorkSource{10113 com.google.android.gms} callingPackage=com.google.android.gms callingUid=10113 triggerAtTime=98292050 win=1698021 tElapsed=98292050 maxElapsed=99990071 interval=0 flags=0x0
04-23 13:24:24.998 13942 14251 V AlarmManager: set(PendingIntent{2ae8939: PendingIntentRecord{19d91ce com.google.android.gms/com.google.android.gms.scheduler broadcastIntent}}) : type=3 listener=null listenerTag=null workSource=WorkSource{10113 com.google.android.gms} callingPackage=com.google.android.gms callingUid=10113 triggerAtTime=96989094 win=720735 tElapsed=96989094 maxElapsed=97709829 interval=0 flags=0x0
04-23 13:24:25.038 13942 15426 V AlarmManager: set(PendingIntent{78552e7: PendingIntentRecord{19d91ce com.google.android.gms/com.google.android.gms.scheduler broadcastIntent}}) : type=3 listener=null listenerTag=null workSource=WorkSource{10113 com.google.android.gms} callingPackage=com.google.android.gms callingUid=10113 triggerAtTime=96989094 win=720705 tElapsed=96989094 maxElapsed=97709799 interval=0 flags=0x0
04-23 13:24:25.153 13942 15426 V AlarmManager: set(PendingIntent{472b934: PendingIntentRecord{b7ee35d com.google.android.gms/com.google.android.gms.container startService}}) : type=3 listener=null listenerTag=null workSource=null callingPackage=com.google.android.gms callingUid=10113 triggerAtTime=315456028269 win=3600000 tElapsed=315456028269 maxElapsed=315459628269 interval=0 flags=0x0
04-23 13:24:25.194 13942 14903 V AlarmManager: set(PendingIntent{abadcff: PendingIntentRecord{19d91ce com.google.android.gms/com.google.android.gms.scheduler broadcastIntent}}) : type=3 listener=null listenerTag=null workSource=WorkSource{10113 com.google.android.gms} callingPackage=com.google.android.gms callingUid=10113 triggerAtTime=96989094 win=720588 tElapsed=96989094 maxElapsed=97709682 interval=0 flags=0x0
04-23 13:24:25.318 13942 14251 V AlarmManager: set(PendingIntent{75e9682: PendingIntentRecord{19d91ce com.google.android.gms/com.google.android.gms.scheduler broadcastIntent}}) : type=3 listener=null listenerTag=null workSource=WorkSource{10113 com.google.android.gms} callingPackage=com.google.android.gms callingUid=10113 triggerAtTime=96989094 win=720495 tElapsed=96989094 maxElapsed=97709589 interval=0 flags=0x0
04-23 13:24:25.623 13942 13957 V AlarmManager: set(PendingIntent{649b218: PendingIntentRecord{19d91ce com.google.android.gms/com.google.android.gms.scheduler broadcastIntent}}) : type=3 listener=null listenerTag=null workSource=WorkSource{10113 com.google.android.gms} callingPackage=com.google.android.gms callingUid=10113 triggerAtTime=96989094 win=720266 tElapsed=96989094 maxElapsed=97709360 interval=0 flags=0x0
04-23 13:24:25.649 13942 15227 V AlarmManager: set(PendingIntent{578ac30: PendingIntentRecord{19d91ce com.google.android.gms/com.google.android.gms.scheduler broadcastIntent}}) : type=3 listener=null listenerTag=null workSource=WorkSource{10113 com.google.android.gms} callingPackage=com.google.android.gms callingUid=10113 triggerAtTime=96989094 win=720246 tElapsed=96989094 maxElapsed=97709340 interval=0 flags=0x0
--------- beginning of main
04-23 13:24:25.853 15111 27100 I NotificationsModuleTask: Registering accounts to Chime Failed & Rescheduled for later. [CONTEXT service_id=358 ]
