04-23 13:19:53.593 13942 13942 V AlarmManager: set(null) : type=3 listener=android.app.AlarmManager$ListenerWrapper@6c50569 listenerTag=*job.delay* workSource=WorkSource{10135 com.google.android.apps.maps} callingPackage=android callingUid=1000 triggerAtTime=95786693 win=22488 tElapsed=95786693 maxElapsed=95809181 interval=0 flags=0x0
04-23 13:19:55.992 13942 14312 D SSense  : onTouchRateChanged: rate:0.0
04-23 13:19:56.120 13942 14016 D PackageManager: Integrity verification : verificationId = 1
04-23 13:19:56.409 13942 13975 E UnisocWatchdog: WDT_Monitor: writeWDTMonitor duration=50,shutdowning=false
04-23 13:19:57.695 13942 14038 D BroadcastQueue: Add broadcast <BroadcastRecord{c717b71 u0 android.os.action.POWER_SAVE_TEMP_WHITELIST_CHANGED}> into [parallel | background], pending size 0
04-23 13:19:57.696 13942 13989 D BroadcastQueue: Done with parallel broadcast [background] [BroadcastRecord{c717b71 u0 android.os.action.POWER_SAVE_TEMP_WHITELIST_CHANGED}]
04-23 13:20:00.000 13942 14055 D AlarmManager: waitForAlarm result:8currentTime=1745410800000, elapsedRealtime=95763116
04-23 13:20:00.000 13942 14055 V AlarmManager: Received TIME_TICK alarm; rescheduling
04-23 13:20:00.000 13942 14055 V AlarmManager: set(null) : type=3 listener=com.android.server.alarm.AlarmManagerService$3@718f046 listenerTag=TIME_TICK workSource=null callingPackage=android callingUid=1000 triggerAtTime=95823116 win=0 tElapsed=95823116 maxElapsed=95823116 interval=0 flags=0x9
04-23 13:20:00.002 13942 14055 D AlarmManager: sending alarm.type = 3, action = null, alarm = Alarm{a542d56 type 3 origWhen 95763116 whenElapsed 95763116 android}, cn = null, operation = null, listener=com.android.server.alarm.AlarmManagerService$3@718f046, listenerTag=TIME_TICK, workSource=null
04-23 13:20:00.018 13942 13942 D BroadcastQueue: Add broadcast <BroadcastRecord{22bb1d7 u-1 android.intent.action.TIME_TICK}> into [parallel | foreground], pending size 0
04-23 13:20:00.019 13942 13989 D BroadcastQueue: Done with parallel broadcast [foreground] [BroadcastRecord{22bb1d7 u-1 android.intent.action.TIME_TICK}]
04-23 13:20:05.993 13942 14312 D SSense  : onTouchRateChanged: rate:0.0
04-23 13:20:09.968 13942 13942 D BroadcastQueue: Add broadcast <BroadcastRecord{146ac4 u-1 android.intent.action.BATTERY_CHANGED}> into [parallel | background], pending size 0
04-23 13:20:09.970 13942 13989 D BroadcastQueue: Done with parallel broadcast [background] [BroadcastRecord{146ac4 u-1 android.intent.action.BATTERY_CHANGED}]
04-23 13:20:09.977 14211 17854 D PowerUI : can't show warning due to - plugged: true status unknown: false
04-23 13:20:15.994 13942 14312 D SSense  : onTouchRateChanged: rate:0.0
04-23 13:20:25.995 13942 14312 D SSense  : onTouchRateChanged: rate:0.0
04-23 13:20:26.410 13942 13975 E UnisocWatchdog: WDT_Monitor: writeWDTMonitor duration=50,shutdowning=false
04-23 13:20:29.221 13942 13988 I UsageStatsService: User[0] Flushing usage stats to disk
04-23 13:20:35.995 13942 14312 D SSense  : onTouchRateChanged: rate:0.0
04-23 13:20:38.192 13942 14008 V DisplayPowerController[0]: Brightness [0.05] reason changing to: 'automatic [ dim ]', previous reason: 'automatic'.
04-23 13:20:38.192 13942 14008 I DisplayPowerController[0]: BrightnessEvent: disp=0, brt=0.05, rcmdBrt=0.6921888, preBrt=0.62870663, lux=1400.93, preLux=500.29974, hbmMax=1.0, hbmMode=off, thrmMax=1.0, flags=, reason=automatic [ dim ]
04-23 13:20:45.996 13942 14312 D SSense  : onTouchRateChanged: rate:0.0
04-23 13:20:46.065 13942 14055 D AlarmManager: waitForAlarm result:8currentTime=1745410846065, elapsedRealtime=95809181
04-23 13:20:46.066 13942 14055 D AlarmManager: sending alarm.type = 3, action = null, alarm = Alarm{6c84853 type 3 origWhen 95786693 whenElapsed 95786693 android}, cn = null, operation = null, listener=android.app.AlarmManager$ListenerWrapper@6c50569, listenerTag=*job.delay*, workSource=WorkSource{10135 com.google.android.apps.maps}
04-23 13:20:46.088 13942 14055 D BroadcastQueue: Add broadcast <BroadcastRecord{8433e8e u0 com.android.server.powercontroller.CHECK_APPSTATE}> into [ordered | background], pending size 0
04-23 13:20:46.088 13942 14055 D BroadcastQueue: Header is BroadcastRecord{8433e8e u0 com.android.server.powercontroller.CHECK_APPSTATE} now
04-23 13:20:46.088 13942 14055 D AlarmManager: sending alarm.type = 3, action = com.android.server.powercontroller.CHECK_APPSTATE, alarm = Alarm{18516af type 3 origWhen 95791790 whenElapsed 95791790 android}, cn = null, operation = PendingIntent{22c468b: PendingIntentRecord{4da9368 android broadcastIntent}}, listener=null, listenerTag=null, workSource=null
04-23 13:20:46.088 13942 13942 V AlarmManager: set(null) : type=3 listener=android.app.AlarmManager$ListenerWrapper@6c50569 listenerTag=*job.delay* workSource=WorkSource{10108 com.google.android.apps.turbo} callingPackage=android callingUid=1000 triggerAtTime=95839181 win=22499 tElapsed=95839181 maxElapsed=95861680 interval=0 flags=0x0
04-23 13:20:46.089 13942 13989 I DropBoxManagerService: add tag=system_server_wtf isTagEnabled=true flags=0x2
04-23 13:20:46.095 13942 14307 V AlarmManager: set(PendingIntent{22c468b: PendingIntentRecord{4da9368 android broadcastIntent}}) : type=3 listener=null listenerTag=null workSource=null callingPackage=android callingUid=1000 triggerAtTime=96109210 win=225000 tElapsed=96109210 maxElapsed=96334210 interval=0 flags=0x8
04-23 13:20:46.096 13942 13942 D BroadcastQueue: Finished with ordered broadcast BroadcastRecord{8433e8e u0 com.android.server.powercontroller.CHECK_APPSTATE} receivers:([BroadcastFilter{cc3e842 1000/u0 ReceiverList{fa8de8d 13942 system/1000/u0 local:847e324}}]) take 1ms in [background], remains -1
04-23 13:20:48.097 13942 13969 D BroadcastQueue: Add broadcast <BroadcastRecord{90eaeb5 u-1 android.intent.action.DROPBOX_ENTRY_ADDED}> into [parallel | background], pending size 0
04-23 13:20:48.097 13942 13969 D BroadcastQueue: Add broadcast <BroadcastRecord{979b94a u-1 android.intent.action.DROPBOX_ENTRY_ADDED}> into [ordered | background], pending size 0
04-23 13:20:48.097 13942 13969 D BroadcastQueue: Header is BroadcastRecord{979b94a u-1 android.intent.action.DROPBOX_ENTRY_ADDED} now
04-23 13:20:48.097 13942 13989 D BroadcastQueue: Done with parallel broadcast [background] [BroadcastRecord{90eaeb5 u-1 android.intent.action.DROPBOX_ENTRY_ADDED}]
04-23 13:20:48.097 13942 13989 W BroadcastQueue: Background execution not allowed: receiving Intent { act=android.intent.action.DROPBOX_ENTRY_ADDED flg=0x10 (has extras) } to com.google.android.gms/.stats.service.DropBoxEntryAddedReceiver
04-23 13:20:48.098 13942 13989 D BroadcastQueue: Finished with ordered broadcast BroadcastRecord{979b94a u-1 android.intent.action.DROPBOX_ENTRY_ADDED} receivers:([ResolveInfo{884a0bb com.google.android.gms/.stats.service.DropBoxEntryAddedReceiver m=0x108000}]) take 0ms in [background], remains -1
04-23 13:20:56.000 13942 14312 D SSense  : onTouchRateChanged: rate:0.0
04-23 13:20:56.411 13942 13975 E UnisocWatchdog: WDT_Monitor: writeWDTMonitor duration=50,shutdowning=false
04-23 13:21:00.000 13942 14055 D AlarmManager: waitForAlarm result:8currentTime=1745410860000, elapsedRealtime=95823116
04-23 13:21:00.000 13942 14055 V AlarmManager: Received TIME_TICK alarm; rescheduling
04-23 13:21:00.000 13942 14055 V AlarmManager: set(null) : type=3 listener=com.android.server.alarm.AlarmManagerService$3@718f046 listenerTag=TIME_TICK workSource=null callingPackage=android callingUid=1000 triggerAtTime=95883116 win=0 tElapsed=95883116 maxElapsed=95883116 interval=0 flags=0x9
04-23 13:21:00.001 13942 13942 D BroadcastQueue: Add broadcast <BroadcastRecord{51399d8 u-1 android.intent.action.TIME_TICK}> into [parallel | foreground], pending size 0
04-23 13:21:00.001 13942 13989 D BroadcastQueue: Done with parallel broadcast [foreground] [BroadcastRecord{51399d8 u-1 android.intent.action.TIME_TICK}]
04-23 13:21:00.001 13942 14055 D AlarmManager: sending alarm.type = 3, action = null, alarm = Alarm{7488131 type 3 origWhen 95823116 whenElapsed 95823116 android}, cn = null, operation = null, listener=com.android.server.alarm.AlarmManagerService$3@718f046, listenerTag=TIME_TICK, workSource=null
04-23 13:21:06.003 13942 14312 D SSense  : onTouchRateChanged: rate:0.0
04-23 13:21:09.955 13942 13942 D BroadcastQueue: Add broadcast <BroadcastRecord{e222016 u-1 android.intent.action.BATTERY_CHANGED}> into [parallel | background], pending size 0
04-23 13:21:09.957 13942 13989 D BroadcastQueue: Done with parallel broadcast [background] [BroadcastRecord{e222016 u-1 android.intent.action.BATTERY_CHANGED}]
04-23 13:21:09.958 14211 20357 D PowerUI : can't show warning due to - plugged: true status unknown: false
04-23 13:21:16.004 13942 14312 D SSense  : onTouchRateChanged: rate:0.0
04-23 13:21:16.482 13942 14251 V AlarmManager: set(null) : type=3 listener=android.app.AlarmManager$ListenerWrapper@6c50569 listenerTag=*job.delay* workSource=WorkSource{10189 com.appmind.radios.gb} callingPackage=android callingUid=1000 triggerAtTime=96146991 win=230545 tElapsed=96146991 maxElapsed=96377536 interval=0 flags=0x0
04-23 13:21:16.486 13942 13942 D CompatibilityChangeReporter: Compat change id reported: 135634846; UID 10108; state: DISABLED
04-23 13:21:16.486 13942 13942 D CompatibilityChangeReporter: Compat change id reported: 177438394; UID 10108; state: DISABLED
04-23 13:21:16.486 13942 13942 D CompatibilityChangeReporter: Compat change id reported: 135772972; UID 10108; state: DISABLED
04-23 13:21:16.487 13942 13942 D CompatibilityChangeReporter: Compat change id reported: 135754954; UID 10108; state: ENABLED
04-23 13:21:16.487 13942 13990 D ActivityManager: asking zygote to start proc:ProcessRecord{85c0a87 0:com.google.android.apps.turbo:aab/u0a108}
04-23 13:21:16.487 13942 13990 D CompatibilityChangeReporter: Compat change id reported: 143937733; UID 10108; state: ENABLED
04-23 13:21:16.487 13942 13990 D PreforkProcessScene: execution function name:handlePreforkStartProcess
04-23 13:21:16.487 13942 13990 D PreforkProcessScene: handlePreforkStartProcess,args:PreforkArgs entryPoint= android.app.ActivityThread ,niceName = com.google.android.apps.turbo:aab ,uid = 10108 ,gid = 10108 ,gids = [I@5cfcdb4 ,runtimeFlags = 19474432 ,mountExternal = 1 ,targetSdkVersion = 33 ,seInfo = default:privapp:targetSdkVersion=33:complete ,abi = arm64-v8a ,instructionSet = arm64 ,appDataDir = /data/user/0/com.google.android.apps.turbo ,invokeWith = null ,pkgName = com.google.android.apps.turbo, zygotePolicyFlags = 0, isTopApp = false, mDisabledCompatChanges = 132649864135634846135772972143231523143539591161145287162547999166236554168419799169897160170233598174042936174042980174043039174227820174228127176926741176926753176926771176926829177438394178038272180326787180326845181136395182811243184838306185004937189229956189969734189969744189969749189969779189969782189970036189970038189970040191513214196254758202956589210856463218865702226439802247079863263076149266524688270306772270674727288845345289878283291868760303742236308103782312399441, pkgDataInfoMap = {com.google.android.apps.turbo=Pair{null 3330}}, whitelistedAppDataInfoMap = {com.google.android.gms=Pair{null 3187}}, bindMountAppStorageDirs = false, bindMountAppsData = true ,zygoteArgs = seq=236
04-23 13:21:16.487 13942 13990 D PreforkProcessScene: isPackageSupportPreFork, procName:com.google.android.apps.turbo:aab,isSupport:false
04-23 13:21:16.487 13942 13990 D Prefork : startResult is empty and running normal execution.
04-23 13:21:16.496 13942 13990 I ActivityManager: Start proc 26972:com.google.android.apps.turbo:aab/u0a108 for service {com.google.android.apps.turbo/com.google.android.libraries.smartbattery.appusage.library.EvaluateAppBucketsJob}
04-23 13:21:16.497 13942 13990 D PreforkProcessScene: execution function name:preforkStart
04-23 13:21:16.531 13942 14251 D CompatibilityChangeReporter: Compat change id reported: 168419799; UID 10108; state: DISABLED
04-23 13:21:16.908 13942 14251 D CompatibilityChangeReporter: Compat change id reported: 135634846; UID 10113; state: DISABLED
04-23 13:21:16.908 13942 14251 D CompatibilityChangeReporter: Compat change id reported: 177438394; UID 10113; state: DISABLED
04-23 13:21:16.908 13942 14251 D CompatibilityChangeReporter: Compat change id reported: 135772972; UID 10113; state: DISABLED
04-23 13:21:16.908 13942 14251 D CompatibilityChangeReporter: Compat change id reported: 135754954; UID 10113; state: ENABLED
04-23 13:21:16.908 13942 13990 D ActivityManager: asking zygote to start proc:ProcessRecord{69d1502 0:com.google.process.gservices/u0a113}
04-23 13:21:16.908 13942 13990 D CompatibilityChangeReporter: Compat change id reported: 143937733; UID 10113; state: ENABLED
04-23 13:21:16.909 13942 13990 D PreforkProcessScene: execution function name:handlePreforkStartProcess
04-23 13:21:16.909 13942 13990 D PreforkProcessScene: handlePreforkStartProcess,args:PreforkArgs entryPoint= android.app.ActivityThread ,niceName = com.google.process.gservices ,uid = 10113 ,gid = 10113 ,gids = [I@ed4be13 ,runtimeFlags = 19466240 ,mountExternal = 1 ,targetSdkVersion = 33 ,seInfo = default:privapp:targetSdkVersion=33:complete ,abi = arm64-v8a ,instructionSet = arm64 ,appDataDir = /data/user/0/com.google.android.gsf ,invokeWith = null ,pkgName = com.google.android.gsf, zygotePolicyFlags = 0, isTopApp = false, mDisabledCompatChanges = 132649864135634846135772972143231523143539591161145287162547999166236554168419799169897160170233598174042936174042980174043039174227820174228127176926741176926753176926771176926829177438394178038272180326787180326845181136395182811243184838306185004937189229956189969734189969744189969749189969779189969782189970036189970038189970040191513214196254758202956589210856463218865702226439802247079863263076149266524688270306772270674727288845345289878283291868760303742236308103782312399441, pkgDataInfoMap = {com.google.android.gms=Pair{null 3187}, com.google.android.gsf=Pair{null 3190}}, whitelistedAppDataInfoMap = {}, bindMountAppStorageDirs = false, bindMountAppsData = true ,zygoteArgs = seq=237
04-23 13:21:16.909 13942 13990 D PreforkProcessScene: isPackageSupportPreFork, procName:com.google.process.gservices,isSupport:false
04-23 13:21:16.909 13942 13990 D Prefork : startResult is empty and running normal execution.
04-23 13:21:16.920 13942 13990 I ActivityManager: Start proc 26994:com.google.process.gservices/u0a113 for content provider {com.google.android.gsf/com.google.android.gsf.gservices.GservicesProvider}
04-23 13:21:16.920 13942 13990 D PreforkProcessScene: execution function name:preforkStart
04-23 13:21:16.921 13942 14129 D SSense.TimeUtil: getMillis() Current hour:13, minute:10, seconds:46
04-23 13:21:16.921 13942 14129 D SSense.TimeUtil: getMillis() Current hour:13, minute:21, seconds:16
04-23 13:21:16.947 13942 14251 D ActivityManager: send provider timeout msg, app: ProcessRecord{69d1502 26994:com.google.process.gservices/u0a113}
04-23 13:21:17.042 13942 15413 W ActivityManager: Unable to start service Intent { act=com.google.android.gms.gservices.START pkg=com.google.android.gms } U=0: not found
04-23 13:21:17.042 13942 15413 W ActivityManager: Unbind failed: could not find connection for android.os.BinderProxy@1142a26
04-23 13:21:17.081 13942 15413 D ContentProviderHelper: publishContentProviders, remove provider timeout msg, app: ProcessRecord{69d1502 26994:com.google.process.gservices/u0a113}
04-23 13:21:17.090 13942 14251 D CompatibilityChangeReporter: Compat change id reported: 194532703; UID 10108; state: ENABLED
04-23 13:21:17.093 13942 13969 V AlarmManager: set(null) : type=3 listener=android.app.AlarmManager$ListenerWrapper@e883c14 listenerTag=*CountQuotaTracker.cleanup* workSource=null callingPackage=android callingUid=1000 triggerAtTime=95900206 win=44997 tElapsed=95900206 maxElapsed=95945203 interval=0 flags=0x8
04-23 13:21:23.606 13942 15413 D CompatibilityChangeReporter: Compat change id reported: 161145287; UID 10108; state: DISABLED
04-23 13:21:26.008 13942 14312 D SSense  : onTouchRateChanged: rate:0.0
04-23 13:21:26.411 13942 13975 E UnisocWatchdog: WDT_Monitor: writeWDTMonitor duration=50,shutdowning=false
04-23 13:21:38.564 13942 14055 D AlarmManager: waitForAlarm result:8currentTime=1745410898564, elapsedRealtime=95861680
04-23 13:21:44.648 13942 14055 D AlarmManager: waitForAlarm result:4currentTime=1745410904648, elapsedRealtime=95867764
04-23 13:21:44.649 13942 14055 D BroadcastQueue: Add broadcast <BroadcastRecord{246f9ac u0 RECURRENT_LOCATION_COLLECTION}> into [ordered | background], pending size 0
04-23 13:21:44.649 13942 14055 D BroadcastQueue: Header is BroadcastRecord{246f9ac u0 RECURRENT_LOCATION_COLLECTION} now
04-23 13:21:44.665 13942 14055 D AlarmManager: sending alarm.type = 0, action = RECURRENT_LOCATION_COLLECTION, alarm = Alarm{f52e675 type 0 origWhen 1745410679651 whenElapsed 95642766 com.appmind.radios.gb}, cn = ComponentInfo{com.appmind.radios.gb/com.m2catalyst.m2sdk.data_collection.location.LocationSDKReceiver}, operation = PendingIntent{aacc1d7: PendingIntentRecord{5ab13f1 com.appmind.radios.gb broadcastIntent}}, listener=null, listenerTag=null, workSource=null
04-23 13:21:44.684 13942 14251 V AlarmManager: set(PendingIntent{c01f60a: PendingIntentRecord{5ab13f1 com.appmind.radios.gb broadcastIntent}}) : type=0 listener=null listenerTag=null workSource=null callingPackage=com.appmind.radios.gb callingUid=10189 triggerAtTime=1745411204682 win=224998 tElapsed=96167798 maxElapsed=96392796 interval=0 flags=0x20
04-23 13:21:44.687 13942 14251 D BroadcastQueue: Finished with ordered broadcast BroadcastRecord{246f9ac u0 RECURRENT_LOCATION_COLLECTION} receivers:([ResolveInfo{b88fe7b com.appmind.radios.gb/com.m2catalyst.m2sdk.data_collection.location.LocationSDKReceiver m=0x0}]) take 37ms in [background], remains -1
04-23 13:21:50.013 13942 14055 D AlarmManager: waitForAlarm result:8currentTime=1745410910013, elapsedRealtime=95873129
04-23 13:21:50.014 13942 14055 D AlarmManager: sending alarm.type = 3, action = null, alarm = Alarm{9d225dc type 3 origWhen 95873129 whenElapsed 95873129 com.google.android.gms}, cn = null, operation = null, listener=android.app.IAlarmListener$Stub$Proxy@161a679, listenerTag=FusedLocation:throttling_delivery, workSource=WorkSource{1001 com.unisoc.phone}
04-23 13:21:50.078 13942 15413 D CompatibilityChangeReporter: Compat change id reported: 171306433; UID 10113; state: ENABLED
04-23 13:21:50.079 13942 15413 D CompatibilityChangeReporter: Compat change id reported: 218533173; UID 10113; state: ENABLED
04-23 13:21:50.079 13942 15413 V AlarmManager: set(null) : type=3 listener=android.app.IAlarmListener$Stub$Proxy@a2b56e5 listenerTag=FusedLocation:throttling_delivery workSource=WorkSource{1001 com.unisoc.phone} callingPackage=com.google.android.gms callingUid=10113 triggerAtTime=96053145 win=0 tElapsed=96053145 maxElapsed=96053145 interval=0 flags=0x1
04-23 13:21:52.120 13942 14027 D PackageInstallerSession: Boost from sessionCommit!
04-23 13:21:52.416 13942 14016 I PackageManager: startCopy UserHandle{-1}: InstallParams{2bf7c61 file=/data/app/vmdl496910406.tmp}
04-23 13:21:52.424 13942 14016 D BroadcastQueue: Add broadcast <BroadcastRecord{773b386 u0 android.intent.action.PACKAGE_NEEDS_INTEGRITY_VERIFICATION}> into [ordered | foreground], pending size 0
04-23 13:21:52.424 13942 14016 D BroadcastQueue: Header is BroadcastRecord{773b386 u0 android.intent.action.PACKAGE_NEEDS_INTEGRITY_VERIFICATION} now
04-23 13:21:52.425 13942 14016 D PackageManager: Found 1 verifiers for intent Intent { act=android.intent.action.PACKAGE_NEEDS_VERIFICATION dat=file:///... typ=application/vnd.android.package-archive flg=0x10000001 } with 0 optional verifiers
04-23 13:21:52.426 13942 14068 D BroadcastQueue: Finished with ordered broadcast BroadcastRecord{773b386 u0 android.intent.action.PACKAGE_NEEDS_INTEGRITY_VERIFICATION} receivers:([BroadcastFilter{716903 1000/u0 ReceiverList{1c6d5b2 13942 system/1000/u0 local:fb65bbd}}]) take 1ms in [foreground], remains -1
04-23 13:21:52.428 13942 14016 E PackageManager: ERROR: could not load root hash from incremental install
04-23 13:21:52.432 13942 14016 D BroadcastQueue: Add broadcast <BroadcastRecord{c9a7447 u0 android.os.action.POWER_SAVE_TEMP_WHITELIST_CHANGED}> into [parallel | background], pending size 0
04-23 13:21:52.432 13942 13989 D BroadcastQueue: Done with parallel broadcast [background] [BroadcastRecord{c9a7447 u0 android.os.action.POWER_SAVE_TEMP_WHITELIST_CHANGED}]
04-23 13:21:52.432 13942 14016 D BroadcastQueue: Add broadcast <BroadcastRecord{31b5474 u0 android.intent.action.PACKAGE_NEEDS_VERIFICATION}> into [ordered | foreground], pending size 0
04-23 13:21:52.432 13942 14016 D BroadcastQueue: Header is BroadcastRecord{31b5474 u0 android.intent.action.PACKAGE_NEEDS_VERIFICATION} now
04-23 13:21:52.476 13942 14016 I PackageManager: Integrity check passed for file:///data/app/vmdl496910406.tmp
04-23 13:21:52.484 13942 14376 D BroadcastQueue: Finished with ordered broadcast BroadcastRecord{31b5474 u0 android.intent.action.PACKAGE_NEEDS_VERIFICATION} receivers:([ResolveInfo{c2d416a com.android.vending/com.google.android.finsky.verifier.impl.PackageVerificationReceiver m=0x0}]) take 51ms in [foreground], remains -1
04-23 13:21:52.530 15544 27044 W PackageParser: Unknown element under <manifest>: queries at /data/app/vmdl496910406.tmp/base.apk Binary XML file line #21
04-23 13:21:53.811 13942 14016 D PackageManager: Package verified : verificationId = 2
04-23 13:21:53.813 13942 14016 D PackageManager: Package verified end
04-23 13:21:53.817 13942 14016 I PackageManager: init_copy: InstallParams{e870e7d file=/data/app/vmdl496910406.tmp}
04-23 13:21:53.817 13942 14016 I PackageManager: startCopy UserHandle{-1}: InstallParams{e870e7d file=/data/app/vmdl496910406.tmp}
04-23 13:21:53.821 13942 14016 D PackageManager: overrideInstallLocation: com.deggen.wallet recommendedInstallLocation = 1 installLocation = -1
04-23 13:21:53.821 13942 14016 D PackageManager: overrideInstallLocation: onInt = true mInstallFlags = 5242994
04-23 13:21:53.821 13942 14016 D PackageManager: /data/app/vmdl496910406.tmp already staged; skipping copy
04-23 13:21:53.821 13942 14016 D PackageManager: installPackageLI: path=/data/app/vmdl496910406.tmp args.mVolumeUuid = null
04-23 13:21:53.821 13942 14016 D PackageManager: parsePackage /data/app/vmdl496910406.tmp start with parseFlags = -2147483584
04-23 13:21:53.840 13942 14016 D PackageManager: parsePackage /data/app/vmdl496910406.tmp end
04-23 13:21:53.840 13942 14016 D PackageManager: collectCertificates start: has been given
04-23 13:21:53.840 13942 14016 D PackageManager: collectCertificates end
04-23 13:21:53.840 13942 14016 D PackageManager: Replace existing package: com.deggen.wallet
04-23 13:21:53.841 13942 14016 D PackageManager: Existing package for signature checking: PackageSetting{fb91ee4 com.deggen.wallet/10211}
04-23 13:21:53.843 13942 14016 D PackageManager: Existing package: PackageSetting{fb91ee4 com.deggen.wallet/10211}
04-23 13:21:53.850 13942 14016 D PackageManager: Renaming /data/app/vmdl496910406.tmp to /data/app/~~gItO9fqRJxBo2wZwog7tbg==/com.deggen.wallet-R3klhRYo22O0aR9X-BRqyw==
04-23 13:21:53.854 13942 14016 D PackageManager: replacePackageLI: new=Package{67e27e1 com.deggen.wallet}, old=Package{63f19ee com.deggen.wallet}
04-23 13:21:53.854 13942 13989 I ActivityManager: Force stopping com.deggen.wallet appid=10211 user=-1: installPackageLI
04-23 13:21:53.854 13942 14016 D PackageManager: replaceNonSystemPackageLI: new=Package{67e27e1 com.deggen.wallet}, old=Package{63f19ee com.deggen.wallet}
04-23 13:21:53.857 13942 13989 I ActivityManager: Killing 26777:com.deggen.wallet/u0a211 (adj 0): stop com.deggen.wallet due to installPackageLI
04-23 13:21:53.858 13942 14016 I PackageManager: Update package com.deggen.wallet code path from /data/app/~~8W81jO-D2v1xxEJrSwTFmQ==/com.deggen.wallet-yyuzgffjP58qMGj4LwHIyQ== to /data/app/~~gItO9fqRJxBo2wZwog7tbg==/com.deggen.wallet-R3klhRYo22O0aR9X-BRqyw==; Retain data and using new
04-23 13:21:53.861 13942 13989 W ActivityTaskManager: Force removing ActivityRecord{af8cb79 u0 com.deggen.wallet/.MainActivity} t1252 d0 f}}: app died, no saved state
04-23 13:21:53.862 13942 14016 I AppsFilter: interaction: PackageSetting{95b4550 com.reacttesthadesmessagehandler/10188} -> PackageSetting{ce3b906 com.deggen.wallet/10211} BLOCKED
04-23 13:21:53.863 13942 14016 I AppsFilter: interaction: PackageSetting{e9da44e com.projectbabbage.crypton.test/10216} -> PackageSetting{ce3b906 com.deggen.wallet/10211} BLOCKED
04-23 13:21:53.863 13942 14016 I AppsFilter: interaction: PackageSetting{382e96f com.example.myapplication/10191} -> PackageSetting{ce3b906 com.deggen.wallet/10211} BLOCKED
04-23 13:21:53.863 13942 14016 I AppsFilter: interaction: PackageSetting{cb7667c com.mobile/10195} -> PackageSetting{ce3b906 com.deggen.wallet/10211} BLOCKED
04-23 13:21:53.863 13942 14016 I AppsFilter: interaction: PackageSetting{b389b05 com.projectbabbage.crypton/10202} -> PackageSetting{ce3b906 com.deggen.wallet/10211} BLOCKED
04-23 13:21:53.863 13942 14016 I AppsFilter: interaction: PackageSetting{133b75a com.example.testhadesmessagehandler/10209} -> PackageSetting{ce3b906 com.deggen.wallet/10211} BLOCKED
04-23 13:21:53.863 13942 14016 D PackageManager: Removing non-system package: com.deggen.wallet
04-23 13:21:53.863 13942 14016 I AppsFilter: interaction: PackageSetting{95b4550 com.reacttesthadesmessagehandler/10188} -> PackageSetting{fb91ee4 com.deggen.wallet/10211} BLOCKED
04-23 13:21:53.863 13942 14016 I AppsFilter: interaction: PackageSetting{e9da44e com.projectbabbage.crypton.test/10216} -> PackageSetting{fb91ee4 com.deggen.wallet/10211} BLOCKED
04-23 13:21:53.863 13942 14016 I AppsFilter: interaction: PackageSetting{382e96f com.example.myapplication/10191} -> PackageSetting{fb91ee4 com.deggen.wallet/10211} BLOCKED
04-23 13:21:53.863 13942 14016 I AppsFilter: interaction: PackageSetting{cb7667c com.mobile/10195} -> PackageSetting{fb91ee4 com.deggen.wallet/10211} BLOCKED
04-23 13:21:53.863 13942 14016 I AppsFilter: interaction: PackageSetting{b389b05 com.projectbabbage.crypton/10202} -> PackageSetting{fb91ee4 com.deggen.wallet/10211} BLOCKED
04-23 13:21:53.863 13942 14016 I AppsFilter: interaction: PackageSetting{133b75a com.example.testhadesmessagehandler/10209} -> PackageSetting{fb91ee4 com.deggen.wallet/10211} BLOCKED
04-23 13:21:53.863 13942 14016 D PackageManager: removePackageDataLI: PackageSetting{fb91ee4 com.deggen.wallet/10211}
04-23 13:21:53.866 13942 14016 D PackageManager: Propagating install state across downgrade
04-23 13:21:53.866 13942 14016 D PackageManager:     user 0 => true
04-23 13:21:53.911 13942 13989 D WindowManager: setFocusedApp mFocusedApp = nulldisplayId = 0Callers = com.android.server.wm.ActivityRecord.onRemovedFromDisplay:4196 com.android.server.wm.DisplayContent.removeAppToken:1366 com.android.server.wm.ActivityRecord.removeFromHistory:3825 com.android.server.wm.ActivityRecord.handleAppDied:4072 
04-23 13:21:53.912 13942 14016 D PackageManager: New package installed in /data/app/~~gItO9fqRJxBo2wZwog7tbg==/com.deggen.wallet-R3klhRYo22O0aR9X-BRqyw==
04-23 13:21:53.913 13942 14016 I PackageManager: Permission ownership changed. Updating all permissions.
04-23 13:21:54.010 13942 13970 W Looper  : Slow dispatch took 154ms android.ui h=com.android.server.am.ActivityManagerService$UiHandler c=com.android.server.am.UidObserverController$$ExternalSyntheticLambda0@434df45 m=0
04-23 13:21:54.013 13942 13989 D WindowManager: setFocusedApp mFocusedApp = ActivityRecord{7ee96d9 u0 com.gamma.scan/com.gamma.barcodeapp.ui.BarcodeCaptureActivity} t1249 d0}displayId = 0Callers = com.android.server.wm.ActivityTaskManagerService.setResumedActivityUncheckLocked:4587 com.android.server.wm.TaskFragment.onActivityStateChanged:826 com.android.server.wm.ActivityRecord.setState:5477 com.android.server.wm.TaskFragment.resumeTopActivity:1427 
04-23 13:21:54.018 13942 13972 D SSense  : windowsChanged
04-23 13:21:54.022 13942 14376 W WindowManager: Failed looking up window session=Session{6727a77 14211:u0a10155} callers=com.android.server.wm.WindowManagerService.windowForClientLocked:5997 com.android.server.wm.WindowManagerService.relayoutWindow:2266 com.android.server.wm.Session.relayout:261 
04-23 13:21:54.034 13942 14305 D AppStartScene: updateAPPMem: error pid= -1
04-23 13:21:54.034 13942 15427 V ActivityManager: Got obituary of 26777:com.deggen.wallet
04-23 13:21:54.038 13942 13942 D CompatibilityChangeReporter: Compat change id reported: 177438394; UID 10135; state: DISABLED
04-23 13:21:54.038 13942 13942 D CompatibilityChangeReporter: Compat change id reported: 135772972; UID 10135; state: DISABLED
04-23 13:21:54.038 13942 13942 D CompatibilityChangeReporter: Compat change id reported: 135754954; UID 10135; state: ENABLED
04-23 13:21:54.040 13942 13990 D ActivityManager: asking zygote to start proc:ProcessRecord{e743266 0:com.google.android.apps.maps/u0a135}
04-23 13:21:54.040 13942 13990 D CompatibilityChangeReporter: Compat change id reported: 143937733; UID 10135; state: ENABLED
04-23 13:21:54.040 13942 13990 D PreforkProcessScene: execution function name:handlePreforkStartProcess
04-23 13:21:54.040 13942 13990 D PreforkProcessScene: handlePreforkStartProcess,args:PreforkArgs entryPoint= android.app.ActivityThread ,niceName = com.google.android.apps.maps ,uid = 10135 ,gid = 10135 ,gids = [I@fb8b9a7 ,runtimeFlags = 21604352 ,mountExternal = 1 ,targetSdkVersion = 35 ,seInfo = default:targetSdkVersion=35:complete ,abi = arm64-v8a ,instructionSet = arm64 ,appDataDir = /data/user/0/com.google.android.apps.maps ,invokeWith = null ,pkgName = com.google.android.apps.maps, zygotePolicyFlags = 0, isTopApp = false, mDisabledCompatChanges = 132649864135634846135772972143231523143539591161145287162547999166236554168419799169897160170233598174042936174042980174043039174227820174228127176926741176926753176926771176926829177438394178038272180326787180326845181136395182811243184838306185004937189229956189969734189969744189969749189969779189969782189970036189970038189970040191513214196254758210856463226439802, pkgDataInfoMap = {com.google.android.apps.maps=Pair{null 3133}}, whitelistedAppDataInfoMap = {com.google.android.gms=Pair{null 3187}}, bindMountAppStorageDirs = false, bindMountAppsData = true ,zygoteArgs = seq=238
04-23 13:21:54.040 13942 13990 D PreforkProcessScene: isPackageSupportPreFork, procName:com.google.android.apps.maps,isSupport:false
04-23 13:21:54.040 13942 13990 D Prefork : startResult is empty and running normal execution.
04-23 13:21:54.042 13942 13972 W ActivityManager: setHasOverlayUi called on unknown pid: 26777
04-23 13:21:54.048 13942 14376 W WindowManager: Failed looking up window session=Session{6727a77 14211:u0a10155} callers=com.android.server.wm.WindowManagerService.windowForClientLocked:5997 com.android.server.wm.WindowManagerService.relayoutWindow:2266 com.android.server.wm.Session.relayout:261 
04-23 13:21:54.056 13942 13990 I ActivityManager: Start proc 27054:com.google.android.apps.maps/u0a135 for service {com.google.android.apps.maps/androidx.work.impl.background.systemjob.SystemJobService}
04-23 13:21:54.056 13942 13990 D PreforkProcessScene: execution function name:preforkStart
04-23 13:21:54.065 13942 14016 I AppsFilter: interaction: PackageSetting{95b4550 com.reacttesthadesmessagehandler/10188} -> PackageSetting{fb91ee4 com.deggen.wallet/10211} BLOCKED
04-23 13:21:54.065 13942 14016 I AppsFilter: interaction: PackageSetting{e9da44e com.projectbabbage.crypton.test/10216} -> PackageSetting{fb91ee4 com.deggen.wallet/10211} BLOCKED
04-23 13:21:54.066 13942 14016 I AppsFilter: interaction: PackageSetting{382e96f com.example.myapplication/10191} -> PackageSetting{fb91ee4 com.deggen.wallet/10211} BLOCKED
04-23 13:21:54.066 13942 14016 I AppsFilter: interaction: PackageSetting{cb7667c com.mobile/10195} -> PackageSetting{fb91ee4 com.deggen.wallet/10211} BLOCKED
04-23 13:21:54.066 13942 14016 I AppsFilter: interaction: PackageSetting{b389b05 com.projectbabbage.crypton/10202} -> PackageSetting{fb91ee4 com.deggen.wallet/10211} BLOCKED
04-23 13:21:54.066 13942 14016 I AppsFilter: interaction: PackageSetting{133b75a com.example.testhadesmessagehandler/10209} -> PackageSetting{fb91ee4 com.deggen.wallet/10211} BLOCKED
04-23 13:21:54.079 13942 14376 D CompatibilityChangeReporter: Compat change id reported: 168419799; UID 10113; state: DISABLED
04-23 13:21:54.095 13942 14309 D PowerController.RecogA: packageName:com.google.android.gms mFgEvent:SYSTEM_INTERACTION mLastTimeFgEventChanged:95877210 mLastLaunchTime:0 mProcState:PROCESS_STATE_CACHED_EMPTY mLastTimeProcStateChanged:0 mNotificationState:0 mLastTimeNotificationStateChanged:0 mAudioState:0 mLastTimeAudioStateChanged:0 mRequestGps:true mAvoidConstraintGps:false mBehaviorType:0 mScreenOn:true mLastTimeScreenStateChanged:0 mLastBgTime:0 mFgDuration:0 mAudioDuration:0 mBgAudioDuration:0 mHasNoClearNotificationWhenNavi:false
04-23 13:21:54.098 13942 14016 D PackageManager: PowerHint release!
04-23 13:21:54.099 13942 14016 D PackageManager: Install end
04-23 13:21:54.099 13942 15427 D CompatibilityChangeReporter: Compat change id reported: 168419799; UID 10135; state: DISABLED
04-23 13:21:54.102 13942 14016 I ActivityManager: Force stopping com.deggen.wallet appid=10211 user=0: pkg removed
04-23 13:21:54.110 13942 14016 D BroadcastQueue: Add broadcast <BroadcastRecord{62523b5 u0 android.intent.action.PACKAGE_REMOVED}> into [parallel | background], pending size 0
04-23 13:21:54.110 13942 14016 D BroadcastQueue: Add broadcast <BroadcastRecord{1af8a4a u0 android.intent.action.PACKAGE_REMOVED}> into [ordered | background], pending size 0
04-23 13:21:54.110 13942 14016 D BroadcastQueue: Header is BroadcastRecord{1af8a4a u0 android.intent.action.PACKAGE_REMOVED} now
04-23 13:21:54.111 13942 14016 D BroadcastQueue: Add broadcast <BroadcastRecord{31c9dbb u0 android.intent.action.PACKAGE_REMOVED_INTERNAL}> into [parallel | background], pending size 1
04-23 13:21:54.122 13942 13989 D BroadcastQueue: Done with parallel broadcast [background] [BroadcastRecord{62523b5 u0 android.intent.action.PACKAGE_REMOVED}, BroadcastRecord{31c9dbb u0 android.intent.action.PACKAGE_REMOVED_INTERNAL}]
04-23 13:21:54.122 13942 13989 W BroadcastQueue: Background execution not allowed: receiving Intent { act=android.intent.action.PACKAGE_REMOVED dat=package: flg=0x4000010 (has extras) } to com.android.vending/com.google.android.finsky.packagemonitor.impl.PackageMonitorReceiverImpl$RegisteredReceiver
04-23 13:21:54.123 13942 14016 D CompatibilityChangeReporter: Compat change id reported: 168419799; UID 10211; state: DISABLED
04-23 13:21:54.148 13942 14016 D BroadcastQueue: Add broadcast <BroadcastRecord{9ed5a97 u0 android.intent.action.PACKAGE_ADDED}> into [parallel | background], pending size 0
04-23 13:21:54.148 13942 14016 D BroadcastQueue: Add broadcast <BroadcastRecord{373c484 u0 android.intent.action.PACKAGE_ADDED}> into [ordered | background], pending size 0
04-23 13:21:54.148 13942 14016 D BroadcastQueue: Header is BroadcastRecord{373c484 u0 android.intent.action.PACKAGE_ADDED} now
04-23 13:21:54.156 13942 13989 D BroadcastQueue: Done with parallel broadcast [background] [BroadcastRecord{9ed5a97 u0 android.intent.action.PACKAGE_ADDED}]
04-23 13:21:54.156 13942 13989 W BroadcastQueue: Background execution not allowed: receiving Intent { act=android.intent.action.PACKAGE_REMOVED dat=package: flg=0x4000010 (has extras) } to com.android.vending/com.google.android.finsky.packagemonitor.backgroundimpl.BackgroundPackageMonitorReceiverImpl$RegisteredReceiver
04-23 13:21:54.156 13942 13989 W BroadcastQueue: Background execution not allowed: receiving Intent { act=android.intent.action.PACKAGE_REMOVED dat=package: flg=0x4000010 (has extras) } to com.android.vending/com.google.android.finsky.instantapps.appmanagement.InstantAppRemoveMonitor
04-23 13:21:54.156 13942 13989 W BroadcastQueue: Background execution not allowed: receiving Intent { act=android.intent.action.PACKAGE_REMOVED dat=package: flg=0x4000010 (has extras) } to com.google.android.gms/.chimera.GmsIntentOperationService$PersistentTrustedReceiver
04-23 13:21:54.160 13942 13989 W BroadcastQueue: Background execution not allowed: receiving Intent { act=android.intent.action.PACKAGE_REMOVED dat=package: flg=0x4000010 (has extras) } to com.google.android.gms/.games.chimera.GamesSystemBroadcastReceiverProxy
04-23 13:21:54.161 13942 13989 W BroadcastQueue: Background execution not allowed: receiving Intent { act=android.intent.action.PACKAGE_REMOVED dat=package: flg=0x4000010 (has extras) } to com.google.android.videos/com.google.android.libraries.social.peoplekit.thirdparty.viewcontrollers.ThirdPartyReceiver
04-23 13:21:54.161 13942 13989 D BroadcastQueue: Finished with ordered broadcast BroadcastRecord{1af8a4a u0 android.intent.action.PACKAGE_REMOVED} receivers:([ResolveInfo{43146d com.android.vending/com.google.android.finsky.packagemonitor.impl.PackageMonitorReceiverImpl$RegisteredReceiver m=0x208000}, ResolveInfo{61718a2 com.android.vending/com.google.android.finsky.packagemonitor.backgroundimpl.BackgroundPackageMonitorReceiverImpl$RegisteredReceiver m=0x208000}, ResolveInfo{a30933 com.android.vending/com.google.android.finsky.instantapps.appmanagement.InstantAppRemoveMonitor m=0x208000}, ResolveInfo{2aaa4f0 com.google.android.gms/.chimera.GmsIntentOperationService$PersistentTrustedReceiver m=0x208000}, ResolveInfo{2898a69 com.google.android.gms/.games.chimera.GamesSystemBroadcastReceiverProxy m=0x208000}, ResolveInfo{2f21cee com.google.android.videos/com.google.android.libraries.social.peoplekit.thirdparty.viewcontrollers.ThirdPartyReceiver m=0x208000}]) take 39ms in [background], remains 0
04-23 13:21:54.161 13942 13989 W BroadcastQueue: Background execution not allowed: receiving Intent { act=android.intent.action.PACKAGE_ADDED dat=package: flg=0x4000010 (has extras) } to com.google.android.packageinstaller/com.android.packageinstaller.PackageInstalledReceiver
04-23 13:21:54.161 13942 13989 W BroadcastQueue: Background execution not allowed: receiving Intent { act=android.intent.action.PACKAGE_ADDED dat=package: flg=0x4000010 (has extras) } to com.android.vending/com.google.android.finsky.packagemonitor.impl.PackageMonitorReceiverImpl$RegisteredReceiver
04-23 13:21:54.161 13942 13989 W BroadcastQueue: Background execution not allowed: receiving Intent { act=android.intent.action.PACKAGE_ADDED dat=package: flg=0x4000010 (has extras) } to com.android.vending/com.google.android.finsky.packagemonitor.backgroundimpl.BackgroundPackageMonitorReceiverImpl$RegisteredReceiver
04-23 13:21:54.161 13942 13989 W BroadcastQueue: Background execution not allowed: receiving Intent { act=android.intent.action.PACKAGE_ADDED dat=package: flg=0x4000010 (has extras) } to com.google.android.apps.nbu.files/.documentbrowser.browselanding.rootcontainerlist.receiver.PackageChangeReceiver_Receiver
04-23 13:21:54.161 13942 13989 W BroadcastQueue: Background execution not allowed: receiving Intent { act=android.intent.action.PACKAGE_ADDED dat=package: flg=0x4000010 (has extras) } to com.google.android.gms/.chimera.GmsIntentOperationService$PersistentTrustedReceiver
04-23 13:21:54.161 13942 13989 W BroadcastQueue: Background execution not allowed: receiving Intent { act=android.intent.action.PACKAGE_ADDED dat=package: flg=0x4000010 (has extras) } to com.google.android.gms/.games.chimera.GamesSystemBroadcastReceiverProxy
04-23 13:21:54.161 13942 13989 W BroadcastQueue: Background execution not allowed: receiving Intent { act=android.intent.action.PACKAGE_ADDED dat=package: flg=0x4000010 (has extras) } to com.google.android.gms/.gass.chimera.PackageChangeBroadcastReceiver
04-23 13:21:54.161 13942 13989 D BroadcastQueue: Finished with ordered broadcast BroadcastRecord{373c484 u0 android.intent.action.PACKAGE_ADDED} receivers:([ResolveInfo{3fb058f com.google.android.packageinstaller/com.android.packageinstaller.PackageInstalledReceiver p=1 m=0x208000}, ResolveInfo{92d201c com.android.vending/com.google.android.finsky.packagemonitor.impl.PackageMonitorReceiverImpl$RegisteredReceiver m=0x208000}, ResolveInfo{9a76425 com.android.vending/com.google.android.finsky.packagemonitor.backgroundimpl.BackgroundPackageMonitorReceiverImpl$RegisteredReceiver m=0x208000}, ResolveInfo{66719fa com.google.android.apps.nbu.files/.documentbrowser.browselanding.rootcontainerlist.receiver.PackageChangeReceiver_Receiver m=0x208000}, ResolveInfo{52c6bab com.google.android.gms/.chimera.GmsIntentOperationService$PersistentTrustedReceiver m=0x208000}, ResolveInfo{dfa2208 com.google.android.gms/.games.chimera.GamesSystemBroadcastReceiverProxy m=0x208000}, ResolveInfo{40f1da1 com.google.android.gms/.gass.chimera.PackageChangeBroadcastReceiver m=0x208000}]) take 1ms in [background], remains -1
04-23 13:21:54.162 13942 14016 D BroadcastQueue: Add broadcast <BroadcastRecord{fcdbc6 u0 android.intent.action.PACKAGE_ADDED}> into [parallel | background], pending size 0
04-23 13:21:54.162 13942 14016 D BroadcastQueue: Add broadcast <BroadcastRecord{7c41787 u0 android.intent.action.PACKAGE_ADDED}> into [ordered | background], pending size 0
04-23 13:21:54.162 13942 14016 D BroadcastQueue: Header is BroadcastRecord{7c41787 u0 android.intent.action.PACKAGE_ADDED} now
04-23 13:21:54.177 13942 14016 D BroadcastQueue: Add broadcast <BroadcastRecord{2daee52 u0 android.intent.action.PACKAGE_REPLACED}> into [parallel | background], pending size 1
04-23 13:21:54.177 13942 14016 D BroadcastQueue: Add broadcast <BroadcastRecord{6e92a20 u0 android.intent.action.PACKAGE_REPLACED}> into [ordered | background], pending size 1
04-23 13:21:54.177 13942 14016 D BroadcastQueue: Header is BroadcastRecord{7c41787 u0 android.intent.action.PACKAGE_ADDED} now
04-23 13:21:54.182 13942 13989 D BroadcastQueue: Done with parallel broadcast [background] [BroadcastRecord{fcdbc6 u0 android.intent.action.PACKAGE_ADDED}, BroadcastRecord{2daee52 u0 android.intent.action.PACKAGE_REPLACED}]
04-23 13:21:54.185 13942 13942 D BroadcastQueue: Add broadcast <BroadcastRecord{bb9f5aa u0 android.os.action.POWER_SAVE_TEMP_WHITELIST_CHANGED}> into [parallel | background], pending size 0
04-23 13:21:54.185 13942 13989 D BroadcastQueue: Done with parallel broadcast [background] [BroadcastRecord{bb9f5aa u0 android.os.action.POWER_SAVE_TEMP_WHITELIST_CHANGED}]
04-23 13:21:54.192 13942 14016 D PackageInstallerSession: Marking session 496910406 as applied
04-23 13:21:54.196 13942 13942 D CompatibilityChangeReporter: Compat change id reported: 168419799; UID 1000; state: DISABLED
04-23 13:21:54.201 13942 14251 D BroadcastQueue: Add broadcast <BroadcastRecord{893d4e4 u0 com.motorola.motocare.INTENT_TRIGGER}> into [parallel | background], pending size 0
04-23 13:21:54.201 13942 13989 D BroadcastQueue: Done with parallel broadcast [background] [BroadcastRecord{893d4e4 u0 com.motorola.motocare.INTENT_TRIGGER}]
04-23 13:21:54.212 13942 14038 D CompatibilityChangeReporter: Compat change id reported: 218533173; UID 10211; state: ENABLED
04-23 13:21:54.233 13942 15427 V AlarmManager: set(PendingIntent{9b11b8b: PendingIntentRecord{f4f4468 com.google.android.gms/com.google.android.gms.container startService}}) : type=3 listener=null listenerTag=null workSource=null callingPackage=com.google.android.gms callingUid=10113 triggerAtTime=315455877347 win=3600000 tElapsed=315455877347 maxElapsed=315459477347 interval=0 flags=0x0
04-23 13:21:54.251 13942 13957 W WindowManager: Failed looking up window session=Session{6727a77 14211:u0a10155} callers=com.android.server.wm.WindowManagerService.windowForClientLocked:5997 com.android.server.wm.WindowManagerService.relayoutWindow:2266 com.android.server.wm.Session.relayout:261 
04-23 13:21:54.252 13942 14251 V AlarmManager: set(PendingIntent{5645cac: PendingIntentRecord{9000d75 com.google.android.gms/com.google.android.gms.container startService}}) : type=3 listener=null listenerTag=null workSource=null callingPackage=com.google.android.gms callingUid=10113 triggerAtTime=315455877367 win=3600000 tElapsed=315455877367 maxElapsed=315459477367 interval=0 flags=0x0
04-23 13:21:54.253 13942 15225 W WindowManager: Failed looking up window session=Session{6727a77 14211:u0a10155} callers=com.android.server.wm.WindowManagerService.windowForClientLocked:5997 com.android.server.wm.Session.setOnBackInvokedCallbackInfo:943 android.view.IWindowSession$Stub.onTransact:1215 
04-23 13:21:54.253 13942 15225 E WindowManager: setOnBackInvokedCallback(): No window state for package:com.android.systemui
04-23 13:21:54.263 13942 14265 W WindowManager: Failed looking up window session=Session{6727a77 14211:u0a10155} callers=com.android.server.wm.WindowManagerService.windowForClientLocked:5997 com.android.server.wm.WindowManagerService.removeWindow:2059 com.android.server.wm.Session.remove:223 
04-23 13:21:54.264 13942 13942 I Telecom : CarModeTracker: Package com.deggen.wallet is not tracked.: SSH.oR@Ae4
04-23 13:21:54.264 13942 13942 I Telecom : InCallController: updateCarModeForConnections: car mode apps: : SSH.oR@Ae4
04-23 13:21:54.272 13942 14129 D SSense.AppInfoUtil: new APK:com.deggen.wallet is installed! for userId:0
04-23 13:21:54.283 13942 13989 I DropBoxManagerService: add tag=system_server_wtf isTagEnabled=true flags=0x2
04-23 13:21:54.297 13942 13942 I Telecom : DefaultDialerCache: Refreshing default dialer for user 0: now com.google.android.dialer: DDC.oR@Ae8
04-23 13:21:54.354 13942 13942 V BackupManagerConstants: getFullBackupIntervalMilliseconds(...) returns 86400000
04-23 13:21:54.354 13942 13942 V BackupManagerConstants: getFullBackupRequiredNetworkType(...) returns 2
04-23 13:21:54.355 13942 13942 V BackupManagerConstants: getFullBackupRequireCharging(...) returns true
04-23 13:21:54.355 13942 13942 D CompatibilityChangeReporter: Compat change id reported: 194532703; UID 1000; state: ENABLED
04-23 13:21:54.356 13942 13942 D CompatibilityChangeReporter: Compat change id reported: 194532703; UID 1000; state: DISABLED
04-23 13:21:54.382 13942 13969 D CompatibilityChangeReporter: Compat change id reported: 168419799; UID 10166; state: DISABLED
04-23 13:21:54.397 13942 13942 W Looper  : Slow delivery took 219ms main h=android.app.ActivityThread$H c=android.app.LoadedApk$ReceiverDispatcher$Args$$ExternalSyntheticLambda0@cd26c37 m=0
04-23 13:21:54.404 13942 14129 D SSense.AppInfoUtil: new APK:com.deggen.wallet is installed! for userId:0
04-23 13:21:54.429 13942 13942 D CompatibilityChangeReporter: Compat change id reported: 171306433; UID 10211; state: ENABLED
04-23 13:21:54.437 13942 13942 W AlarmManager: Package com.deggen.wallet, uid 10211 lost permission to set exact alarms!
04-23 13:21:54.442 13942 13942 W Looper  : Drained
04-23 13:21:54.452 13942 14251 D PreforkProcessScene: execution function name:schedStartPreForkedProcesses
04-23 13:21:54.452 13942 14251 D PreforkProcessScene: schedStartPreForkedProcesses
04-23 13:21:54.538 13942 13969 W Looper  : Slow delivery took 201ms android.fg h=android.os.Handler c=<recycled PooledLambda@3cf832a> m=0
04-23 13:21:54.593 13942 13942 D ScreenUndimDetector: Remove the policy of not sleeping after double clicking twice
04-23 13:21:54.595 13942 13957 D BroadcastQueue: Finished with ordered broadcast BroadcastRecord{7c41787 u0 android.intent.action.PACKAGE_ADDED} receivers:([ResolveInfo{887ee1 com.android.vending/com.google.android.finsky.packagemonitor.impl.PackageMonitorReceiverImpl$RegisteredReceiver m=0x208000}, ResolveInfo{3ccc406 com.android.vending/com.google.android.finsky.packagemonitor.backgroundimpl.BackgroundPackageMonitorReceiverImpl$RegisteredReceiver m=0x208000}]) take 414ms in [background], remains 0
04-23 13:21:54.596 13942 13957 W BroadcastQueue: Background execution not allowed: receiving Intent { act=android.intent.action.PACKAGE_REPLACED dat=package: flg=0x4000010 (has extras) } to com.google.android.apps.nbu.files/.documentbrowser.browselanding.rootcontainerlist.receiver.PackageChangeReceiver_Receiver
04-23 13:21:54.596 13942 14008 V DisplayPowerController[0]: Brightness [0.6921888] reason changing to: 'automatic', previous reason: 'automatic [ dim ]'.
04-23 13:21:54.596 13942 14008 I DisplayPowerController[0]: BrightnessEvent: disp=0, brt=0.6921888, rcmdBrt=0.6921888, preBrt=0.62870663, lux=1400.93, preLux=500.29974, hbmMax=1.0, hbmMode=off, thrmMax=1.0, flags=, reason=automatic
04-23 13:21:54.597 13942 13972 D SSense  : windowsChanged
04-23 13:21:54.605 13942 15227 W PackageManager: Cannot suspend package "com.motorola.paks.notification": protected package
04-23 13:21:54.607 13942 13989 W BroadcastQueue: Background execution not allowed: receiving Intent { act=android.intent.action.PACKAGE_REPLACED dat=package: flg=0x4000010 (has extras) } to com.google.android.gms/.chimera.GmsIntentOperationService$PersistentTrustedReceiver
04-23 13:21:54.607 13942 13989 W BroadcastQueue: Background execution not allowed: receiving Intent { act=android.intent.action.PACKAGE_REPLACED dat=package: flg=0x4000010 (has extras) } to com.google.android.gms/.gass.chimera.PackageChangeBroadcastReceiver
04-23 13:21:54.607 13942 13989 W BroadcastQueue: Background execution not allowed: receiving Intent { act=android.intent.action.PACKAGE_REPLACED dat=package: flg=0x4000010 (has extras) } to com.motorola.ccc.notification/.gcm.GCMAdminReceiver
