04-23 13:24:39.216 27392 27392 D ApplicationPackageManager: hasSystemFeature:name=android.software.picture_in_picture version=0 getOpPackageName=com.deggen.wallet hasSystemFeature=false
04-23 13:24:39.249 27392 27392 I ThreeFingerSwipe: mSwipeDistanceThreshold:18
04-23 13:24:39.249 27392 27392 I ThreeFingerSwipe: mMaxWidth = 720; mMaxHeight = 1468
04-23 13:24:39.252 27392 27392 I ThreeFingerSwipe: getPackageName = com.deggen.wallet
04-23 13:24:39.255   904  1281 D SensorHub: SPRD[726]processTypeEvent::DBG_VERBOSE[Accelerometer Sensor] bias_x=[0.909194] bias_y=[1.718785] bias_z=[9.539631]
04-23 13:24:39.272 13942 15225 D CompatibilityChangeReporter: Compat change id reported: 161145287; UID 10211; state: DISABLED
04-23 13:24:39.292 27392 27392 W m.deggen.wallet: Accessing hidden method Landroid/view/ViewGroup;->makeOptionalFitsSystemWindows()V (unsupported, reflection, allowed)
04-23 13:24:39.317   904  1281 D SensorHub: SPRD[734]processTypeEvent::DBG_VERBOSE[Light Sensor] lux = [1062.589722]
04-23 13:24:39.344 27392 27392 W SoLoader: SoLoader already initialized
04-23 13:24:39.406 27392 27392 D nativeloader: Load /data/app/~~nnVEWh-I0FU0_5VQVexIiQ==/com.deggen.wallet-4frpswP5fDkRcJ2rX1HkPQ==/base.apk!/lib/arm64-v8a/libc++_shared.so using ns clns-5 from class loader (caller=/data/app/~~nnVEWh-I0FU0_5VQVexIiQ==/com.deggen.wallet-4frpswP5fDkRcJ2rX1HkPQ==/base.apk!classes20.dex): ok
04-23 13:24:39.425 27392 27392 D nativeloader: Load /data/app/~~nnVEWh-I0FU0_5VQVexIiQ==/com.deggen.wallet-4frpswP5fDkRcJ2rX1HkPQ==/base.apk!/lib/arm64-v8a/libjsi.so using ns clns-5 from class loader (caller=/data/app/~~nnVEWh-I0FU0_5VQVexIiQ==/com.deggen.wallet-4frpswP5fDkRcJ2rX1HkPQ==/base.apk!classes20.dex): ok
04-23 13:24:39.442 27392 27392 D nativeloader: Load /data/app/~~nnVEWh-I0FU0_5VQVexIiQ==/com.deggen.wallet-4frpswP5fDkRcJ2rX1HkPQ==/base.apk!/lib/arm64-v8a/libfbjni.so using ns clns-5 from class loader (caller=/data/app/~~nnVEWh-I0FU0_5VQVexIiQ==/com.deggen.wallet-4frpswP5fDkRcJ2rX1HkPQ==/base.apk!classes20.dex): ok
04-23 13:24:39.445 27392 27392 D nativeloader: Load /data/app/~~nnVEWh-I0FU0_5VQVexIiQ==/com.deggen.wallet-4frpswP5fDkRcJ2rX1HkPQ==/base.apk!/lib/arm64-v8a/libhermes.so using ns clns-5 from class loader (caller=/data/app/~~nnVEWh-I0FU0_5VQVexIiQ==/com.deggen.wallet-4frpswP5fDkRcJ2rX1HkPQ==/base.apk!classes20.dex): ok
04-23 13:24:39.457   904  1281 D SensorHub: SPRD[726]processTypeEvent::DBG_VERBOSE[Accelerometer Sensor (WAKE_UP)] bias_x=[0.928335] bias_y=[1.776208] bias_z=[9.558772]
04-23 13:24:39.492 27392 27392 D nativeloader: Load /data/app/~~nnVEWh-I0FU0_5VQVexIiQ==/com.deggen.wallet-4frpswP5fDkRcJ2rX1HkPQ==/base.apk!/lib/arm64-v8a/libreactnative.so using ns clns-5 from class loader (caller=/data/app/~~nnVEWh-I0FU0_5VQVexIiQ==/com.deggen.wallet-4frpswP5fDkRcJ2rX1HkPQ==/base.apk!classes20.dex): ok
04-23 13:24:39.493 27392 27392 D jni_lib_merge: Entering merged library JNI_OnLoad.
04-23 13:24:39.493 27392 27392 D jni_lib_merge: Preparing 12 pre-merged libs (including stub)
04-23 13:24:39.493 27392 27392 D jni_lib_merge: Preparing to register libfabricjni_so.  onload_func: 0x7cef84bb30
04-23 13:24:39.493 27392 27392 D jni_lib_merge: Preparing to register libmapbufferjni_so.  onload_func: 0x7cef92760c
04-23 13:24:39.493 27392 27392 D jni_lib_merge: Preparing to register libreact_devsupportjni_so.  onload_func: 0x7cefa7891c
04-23 13:24:39.493 27392 27392 D jni_lib_merge: Preparing to register libreact_featureflagsjni_so.  onload_func: 0x7cefa84b6c
04-23 13:24:39.493 27392 27392 D jni_lib_merge: Preparing to register libreact_newarchdefaults_so.  onload_func: 0x7cefaf55b0
04-23 13:24:39.493 27392 27392 D jni_lib_merge: Preparing to register libreactnativeblob_so.  onload_func: 0x7cefcf89fc
04-23 13:24:39.493 27392 27392 D jni_lib_merge: Preparing to register libreactnativejni_so.  onload_func: 0x7cefd54b38
04-23 13:24:39.493 27392 27392 D jni_lib_merge: Preparing to register librninstance_so.  onload_func: 0x7cefda1c90
04-23 13:24:39.493 27392 27392 D jni_lib_merge: Preparing to register libturbomodulejsijni_so.  onload_func: 0x7cefe5c110
04-23 13:24:39.493 27392 27392 D jni_lib_merge: Preparing to register libuimanagerjni_so.  onload_func: 0x7cefe769dc
04-23 13:24:39.493 27392 27392 D jni_lib_merge: Preparing to register libyoga_so.  onload_func: 0x7cefe84bfc
04-23 13:24:39.493 27392 27392 D jni_lib_merge: About to register 11 actual methods.
04-23 13:24:39.495 27392 27392 D nativeloader: Load /data/app/~~nnVEWh-I0FU0_5VQVexIiQ==/com.deggen.wallet-4frpswP5fDkRcJ2rX1HkPQ==/base.apk!/lib/arm64-v8a/libhermestooling.so using ns clns-5 from class loader (caller=/data/app/~~nnVEWh-I0FU0_5VQVexIiQ==/com.deggen.wallet-4frpswP5fDkRcJ2rX1HkPQ==/base.apk!classes20.dex): ok
04-23 13:24:39.495 27392 27392 D jni_lib_merge: Entering merged library JNI_OnLoad.
04-23 13:24:39.495 27392 27392 D jni_lib_merge: Preparing 4 pre-merged libs (including stub)
04-23 13:24:39.495 27392 27392 D jni_lib_merge: Preparing to register libhermes_executor_so.  onload_func: 0x7d668f3e88
04-23 13:24:39.495 27392 27392 D jni_lib_merge: Preparing to register libhermesinstancejni_so.  onload_func: 0x7d669275c0
04-23 13:24:39.495 27392 27392 D jni_lib_merge: Preparing to register libjsijniprofiler_so.  onload_func: 0x7d66929778
04-23 13:24:39.495 27392 27392 D jni_lib_merge: About to register 3 actual methods.
04-23 13:24:39.498 27392 27392 W SoLoader: SoLoader already initialized
04-23 13:24:39.605 27392 27392 D SensorManager: registerListenerImpl sensor = {Sensor name="Accelerometer Sensor", vendor="Sprd Group Ltd.", version=1, type=1, maxRange=78.4532, resolution=0.0023942017, power=0.17, minDelay=5000}, delayUs = 66667, latencyUs = 0, listener = com.facebook.react.common.ShakeDetector@d5a0ac9
04-23 13:24:39.639   904  1281 D SensorHub: SPRD[734]processTypeEvent::DBG_VERBOSE[Light Sensor] lux = [1069.872681]
04-23 13:24:39.684   911   911 D vendor.unisoc.hardware.power-service: Enter getSceneIdByName: sceneName:com.deggen.wallet
04-23 13:24:39.686 27392 27462 D TrafficStats: tagSocket(93) with statsTag=0xffffffff, statsUid=-1
04-23 13:24:39.686 27392 27464 D TrafficStats: tagSocket(94) with statsTag=0xffffffff, statsUid=-1
04-23 13:24:39.686 27392 27463 D TrafficStats: tagSocket(95) with statsTag=0xffffffff, statsUid=-1
04-23 13:24:39.690 27392 27463 W unknown:ReconnectingWebSocket: Couldn't connect to "ws://localhost:8081/message?device=moto%20e13%20-%2013%20-%20API%2033&app=com.deggen.wallet&clientid=BridgeDevSupportManager", will silently retry
04-23 13:24:39.690 27392 27462 W unknown:ReactNative: The packager does not seem to be running as we got an IOException requesting its status: Failed to connect to localhost/127.0.0.1:8081
04-23 13:24:39.698   904  1281 D SensorHub: SPRD[726]processTypeEvent::DBG_VERBOSE[Accelerometer Sensor] bias_x=[0.947476] bias_y=[1.737926] bias_z=[9.520491]
04-23 13:24:39.706 13942 15225 D CoreBackPreview: Window{ba2f2fe u0 com.deggen.wallet/com.deggen.wallet.MainActivity}: Setting back callback OnBackInvokedCallbackInfo{mCallback=android.window.IOnBackInvokedCallback$Stub$Proxy@9a8cac, mPriority=0}
04-23 13:24:39.707 13942 15225 D PreforkProcessScene: execution function name:schedStartPreForkedProcesses
04-23 13:24:39.707 13942 15225 D PreforkProcessScene: schedStartPreForkedProcesses
04-23 13:24:39.708 27392 27392 I Choreographer: Skipped 41 frames!  The application may be doing too much work on its main thread.
04-23 13:24:39.709 27392 27392 W unknown:ReactNative: Packager connection already open, nooping.
04-23 13:24:39.715   897   897 I DPUModule: DpuR5P0::checkLayerFormat <142>: checkLayerFormat: Format(1)
04-23 13:24:39.715   897   897 I DPUModule: DpuR5P0::checkTransform <35>: checkTransform: Transform(0), SRCRect(0,0)
04-23 13:24:39.715   897   897 I DPUModule: DpuR5P0::checkAFBCBlockSize <97>: checkAFBCBlockSize: compressed(1),format(1), pitch(720), vstride(1600)
04-23 13:24:39.715   897   897 I DPUModule: DpuR5P0::checkLayerFormat <142>: checkLayerFormat: Format(1)
04-23 13:24:39.715   897   897 I DPUModule: DpuR5P0::checkTransform <35>: checkTransform: Transform(0), SRCRect(0,0)
04-23 13:24:39.715   897   897 I DPUModule: DpuR5P0::checkAFBCBlockSize <97>: checkAFBCBlockSize: compressed(1),format(1), pitch(720), vstride(48)
04-23 13:24:39.715   897   897 I DPUModule: DpuR5P0::checkLayerFormat <142>: checkLayerFormat: Format(1)
04-23 13:24:39.715   897   897 I DPUModule: DpuR5P0::checkTransform <35>: checkTransform: Transform(0), SRCRect(0,0)
04-23 13:24:39.715   897   897 I DPUModule: DpuR5P0::checkAFBCBlockSize <97>: checkAFBCBlockSize: compressed(1),format(1), pitch(720), vstride(96)
04-23 13:24:39.715   897   897 I DPUModule: DpuR5P0::checkLayerFormat <142>: checkLayerFormat: Format(1)
04-23 13:24:39.715   897   897 I DPUModule: DpuR5P0::checkTransform <35>: checkTransform: Transform(0), SRCRect(0,0)
04-23 13:24:39.715   897   897 I DPUModule: DpuR5P0::checkAFBCBlockSize <97>: checkAFBCBlockSize: compressed(1),format(1), pitch(720), vstride(48)
04-23 13:24:39.715   897   897 I DPUModule: DpuR5P0::checkLayerFormat <142>: checkLayerFormat: Format(1)
04-23 13:24:39.715   897   897 I DPUModule: DpuR5P0::checkTransform <35>: checkTransform: Transform(0), SRCRect(0,0)
04-23 13:24:39.715   897   897 I DPUModule: DpuR5P0::checkAFBCBlockSize <97>: checkAFBCBlockSize: compressed(1),format(1), pitch(720), vstride(48)
04-23 13:24:39.715   897   897 D DPUModule: [] support: 0
04-23 13:24:39.717   951   993 I mali_gralloc: unregister: id=0x37f000020a3, base=0x0, importpid=951
04-23 13:24:39.723 13942 13972 D SSense  : windowsChanged
04-23 13:24:39.735   897   897 I DPUModule: DpuR5P0::checkLayerFormat <142>: checkLayerFormat: Format(1)
04-23 13:24:39.735   897   897 I DPUModule: DpuR5P0::checkTransform <35>: checkTransform: Transform(0), SRCRect(0,0)
04-23 13:24:39.735   897   897 I DPUModule: DpuR5P0::checkAFBCBlockSize <97>: checkAFBCBlockSize: compressed(1),format(1), pitch(720), vstride(1600)
04-23 13:24:39.735   897   897 I DPUModule: DpuR5P0::checkLayerFormat <142>: checkLayerFormat: Format(1)
04-23 13:24:39.735   897   897 I DPUModule: DpuR5P0::checkTransform <35>: checkTransform: Transform(0), SRCRect(0,0)
04-23 13:24:39.735   897   897 I DPUModule: DpuR5P0::checkAFBCBlockSize <97>: checkAFBCBlockSize: compressed(1),format(1), pitch(720), vstride(48)
04-23 13:24:39.735   897   897 I DPUModule: DpuR5P0::checkLayerFormat <142>: checkLayerFormat: Format(1)
04-23 13:24:39.735   897   897 I DPUModule: DpuR5P0::checkTransform <35>: checkTransform: Transform(0), SRCRect(0,0)
04-23 13:24:39.735   897   897 I DPUModule: DpuR5P0::checkAFBCBlockSize <97>: checkAFBCBlockSize: compressed(1),format(1), pitch(720), vstride(96)
04-23 13:24:39.735   897   897 I DPUModule: DpuR5P0::checkLayerFormat <142>: checkLayerFormat: Format(1)
04-23 13:24:39.735   897   897 I DPUModule: DpuR5P0::checkTransform <35>: checkTransform: Transform(0), SRCRect(0,0)
04-23 13:24:39.735   897   897 I DPUModule: DpuR5P0::checkAFBCBlockSize <97>: checkAFBCBlockSize: compressed(1),format(1), pitch(720), vstride(48)
04-23 13:24:39.735   897   897 I DPUModule: DpuR5P0::checkLayerFormat <142>: checkLayerFormat: Format(1)
04-23 13:24:39.735   897   897 I DPUModule: DpuR5P0::checkTransform <35>: checkTransform: Transform(0), SRCRect(0,0)
04-23 13:24:39.735   897   897 I DPUModule: DpuR5P0::checkAFBCBlockSize <97>: checkAFBCBlockSize: compressed(1),format(1), pitch(720), vstride(48)
04-23 13:24:39.735   897   897 D DPUModule: [] support: 0
04-23 13:24:39.766   897   897 I DPUModule: DpuR5P0::checkLayerFormat <142>: checkLayerFormat: Format(1)
04-23 13:24:39.766   897   897 I DPUModule: DpuR5P0::checkTransform <35>: checkTransform: Transform(0), SRCRect(0,0)
04-23 13:24:39.766   897   897 I DPUModule: DpuR5P0::checkAFBCBlockSize <97>: checkAFBCBlockSize: compressed(1),format(1), pitch(720), vstride(1600)
04-23 13:24:39.766   897   897 I DPUModule: DpuR5P0::checkLayerFormat <142>: checkLayerFormat: Format(1)
04-23 13:24:39.766   897   897 I DPUModule: DpuR5P0::checkTransform <35>: checkTransform: Transform(0), SRCRect(0,0)
04-23 13:24:39.766   897   897 I DPUModule: DpuR5P0::checkAFBCBlockSize <97>: checkAFBCBlockSize: compressed(1),format(1), pitch(720), vstride(48)
04-23 13:24:39.766   897   897 I DPUModule: DpuR5P0::checkLayerFormat <142>: checkLayerFormat: Format(1)
04-23 13:24:39.766   897   897 I DPUModule: DpuR5P0::checkTransform <35>: checkTransform: Transform(0), SRCRect(0,0)
04-23 13:24:39.766   897   897 I DPUModule: DpuR5P0::checkAFBCBlockSize <97>: checkAFBCBlockSize: compressed(1),format(1), pitch(720), vstride(96)
04-23 13:24:39.766   897   897 I DPUModule: DpuR5P0::checkLayerFormat <142>: checkLayerFormat: Format(1)
04-23 13:24:39.766   897   897 I DPUModule: DpuR5P0::checkTransform <35>: checkTransform: Transform(0), SRCRect(0,0)
04-23 13:24:39.766   897   897 I DPUModule: DpuR5P0::checkAFBCBlockSize <97>: checkAFBCBlockSize: compressed(1),format(1), pitch(720), vstride(48)
04-23 13:24:39.766   897   897 I DPUModule: DpuR5P0::checkLayerFormat <142>: checkLayerFormat: Format(1)
04-23 13:24:39.766   897   897 I DPUModule: DpuR5P0::checkTransform <35>: checkTransform: Transform(0), SRCRect(0,0)
04-23 13:24:39.766   897   897 I DPUModule: DpuR5P0::checkAFBCBlockSize <97>: checkAFBCBlockSize: compressed(1),format(1), pitch(720), vstride(48)
04-23 13:24:39.766   897   897 D DPUModule: [] support: 0
04-23 13:24:39.814 14211 14420 I BLASTBufferQueue: [VRI[NavigationBar0]#2](f:0,a:3) [graphic] trasaction addTransactionCompletedCallback
04-23 13:24:39.818 14211 20454 I BLASTBufferQueue: [VRI[NavigationBar0]#2](f:0,a:3) [graphic] releaseBufferCallback layer id is bufferId:61035780243465 framenumber:57
04-23 13:24:39.827 14211 14420 I BLASTBufferQueue: [VRI[NavigationBar0]#2](f:0,a:3) [graphic] trasaction addTransactionCompletedCallback
04-23 13:24:39.835 14211 20454 I BLASTBufferQueue: [VRI[NavigationBar0]#2](f:0,a:3) [graphic] releaseBufferCallback layer id is bufferId:61035780243467 framenumber:58
04-23 13:24:39.844 14211 14420 I BLASTBufferQueue: [VRI[NavigationBar0]#2](f:0,a:3) [graphic] trasaction addTransactionCompletedCallback
04-23 13:24:39.851   336   336 I servicemanager: Could not find android.hardware.graphics.allocator.IAllocator/default in the VINTF manifest.
04-23 13:24:39.852 14211 20454 I BLASTBufferQueue: [VRI[NavigationBar0]#2](f:0,a:3) [graphic] releaseBufferCallback layer id is bufferId:61035780243466 framenumber:59
04-23 13:24:39.854   895   924 I mali_gralloc: allocate: id=37f000020b0, hal_format=RGBA8888, mali_format=RGBA8888, afbc=SPLIT, usage=GPU_RW|HWC|BACKBUF, size=720x1600(4680704), stride=720, name=VRI[MainActivity]#0(BLAST Consumer)0
04-23 13:24:39.854 27392 27481 I mali_gralloc: register: id=0x37f000020b0, importpid=-1
04-23 13:24:39.858   895   924 I mali_gralloc: allocate: id=37f000020b1, hal_format=RGBA8888, mali_format=RGBA8888, afbc=SPLIT, usage=GPU_RW|HWC|BACKBUF, size=720x1600(4680704), stride=720, name=VRI[MainActivity]#0(BLAST Consumer)0
04-23 13:24:39.859 27392 27481 I mali_gralloc: register: id=0x37f000020b1, importpid=-1
04-23 13:24:39.863   895   924 I mali_gralloc: allocate: id=37f000020b2, hal_format=RGBA8888, mali_format=RGBA8888, afbc=SPLIT, usage=GPU_RW|HWC|BACKBUF, size=720x1600(4680704), stride=720, name=VRI[MainActivity]#0(BLAST Consumer)0
04-23 13:24:39.864 27392 27481 I mali_gralloc: register: id=0x37f000020b2, importpid=-1
04-23 13:24:39.864 14211 14420 I BLASTBufferQueue: [VRI[NavigationBar0]#2](f:0,a:3) [graphic] trasaction addTransactionCompletedCallback
04-23 13:24:39.868 14211 20454 I BLASTBufferQueue: [VRI[NavigationBar0]#2](f:0,a:3) [graphic] releaseBufferCallback layer id is bufferId:61035780243465 framenumber:60
04-23 13:24:39.877 14211 14420 I BLASTBufferQueue: [VRI[NavigationBar0]#2](f:0,a:3) [graphic] trasaction addTransactionCompletedCallback
04-23 13:24:39.885 14211 20454 I BLASTBufferQueue: [VRI[NavigationBar0]#2](f:0,a:3) [graphic] releaseBufferCallback layer id is bufferId:61035780243467 framenumber:61
04-23 13:24:39.901 14211 14227 I BLASTBufferQueue: [VRI[NavigationBar0]#2](f:0,a:2) [graphic] releaseBufferCallback layer id is bufferId:61035780243466 framenumber:62
04-23 13:24:39.940   904  1281 D SensorHub: SPRD[726]processTypeEvent::DBG_VERBOSE[Accelerometer Sensor] bias_x=[0.947476] bias_y=[1.776208] bias_z=[9.539631]
04-23 13:24:39.945 20803 27405 I FA      : Application backgrounded at: timestamp_millis: 1745411077943
04-23 13:24:39.961   904  1281 D SensorHub: SPRD[734]processTypeEvent::DBG_VERBOSE[Light Sensor] lux = [1065.502808]
04-23 13:24:40.142   904  1281 D SensorHub: SPRD[726]processTypeEvent::DBG_VERBOSE[Accelerometer Sensor] bias_x=[0.928335] bias_y=[1.718785] bias_z=[9.501349]
04-23 13:24:40.230 14644 22362 I FontLog : (REDACTED) Received query %s, URI %s
04-23 13:24:40.233 14644 22362 I FontLog : (REDACTED) Query [%s] resolved to %s
04-23 13:24:40.247 14644 22362 I FontLog : (REDACTED) Fetch %s end status %s
04-23 13:24:40.256 14644 22362 I FontLog : (REDACTED) Pulling font file for id = %d, cache size = %d
04-23 13:24:40.281 14644 22362 I FontLog : (REDACTED) Pulling font file for id = %d, cache size = %d
04-23 13:24:40.284   904  1281 D SensorHub: SPRD[734]processTypeEvent::DBG_VERBOSE[Light Sensor] lux = [1064.046265]
04-23 13:24:40.343 14644 14644 D BoundBrokerSvc: onUnbind: Intent { act=com.google.android.gms.auth.aang.events.services.START dat=chimera-action:/... cmp=com.google.android.gms/.chimera.PersistentApiService }
04-23 13:24:40.383   904  1281 D SensorHub: SPRD[726]processTypeEvent::DBG_VERBOSE[Accelerometer Sensor] bias_x=[0.928335] bias_y=[1.718785] bias_z=[9.501349]
04-23 13:24:40.585   904  1281 D SensorHub: SPRD[726]processTypeEvent::DBG_VERBOSE[Accelerometer Sensor (WAKE_UP)] bias_x=[0.966617] bias_y=[1.757067] bias_z=[9.539631]
04-23 13:24:40.606   904  1281 D SensorHub: SPRD[734]processTypeEvent::DBG_VERBOSE[Light Sensor] lux = [1066.231201]
04-23 13:24:40.709 27392 27469 I ExpoModulesCore:  AppContext was initialized
04-23 13:24:40.777 27392 27469 E unknown:ReactNative: Exception in native call
04-23 13:24:40.777 27392 27469 E unknown:ReactNative: java.lang.RuntimeException: Unable to load script. Make sure you're either running Metro (run 'npx react-native start') or that your bundle 'index.android.bundle' is packaged correctly for release.
04-23 13:24:40.777 27392 27469 E unknown:ReactNative: 	at com.facebook.react.bridge.CatalystInstanceImpl.jniLoadScriptFromAssets(Native Method)
04-23 13:24:40.777 27392 27469 E unknown:ReactNative: 	at com.facebook.react.bridge.CatalystInstanceImpl.loadScriptFromAssets(CatalystInstanceImpl.java:239)
04-23 13:24:40.777 27392 27469 E unknown:ReactNative: 	at com.facebook.react.bridge.JSBundleLoader$1.loadScript(JSBundleLoader.java:27)
04-23 13:24:40.777 27392 27469 E unknown:ReactNative: 	at com.facebook.react.bridge.CatalystInstanceImpl.runJSBundle(CatalystInstanceImpl.java:268)
04-23 13:24:40.777 27392 27469 E unknown:ReactNative: 	at com.facebook.react.ReactInstanceManager.createReactContext(ReactInstanceManager.java:1514)
04-23 13:24:40.777 27392 27469 E unknown:ReactNative: 	at com.facebook.react.ReactInstanceManager.lambda$runCreateReactContextOnNewThread$2(ReactInstanceManager.java:1210)
04-23 13:24:40.777 27392 27469 E unknown:ReactNative: 	at com.facebook.react.ReactInstanceManager.$r8$lambda$PrBhihCbbAFk4ZReAALGanVLCyc(Unknown Source:0)
04-23 13:24:40.777 27392 27469 E unknown:ReactNative: 	at com.facebook.react.ReactInstanceManager$$ExternalSyntheticLambda1.run(D8$$SyntheticClass:0)
04-23 13:24:40.777 27392 27469 E unknown:ReactNative: 	at java.lang.Thread.run(Thread.java:1012)
04-23 13:24:40.800 27392 27392 D CompatibilityChangeReporter: Compat change id reported: 171228096; UID 10211; state: ENABLED
04-23 13:24:40.820 27392 27392 D CompatibilityChangeReporter: Compat change id reported: 210923482; UID 10211; state: ENABLED
04-23 13:24:40.826   904  1281 D SensorHub: SPRD[726]processTypeEvent::DBG_VERBOSE[Accelerometer Sensor] bias_x=[0.947476] bias_y=[1.718785] bias_z=[9.539631]
04-23 13:24:40.853 13942 13973 D WindowManager: Focus not requested, because it has no surface or is not focusable, request window=Window{969e62d u0 com.deggen.wallet/com.deggen.wallet.MainActivity}, mCurrentFocusWindow= ba2f2fe com.deggen.wallet/com.deggen.wallet.MainActivity
04-23 13:24:40.855 13942 15422 D CoreBackPreview: Window{969e62d u0 com.deggen.wallet/com.deggen.wallet.MainActivity}: Setting back callback OnBackInvokedCallbackInfo{mCallback=android.window.IOnBackInvokedCallback$Stub$Proxy@d05494f, mPriority=0}
04-23 13:24:40.864   897   897 I DPUModule: DpuR5P0::checkLayerFormat <142>: checkLayerFormat: Format(1)
04-23 13:24:40.864   897   897 I DPUModule: DpuR5P0::checkTransform <35>: checkTransform: Transform(0), SRCRect(0,0)
04-23 13:24:40.864   897   897 I DPUModule: DpuR5P0::checkAFBCBlockSize <97>: checkAFBCBlockSize: compressed(1),format(1), pitch(720), vstride(1600)
04-23 13:24:40.864   897   897 I DPUModule: DpuR5P0::checkLayerFormat <142>: checkLayerFormat: Format(1)
04-23 13:24:40.864   897   897 I DPUModule: DpuR5P0::checkTransform <35>: checkTransform: Transform(0), SRCRect(0,0)
04-23 13:24:40.864   897   897 I DPUModule: DpuR5P0::checkAFBCBlockSize <97>: checkAFBCBlockSize: compressed(1),format(1), pitch(720), vstride(48)
04-23 13:24:40.864   897   897 I DPUModule: DpuR5P0::checkLayerFormat <142>: checkLayerFormat: Format(1)
04-23 13:24:40.864   897   897 I DPUModule: DpuR5P0::checkTransform <35>: checkTransform: Transform(0), SRCRect(0,0)
04-23 13:24:40.864   897   897 I DPUModule: DpuR5P0::checkAFBCBlockSize <97>: checkAFBCBlockSize: compressed(1),format(1), pitch(720), vstride(96)
04-23 13:24:40.864   897   897 I DPUModule: DpuR5P0::checkLayerFormat <142>: checkLayerFormat: Format(1)
04-23 13:24:40.864   897   897 I DPUModule: DpuR5P0::checkTransform <35>: checkTransform: Transform(0), SRCRect(0,0)
04-23 13:24:40.864   897   897 I DPUModule: DpuR5P0::checkAFBCBlockSize <97>: checkAFBCBlockSize: compressed(1),format(1), pitch(720), vstride(48)
04-23 13:24:40.864   897   897 I DPUModule: DpuR5P0::checkLayerFormat <142>: checkLayerFormat: Format(1)
04-23 13:24:40.864   897   897 I DPUModule: DpuR5P0::checkTransform <35>: checkTransform: Transform(0), SRCRect(0,0)
04-23 13:24:40.864   897   897 I DPUModule: DpuR5P0::checkAFBCBlockSize <97>: checkAFBCBlockSize: compressed(1),format(1), pitch(720), vstride(48)
04-23 13:24:40.864   897   897 D DPUModule: [] support: 0
04-23 13:24:40.882   897   897 I DPUModule: DpuR5P0::checkLayerFormat <142>: checkLayerFormat: Format(1)
04-23 13:24:40.882   897   897 I DPUModule: DpuR5P0::checkTransform <35>: checkTransform: Transform(0), SRCRect(0,0)
04-23 13:24:40.882   897   897 I DPUModule: DpuR5P0::checkAFBCBlockSize <97>: checkAFBCBlockSize: compressed(1),format(1), pitch(720), vstride(1600)
04-23 13:24:40.882   897   897 I DPUModule: DpuR5P0::checkLayerFormat <142>: checkLayerFormat: Format(1)
04-23 13:24:40.882   897   897 I DPUModule: DpuR5P0::checkTransform <35>: checkTransform: Transform(0), SRCRect(0,0)
04-23 13:24:40.882   897   897 I DPUModule: DpuR5P0::checkAFBCBlockSize <97>: checkAFBCBlockSize: compressed(1),format(1), pitch(720), vstride(48)
04-23 13:24:40.882   897   897 I DPUModule: DpuR5P0::checkLayerFormat <142>: checkLayerFormat: Format(1)
04-23 13:24:40.882   897   897 I DPUModule: DpuR5P0::checkTransform <35>: checkTransform: Transform(0), SRCRect(0,0)
04-23 13:24:40.882   897   897 I DPUModule: DpuR5P0::checkAFBCBlockSize <97>: checkAFBCBlockSize: compressed(1),format(1), pitch(720), vstride(96)
04-23 13:24:40.882   897   897 I DPUModule: DpuR5P0::checkLayerFormat <142>: checkLayerFormat: Format(1)
04-23 13:24:40.882   897   897 I DPUModule: DpuR5P0::checkTransform <35>: checkTransform: Transform(0), SRCRect(0,0)
04-23 13:24:40.882   897   897 I DPUModule: DpuR5P0::checkAFBCBlockSize <97>: checkAFBCBlockSize: compressed(1),format(1), pitch(720), vstride(48)
04-23 13:24:40.882   897   897 I DPUModule: DpuR5P0::checkLayerFormat <142>: checkLayerFormat: Format(1)
04-23 13:24:40.882   897   897 I DPUModule: DpuR5P0::checkTransform <35>: checkTransform: Transform(0), SRCRect(0,0)
04-23 13:24:40.882   897   897 I DPUModule: DpuR5P0::checkAFBCBlockSize <97>: checkAFBCBlockSize: compressed(1),format(1), pitch(720), vstride(48)
04-23 13:24:40.882   897   897 D DPUModule: [] support: 0
04-23 13:24:40.888 13942 13972 D SSense  : windowsChanged
04-23 13:24:40.895   895   924 I mali_gralloc: allocate: id=37f000020b3, hal_format=RGBA8888, mali_format=RGBA8888, afbc=SPLIT, usage=GPU_RW|HWC|BACKBUF, size=720x1600(4680704), stride=720, name=VRI[MainActivity]#1(BLAST Consumer)1
04-23 13:24:40.895 27392 27490 I mali_gralloc: register: id=0x37f000020b3, importpid=-1
04-23 13:24:40.899   895   924 I mali_gralloc: allocate: id=37f000020b4, hal_format=RGBA8888, mali_format=RGBA8888, afbc=SPLIT, usage=GPU_RW|HWC|BACKBUF, size=720x1600(4680704), stride=720, name=VRI[MainActivity]#1(BLAST Consumer)1
04-23 13:24:40.899   897   897 I DPUModule: DpuR5P0::checkLayerFormat <142>: checkLayerFormat: Format(1)
04-23 13:24:40.899   897   897 I DPUModule: DpuR5P0::checkTransform <35>: checkTransform: Transform(0), SRCRect(0,0)
04-23 13:24:40.899   897   897 I DPUModule: DpuR5P0::checkAFBCBlockSize <97>: checkAFBCBlockSize: compressed(1),format(1), pitch(720), vstride(1600)
04-23 13:24:40.899   897   897 I DPUModule: DpuR5P0::checkLayerFormat <142>: checkLayerFormat: Format(1)
04-23 13:24:40.899   897   897 I DPUModule: DpuR5P0::checkTransform <35>: checkTransform: Transform(0), SRCRect(0,0)
04-23 13:24:40.899   897   897 I DPUModule: DpuR5P0::checkAFBCBlockSize <97>: checkAFBCBlockSize: compressed(1),format(1), pitch(720), vstride(48)
04-23 13:24:40.899   897   897 I DPUModule: DpuR5P0::checkLayerFormat <142>: checkLayerFormat: Format(1)
04-23 13:24:40.899   897   897 I DPUModule: DpuR5P0::checkTransform <35>: checkTransform: Transform(0), SRCRect(0,0)
04-23 13:24:40.899   897   897 I DPUModule: DpuR5P0::checkAFBCBlockSize <97>: checkAFBCBlockSize: compressed(1),format(1), pitch(720), vstride(96)
04-23 13:24:40.899   897   897 I DPUModule: DpuR5P0::checkLayerFormat <142>: checkLayerFormat: Format(1)
04-23 13:24:40.899   897   897 I DPUModule: DpuR5P0::checkTransform <35>: checkTransform: Transform(0), SRCRect(0,0)
04-23 13:24:40.899   897   897 I DPUModule: DpuR5P0::checkAFBCBlockSize <97>: checkAFBCBlockSize: compressed(1),format(1), pitch(720), vstride(48)
04-23 13:24:40.899   897   897 I DPUModule: DpuR5P0::checkLayerFormat <142>: checkLayerFormat: Format(1)
04-23 13:24:40.899   897   897 I DPUModule: DpuR5P0::checkTransform <35>: checkTransform: Transform(0), SRCRect(0,0)
04-23 13:24:40.899   897   897 I DPUModule: DpuR5P0::checkAFBCBlockSize <97>: checkAFBCBlockSize: compressed(1),format(1), pitch(720), vstride(48)
04-23 13:24:40.899   897   897 D DPUModule: [] support: 0
04-23 13:24:40.899 27392 27490 I mali_gralloc: register: id=0x37f000020b4, importpid=-1
04-23 13:24:40.907   895   924 I mali_gralloc: allocate: id=37f000020b5, hal_format=RGBA8888, mali_format=RGBA8888, afbc=SPLIT, usage=GPU_RW|HWC|BACKBUF, size=720x1600(4680704), stride=720, name=VRI[MainActivity]#1(BLAST Consumer)1
04-23 13:24:40.907 27392 27490 I mali_gralloc: register: id=0x37f000020b5, importpid=-1
04-23 13:24:40.928   904  1281 D SensorHub: SPRD[734]processTypeEvent::DBG_VERBOSE[Light Sensor] lux = [1066.959473]
04-23 13:24:40.949 27333 27333 V ContactsProvider: Scheduled notifyChange started.
04-23 13:24:41.068   904  1281 D SensorHub: SPRD[726]processTypeEvent::DBG_VERBOSE[Accelerometer Sensor] bias_x=[0.966617] bias_y=[1.737926] bias_z=[9.539631]
04-23 13:24:41.250   904  1281 D SensorHub: SPRD[734]processTypeEvent::DBG_VERBOSE[Light Sensor] lux = [1064.774536]
04-23 13:24:41.269   904  1281 D SensorHub: SPRD[726]processTypeEvent::DBG_VERBOSE[Accelerometer Sensor] bias_x=[0.947476] bias_y=[1.737926] bias_z=[9.520491]
04-23 13:24:41.391   951   990 I mali_gralloc: register: id=0x37f000020b5, importpid=27392
04-23 13:24:41.393 27392 27452 W Parcel  : Expecting binder but got null!
04-23 13:24:41.396 27392 27392 I Choreographer: Skipped 32 frames!  The application may be doing too much work on its main thread.
04-23 13:24:41.398   897   897 I DPUModule: DpuR5P0::checkLayerFormat <142>: checkLayerFormat: Format(1)
04-23 13:24:41.398   897   897 I DPUModule: DpuR5P0::checkTransform <35>: checkTransform: Transform(0), SRCRect(0,0)
04-23 13:24:41.398   897   897 I DPUModule: DpuR5P0::checkAFBCBlockSize <97>: checkAFBCBlockSize: compressed(1),format(1), pitch(720), vstride(1600)
04-23 13:24:41.398   897   897 I DPUModule: DpuR5P0::checkLayerFormat <142>: checkLayerFormat: Format(1)
04-23 13:24:41.398   897   897 I DPUModule: DpuR5P0::checkTransform <35>: checkTransform: Transform(0), SRCRect(0,0)
04-23 13:24:41.398   897   897 I DPUModule: DpuR5P0::checkAFBCBlockSize <97>: checkAFBCBlockSize: compressed(1),format(1), pitch(720), vstride(48)
04-23 13:24:41.398   897   897 I DPUModule: DpuR5P0::checkLayerFormat <142>: checkLayerFormat: Format(1)
04-23 13:24:41.398   897   897 I DPUModule: DpuR5P0::checkTransform <35>: checkTransform: Transform(0), SRCRect(0,0)
04-23 13:24:41.398   897   897 I DPUModule: DpuR5P0::checkAFBCBlockSize <97>: checkAFBCBlockSize: compressed(1),format(1), pitch(720), vstride(96)
04-23 13:24:41.398   897   897 I DPUModule: DpuR5P0::checkLayerFormat <142>: checkLayerFormat: Format(1)
04-23 13:24:41.398   897   897 I DPUModule: DpuR5P0::checkTransform <35>: checkTransform: Transform(0), SRCRect(0,0)
04-23 13:24:41.398   897   897 I DPUModule: DpuR5P0::checkAFBCBlockSize <97>: checkAFBCBlockSize: compressed(1),format(1), pitch(720), vstride(48)
04-23 13:24:41.398   897   897 I DPUModule: DpuR5P0::checkLayerFormat <142>: checkLayerFormat: Format(1)
04-23 13:24:41.398   897   897 I DPUModule: DpuR5P0::checkTransform <35>: checkTransform: Transform(0), SRCRect(0,0)
04-23 13:24:41.398   897   897 I DPUModule: DpuR5P0::checkAFBCBlockSize <97>: checkAFBCBlockSize: compressed(1),format(1), pitch(720), vstride(48)
04-23 13:24:41.398   897   897 D DPUModule: [] support: 0
04-23 13:24:41.401   951   989 I mali_gralloc: register: id=0x37f000020b4, importpid=27392
04-23 13:24:41.415   897   897 I DPUModule: DpuR5P0::checkLayerFormat <142>: checkLayerFormat: Format(1)
04-23 13:24:41.415   897   897 I DPUModule: DpuR5P0::checkTransform <35>: checkTransform: Transform(0), SRCRect(0,0)
04-23 13:24:41.415   897   897 I DPUModule: DpuR5P0::checkAFBCBlockSize <97>: checkAFBCBlockSize: compressed(1),format(1), pitch(720), vstride(1600)
04-23 13:24:41.415   897   897 I DPUModule: DpuR5P0::checkLayerFormat <142>: checkLayerFormat: Format(1)
04-23 13:24:41.415   897   897 I DPUModule: DpuR5P0::checkTransform <35>: checkTransform: Transform(0), SRCRect(0,0)
04-23 13:24:41.415   897   897 I DPUModule: DpuR5P0::checkAFBCBlockSize <97>: checkAFBCBlockSize: compressed(1),format(1), pitch(720), vstride(48)
04-23 13:24:41.415   897   897 I DPUModule: DpuR5P0::checkLayerFormat <142>: checkLayerFormat: Format(1)
04-23 13:24:41.415   897   897 I DPUModule: DpuR5P0::checkTransform <35>: checkTransform: Transform(0), SRCRect(0,0)
04-23 13:24:41.415   897   897 I DPUModule: DpuR5P0::checkAFBCBlockSize <97>: checkAFBCBlockSize: compressed(1),format(1), pitch(720), vstride(96)
04-23 13:24:41.415   897   897 I DPUModule: DpuR5P0::checkLayerFormat <142>: checkLayerFormat: Format(1)
04-23 13:24:41.415   897   897 I DPUModule: DpuR5P0::checkTransform <35>: checkTransform: Transform(0), SRCRect(0,0)
04-23 13:24:41.415   897   897 I DPUModule: DpuR5P0::checkAFBCBlockSize <97>: checkAFBCBlockSize: compressed(1),format(1), pitch(720), vstride(48)
04-23 13:24:41.415   897   897 I DPUModule: DpuR5P0::checkLayerFormat <142>: checkLayerFormat: Format(1)
04-23 13:24:41.415   897   897 I DPUModule: DpuR5P0::checkTransform <35>: checkTransform: Transform(0), SRCRect(0,0)
04-23 13:24:41.415   897   897 I DPUModule: DpuR5P0::checkAFBCBlockSize <97>: checkAFBCBlockSize: compressed(1),format(1), pitch(720), vstride(48)
04-23 13:24:41.415   897   897 D DPUModule: [] support: 0
04-23 13:24:41.511   904  1281 D SensorHub: SPRD[726]processTypeEvent::DBG_VERBOSE[Accelerometer Sensor] bias_x=[0.928335] bias_y=[1.699644] bias_z=[9.558772]
04-23 13:24:41.573   904  1281 D SensorHub: SPRD[734]processTypeEvent::DBG_VERBOSE[Light Sensor] lux = [1066.231201]
04-23 13:24:41.703 27392 27463 D TrafficStats: tagSocket(127) with statsTag=0xffffffff, statsUid=-1
04-23 13:24:41.713   904  1281 D SensorHub: SPRD[726]processTypeEvent::DBG_VERBOSE[Accelerometer Sensor (WAKE_UP)] bias_x=[0.909194] bias_y=[1.757067] bias_z=[9.501349]
04-23 13:24:41.752 27392 27464 D TrafficStats: tagSocket(127) with statsTag=0xffffffff, statsUid=-1
04-23 13:24:41.763 27392 27392 I ReactNativeJNI: Error occurred, shutting down websocket connection: WebSocket exception Failed to connect to localhost/127.0.0.1:8081
04-23 13:24:41.895   904  1281 D SensorHub: SPRD[734]processTypeEvent::DBG_VERBOSE[Light Sensor] lux = [1060.404785]
04-23 13:24:41.954   904  1281 D SensorHub: SPRD[726]processTypeEvent::DBG_VERBOSE[Accelerometer Sensor] bias_x=[0.928335] bias_y=[1.757067] bias_z=[9.482208]
04-23 13:24:42.196   904  1281 D SensorHub: SPRD[726]processTypeEvent::DBG_VERBOSE[Accelerometer Sensor] bias_x=[0.890053] bias_y=[1.737926] bias_z=[9.482208]
04-23 13:24:42.217   904  1281 D SensorHub: SPRD[734]processTypeEvent::DBG_VERBOSE[Light Sensor] lux = [1066.231201]
04-23 13:24:42.397   904  1281 D SensorHub: SPRD[726]processTypeEvent::DBG_VERBOSE[Accelerometer Sensor] bias_x=[0.928335] bias_y=[1.737926] bias_z=[9.501349]
04-23 13:24:42.484   951   989 I mali_gralloc: register: id=0x37f000020b3, importpid=27392
04-23 13:24:42.540   904  1281 D SensorHub: SPRD[734]processTypeEvent::DBG_VERBOSE[Light Sensor] lux = [1056.763306]
04-23 13:24:42.547   907   907 D enhanceHAL: sunlightRead: current ambient = 1056
04-23 13:24:42.639   904  1281 D SensorHub: SPRD[726]processTypeEvent::DBG_VERBOSE[Accelerometer Sensor] bias_x=[0.870912] bias_y=[1.776208] bias_z=[9.539631]
04-23 13:24:42.841   904  1281 D SensorHub: SPRD[726]processTypeEvent::DBG_VERBOSE[Accelerometer Sensor (WAKE_UP)] bias_x=[0.928335] bias_y=[1.757067] bias_z=[9.539631]
04-23 13:24:42.862   904  1281 D SensorHub: SPRD[734]processTypeEvent::DBG_VERBOSE[Light Sensor] lux = [1061.133057]
04-23 13:24:43.082   904  1281 D SensorHub: SPRD[726]processTypeEvent::DBG_VERBOSE[Accelerometer Sensor] bias_x=[0.985758] bias_y=[1.699644] bias_z=[9.482208]
04-23 13:24:43.184   904  1281 D SensorHub: SPRD[734]processTypeEvent::DBG_VERBOSE[Light Sensor] lux = [1060.404785]
04-23 13:24:43.324   904  1281 D SensorHub: SPRD[726]processTypeEvent::DBG_VERBOSE[Accelerometer Sensor] bias_x=[0.966617] bias_y=[1.757067] bias_z=[9.539631]
04-23 13:24:43.506   904  1281 D SensorHub: SPRD[734]processTypeEvent::DBG_VERBOSE[Light Sensor] lux = [1057.491577]
04-23 13:24:43.525   904  1281 D SensorHub: SPRD[726]processTypeEvent::DBG_VERBOSE[Accelerometer Sensor] bias_x=[0.966617] bias_y=[1.757067] bias_z=[9.520491]
04-23 13:24:43.717 27392 27463 D TrafficStats: tagSocket(127) with statsTag=0xffffffff, statsUid=-1
04-23 13:24:43.767   904  1281 D SensorHub: SPRD[726]processTypeEvent::DBG_VERBOSE[Accelerometer Sensor] bias_x=[0.928335] bias_y=[1.718785] bias_z=[9.520491]
04-23 13:24:43.785 27392 27464 D TrafficStats: tagSocket(127) with statsTag=0xffffffff, statsUid=-1
04-23 13:24:43.795 27392 27392 I ReactNativeJNI: Error occurred, shutting down websocket connection: WebSocket exception Failed to connect to localhost/127.0.0.1:8081
04-23 13:24:43.829   904  1281 D SensorHub: SPRD[734]processTypeEvent::DBG_VERBOSE[Light Sensor] lux = [1058.219849]
04-23 13:24:43.957 13942 14038 D BroadcastQueue: Add broadcast <BroadcastRecord{f3db49d u0 android.os.action.POWER_SAVE_TEMP_WHITELIST_CHANGED}> into [parallel | background], pending size 0
04-23 13:24:43.958 13942 13989 D BroadcastQueue: Done with parallel broadcast [background] [BroadcastRecord{f3db49d u0 android.os.action.POWER_SAVE_TEMP_WHITELIST_CHANGED}]
04-23 13:24:43.969   904  1281 D SensorHub: SPRD[726]processTypeEvent::DBG_VERBOSE[Accelerometer Sensor (WAKE_UP)] bias_x=[1.004899] bias_y=[1.757067] bias_z=[9.501349]
04-23 13:24:44.009 13942 14016 D PackageManager: Package verification : verificationId = 4, streaming is false
04-23 13:24:44.019 15111 27100 I gle.android.gms: Explicit concurrent mark compact GC freed 2645KB AllocSpace bytes, 2(104KB) LOS objects, 50% free, 20MB/41MB, paused 693us,2.323ms total 237.217ms
04-23 13:24:44.151   904  1281 D SensorHub: SPRD[734]processTypeEvent::DBG_VERBOSE[Light Sensor] lux = [1056.763306]
04-23 13:24:44.210   904  1281 D SensorHub: SPRD[726]processTypeEvent::DBG_VERBOSE[Accelerometer Sensor] bias_x=[0.909194] bias_y=[1.737926] bias_z=[9.501349]
04-23 13:24:44.237 27502 27502 D ip_monitor-1064: fe80::bad5:26ff:fe2d:cee0 dev wlan0 lladdr b8:d5:26:2d:ce:e0 router STALE
04-23 13:24:44.452   904  1281 D SensorHub: SPRD[726]processTypeEvent::DBG_VERBOSE[Accelerometer Sensor] bias_x=[0.928335] bias_y=[1.757067] bias_z=[9.539631]
04-23 13:24:44.473   904  1281 D SensorHub: SPRD[734]processTypeEvent::DBG_VERBOSE[Light Sensor] lux = [1061.133057]
04-23 13:24:44.653   904  1281 D SensorHub: SPRD[726]processTypeEvent::DBG_VERBOSE[Accelerometer Sensor] bias_x=[0.909194] bias_y=[1.795349] bias_z=[9.539631]
04-23 13:24:44.795   904  1281 D SensorHub: SPRD[734]processTypeEvent::DBG_VERBOSE[Light Sensor] lux = [1059.676514]
04-23 13:24:44.895   904  1281 D SensorHub: SPRD[726]processTypeEvent::DBG_VERBOSE[Accelerometer Sensor] bias_x=[0.947476] bias_y=[1.757067] bias_z=[9.501349]
04-23 13:24:45.096   904  1281 D SensorHub: SPRD[726]processTypeEvent::DBG_VERBOSE[Accelerometer Sensor (WAKE_UP)] bias_x=[0.947476] bias_y=[1.718785] bias_z=[9.539631]
04-23 13:24:45.118   904  1281 D SensorHub: SPRD[734]processTypeEvent::DBG_VERBOSE[Light Sensor] lux = [1054.578369]
04-23 13:24:45.338   904  1281 D SensorHub: SPRD[726]processTypeEvent::DBG_VERBOSE[Accelerometer Sensor] bias_x=[0.890053] bias_y=[1.776208] bias_z=[9.501349]
04-23 13:24:45.366 27410 27429 D ApplicationPackageManager: hasSystemFeature:name=android.hardware.type.watch version=0 getOpPackageName=com.google.android.contacts hasSystemFeature=false
04-23 13:24:45.367 27410 27429 D ApplicationPackageManager: hasSystemFeature:name=android.software.leanback version=0 getOpPackageName=com.google.android.contacts hasSystemFeature=false
04-23 13:24:45.367 27410 27429 D ApplicationPackageManager: hasSystemFeature:name=android.hardware.type.automotive version=0 getOpPackageName=com.google.android.contacts hasSystemFeature=false
04-23 13:24:45.439 27410 27440 I PhClient: Shared storage file not found for com.google.android.gms.clearcut_client#com.google.android.contacts
04-23 13:24:45.440   904  1281 D SensorHub: SPRD[734]processTypeEvent::DBG_VERBOSE[Light Sensor] lux = [1056.763306]
04-23 13:24:45.499 27392 27505 D ProfileInstaller: Installing profile for com.deggen.wallet
04-23 13:24:45.580   904  1281 D SensorHub: SPRD[726]processTypeEvent::DBG_VERBOSE[Accelerometer Sensor] bias_x=[0.966617] bias_y=[1.737926] bias_z=[9.482208]
04-23 13:24:45.732 27392 27463 D TrafficStats: tagSocket(127) with statsTag=0xffffffff, statsUid=-1
04-23 13:24:45.762   904  1281 D SensorHub: SPRD[734]processTypeEvent::DBG_VERBOSE[Light Sensor] lux = [1059.676514]
04-23 13:24:45.781   904  1281 D SensorHub: SPRD[726]processTypeEvent::DBG_VERBOSE[Accelerometer Sensor] bias_x=[0.947476] bias_y=[1.737926] bias_z=[9.558772]
04-23 13:24:45.815 27392 27464 D TrafficStats: tagSocket(127) with statsTag=0xffffffff, statsUid=-1
04-23 13:24:45.826 27392 27392 I ReactNativeJNI: Error occurred, shutting down websocket connection: WebSocket exception Failed to connect to localhost/127.0.0.1:8081
04-23 13:24:46.023   904  1281 D SensorHub: SPRD[726]processTypeEvent::DBG_VERBOSE[Accelerometer Sensor] bias_x=[0.890053] bias_y=[1.737926] bias_z=[9.539631]
04-23 13:24:46.084   904  1281 D SensorHub: SPRD[734]processTypeEvent::DBG_VERBOSE[Light Sensor] lux = [1056.763306]
04-23 13:24:46.224   904  1281 D SensorHub: SPRD[726]processTypeEvent::DBG_VERBOSE[Accelerometer Sensor (WAKE_UP)] bias_x=[0.985758] bias_y=[1.757067] bias_z=[9.558772]
04-23 13:24:46.407   904  1281 D SensorHub: SPRD[734]processTypeEvent::DBG_VERBOSE[Light Sensor] lux = [1048.023682]
04-23 13:24:46.466   904  1281 D SensorHub: SPRD[726]processTypeEvent::DBG_VERBOSE[Accelerometer Sensor] bias_x=[0.947476] bias_y=[1.737926] bias_z=[9.577913]
04-23 13:24:46.532 15111 15111 D BoundBrokerSvc: onUnbind: Intent { act=com.google.android.gms.auth.key.retrieval.service.START dat=chimera-action:/... cmp=com.google.android.gms/.chimera.GmsApiService }
04-23 13:24:46.535 15111 15111 D BoundBrokerSvc: onUnbind: Intent { act=com.google.android.gms.auth.blockstore.service.START dat=chimera-action:/... cmp=com.google.android.gms/.chimera.GmsApiService }
04-23 13:24:46.708   904  1281 D SensorHub: SPRD[726]processTypeEvent::DBG_VERBOSE[Accelerometer Sensor] bias_x=[0.947476] bias_y=[1.757067] bias_z=[9.539631]
04-23 13:24:46.729   904  1281 D SensorHub: SPRD[734]processTypeEvent::DBG_VERBOSE[Light Sensor] lux = [1050.936890]
04-23 13:24:46.778 27507 27507 D ip_monitor-1064: 192.168.1.1 dev wlan0 lladdr b8:d5:26:2d:ce:e0 STALE
04-23 13:24:46.909   904  1281 D SensorHub: SPRD[726]processTypeEvent::DBG_VERBOSE[Accelerometer Sensor] bias_x=[0.947476] bias_y=[1.737926] bias_z=[9.558772]
04-23 13:24:47.051   904  1281 D SensorHub: SPRD[734]processTypeEvent::DBG_VERBOSE[Light Sensor] lux = [1039.284058]
04-23 13:24:47.151   904  1281 D SensorHub: SPRD[726]processTypeEvent::DBG_VERBOSE[Accelerometer Sensor] bias_x=[0.966617] bias_y=[1.757067] bias_z=[9.520491]
04-23 13:24:47.213   907   907 D enhanceHAL: sunlightRead: current ambient = 1050
04-23 13:24:47.352   904  1281 D SensorHub: SPRD[726]processTypeEvent::DBG_VERBOSE[Accelerometer Sensor (WAKE_UP)] bias_x=[0.928335] bias_y=[1.757067] bias_z=[9.539631]
04-23 13:24:47.373   904  1281 D SensorHub: SPRD[734]processTypeEvent::DBG_VERBOSE[Light Sensor] lux = [1050.208618]
04-23 13:24:47.418 13942 14312 D SSense  : onFpsChanged: fps:0.0
04-23 13:24:47.594   904  1281 D SensorHub: SPRD[726]processTypeEvent::DBG_VERBOSE[Accelerometer Sensor] bias_x=[0.928335] bias_y=[1.776208] bias_z=[9.539631]
04-23 13:24:47.674 13942 13972 W ActivityTaskManager: Launch timeout has expired, giving up wake lock!
04-23 13:24:47.696   904  1281 D SensorHub: SPRD[734]processTypeEvent::DBG_VERBOSE[Light Sensor] lux = [1050.208618]
04-23 13:24:47.747 27392 27463 D TrafficStats: tagSocket(127) with statsTag=0xffffffff, statsUid=-1
04-23 13:24:47.836   904  1281 D SensorHub: SPRD[726]processTypeEvent::DBG_VERBOSE[Accelerometer Sensor] bias_x=[0.928335] bias_y=[1.757067] bias_z=[9.520491]
04-23 13:24:47.846 27392 27464 D TrafficStats: tagSocket(127) with statsTag=0xffffffff, statsUid=-1
04-23 13:24:47.858 27392 27392 I ReactNativeJNI: Error occurred, shutting down websocket connection: WebSocket exception Failed to connect to localhost/127.0.0.1:8081
04-23 13:24:47.864   911   911 D PowerHAL: ###Exit launch scene bgn###
04-23 13:24:47.864   911   911 D PowerHAL: Enter common_set: enable:0, duration: 0, /sys/devices/system/cpu/cpufreq/policy0/scaling_min_freq: 1820000
04-23 13:24:47.864   911   911 D PowerHAL: Enter common_clear: 
04-23 13:24:47.865   911   911 D PowerHAL: Enter common_set: enable:0, duration: 0, /sys/devices/system/cpu/cpufreq/policy0/scaling_max_freq: 1820000
04-23 13:24:47.865   911   911 D PowerHAL: Enter common_clear: 
04-23 13:24:47.865   911   911 D PowerHAL: Enter common_set: enable:0, duration: 0, /sys/devices/system/cpu/cpufreq/policy6/scaling_min_freq: 2028000
04-23 13:24:47.865   911   911 D PowerHAL: Enter common_clear: 
04-23 13:24:47.865   911   911 D PowerHAL: Enter common_set: enable:0, duration: 0, /sys/devices/system/cpu/cpufreq/policy6/scaling_max_freq: 2028000
04-23 13:24:47.865   911   911 D PowerHAL: Enter common_clear: 
04-23 13:24:47.865   911   911 D PowerHAL: Enter devfreq_ddr_set: enable:0, duration: 0, /sys/class/devfreq/scene-frequency/sprd-governor/scene_boost_dfs: max
04-23 13:24:47.866   911   911 D PowerHAL: Enter common_subsys_set: enable:0, duration: 0, subsys:uclamp: conf_3:4
04-23 13:24:47.866   911   911 D PowerHAL: Enter common_subsys_clear: uclamp
04-23 13:24:47.867 13942 13997 D AppOps  : RECORD_AUDIO-evalMode-op:27 ,mode: 4 ,capability: 8
04-23 13:24:47.868 13942 13997 D AppOps  : RECORD_AUDIO-evalMode-op:27 ,mode: 4 ,capability: 8
04-23 13:24:47.868 13942 13997 D AppOps  : RECORD_AUDIO-evalMode-op:27 ,mode: 4 ,capability: 8
04-23 13:24:47.868 13942 13997 D AppOps  : RECORD_AUDIO-evalMode-op:27 ,mode: 4 ,capability: 8
04-23 13:24:47.869 13942 13997 D AppOps  : CAMERAR-evalMode-op:26 ,mode: 4 ,capability: 8
04-23 13:24:47.869 13942 13997 D AppOps  : CAMERAR-evalMode-op:26 ,mode: 4 ,capability: 8
04-23 13:24:47.870   911   911 D PowerHAL: ###Exit launch scene end###
04-23 13:24:47.870 13942 13997 D AppOps  : CAMERAR-evalMode-op:26 ,mode: 4 ,capability: 8
04-23 13:24:47.870 13942 13997 D AppOps  : CAMERAR-evalMode-op:26 ,mode: 4 ,capability: 8
04-23 13:24:47.913 13942 15633 W JobScheduler: Job didn't exist in JobStore: 2bbd83e #u0a121/7 com.google.android.contacts/com.google.android.apps.contacts.shortcut.ShortcutJobService
04-23 13:24:47.918 27410 27436 I Cp2UpdateWorker: cp2 update detected. notifying listeners
04-23 13:24:47.930 27410 27436 I SingleContactWidgetApiI: Refreshing all widgets: []
04-23 13:24:47.944   897   897 I DPUModule: DpuR5P0::checkLayerFormat <142>: checkLayerFormat: Format(1)
04-23 13:24:47.944   897   897 I DPUModule: DpuR5P0::checkTransform <35>: checkTransform: Transform(0), SRCRect(0,0)
04-23 13:24:47.944   897   897 I DPUModule: DpuR5P0::checkAFBCBlockSize <97>: checkAFBCBlockSize: compressed(1),format(1), pitch(720), vstride(1600)
04-23 13:24:47.944   897   897 I DPUModule: DpuR5P0::checkLayerFormat <142>: checkLayerFormat: Format(1)
04-23 13:24:47.944   897   897 I DPUModule: DpuR5P0::checkTransform <35>: checkTransform: Transform(0), SRCRect(0,0)
04-23 13:24:47.944   897   897 I DPUModule: DpuR5P0::checkAFBCBlockSize <97>: checkAFBCBlockSize: compressed(1),format(1), pitch(720), vstride(48)
04-23 13:24:47.944   897   897 I DPUModule: DpuR5P0::checkLayerFormat <142>: checkLayerFormat: Format(1)
04-23 13:24:47.944   897   897 I DPUModule: DpuR5P0::checkTransform <35>: checkTransform: Transform(0), SRCRect(0,0)
04-23 13:24:47.944   897   897 I DPUModule: DpuR5P0::checkAFBCBlockSize <97>: checkAFBCBlockSize: compressed(1),format(1), pitch(720), vstride(96)
04-23 13:24:47.944   897   897 I DPUModule: DpuR5P0::checkLayerFormat <142>: checkLayerFormat: Format(1)
04-23 13:24:47.944   897   897 I DPUModule: DpuR5P0::checkTransform <35>: checkTransform: Transform(0), SRCRect(0,0)
04-23 13:24:47.944   897   897 I DPUModule: DpuR5P0::checkAFBCBlockSize <97>: checkAFBCBlockSize: compressed(1),format(1), pitch(720), vstride(48)
04-23 13:24:47.944   897   897 I DPUModule: DpuR5P0::checkLayerFormat <142>: checkLayerFormat: Format(1)
04-23 13:24:47.944   897   897 I DPUModule: DpuR5P0::checkTransform <35>: checkTransform: Transform(0), SRCRect(0,0)
04-23 13:24:47.944   897   897 I DPUModule: DpuR5P0::checkAFBCBlockSize <97>: checkAFBCBlockSize: compressed(1),format(1), pitch(720), vstride(48)
04-23 13:24:47.944   897   897 D DPUModule: [] support: 0
04-23 13:24:47.946   951   993 I mali_gralloc: unregister: id=0x37f000020a2, base=0x0, importpid=951
04-23 13:24:47.977 15111 15116 W gle.android.gms: Suspending all threads took: 8.265ms
04-23 13:24:48.018   904  1281 D SensorHub: SPRD[734]processTypeEvent::DBG_VERBOSE[Light Sensor] lux = [1055.306641]
04-23 13:24:48.037   904  1281 D SensorHub: SPRD[726]processTypeEvent::DBG_VERBOSE[Accelerometer Sensor] bias_x=[0.928335] bias_y=[1.776208] bias_z=[9.501349]
04-23 13:24:48.112 27410 27512 D StrictMode: StrictMode policy violation: android.os.strictmode.DiskReadViolation
04-23 13:24:48.112 27410 27512 D StrictMode: 	at android.os.StrictMode$AndroidBlockGuardPolicy.onReadFromDisk(StrictMode.java:1658)
04-23 13:24:48.112 27410 27512 D StrictMode: 	at android.database.sqlite.SQLiteConnection.applyBlockGuardPolicy(SQLiteConnection.java:1220)
04-23 13:24:48.112 27410 27512 D StrictMode: 	at android.database.sqlite.SQLiteConnection.executeForCursorWindow(SQLiteConnection.java:1021)
04-23 13:24:48.112 27410 27512 D StrictMode: 	at android.database.sqlite.SQLiteSession.executeForCursorWindow(SQLiteSession.java:838)
04-23 13:24:48.112 27410 27512 D StrictMode: 	at android.database.sqlite.SQLiteQuery.fillWindow(SQLiteQuery.java:62)
04-23 13:24:48.112 27410 27512 D StrictMode: 	at android.database.sqlite.SQLiteCursor.fillWindow(SQLiteCursor.java:145)
04-23 13:24:48.112 27410 27512 D StrictMode: 	at android.database.sqlite.SQLiteCursor.getCount(SQLiteCursor.java:132)
04-23 13:24:48.112 27410 27512 D StrictMode: 	at com.android.providers.contacts.ContactsProvider2.query(ContactsProvider2.java:6220)
04-23 13:24:48.112 27410 27512 D StrictMode: 	at android.content.ContentProvider.query(ContentProvider.java:1552)
04-23 13:24:48.112 27410 27512 D StrictMode: 	at android.content.ContentProvider$Transport.query(ContentProvider.java:286)
04-23 13:24:48.112 27410 27512 D StrictMode: 	at android.content.ContentProviderNative.onTransact(ContentProviderNative.java:107)
04-23 13:24:48.112 27410 27512 D StrictMode: 	at android.os.Binder.execTransactInternal(Binder.java:1286)
04-23 13:24:48.112 27410 27512 D StrictMode: 	at android.os.Binder.execTransact(Binder.java:1244)
04-23 13:24:48.112 27410 27512 D StrictMode: # via Binder call with stack:
04-23 13:24:48.112 27410 27512 D StrictMode: 	at android.os.StrictMode.readAndHandleBinderCallViolations(StrictMode.java:2496)
